Microchip MPLAB XC8 Compiler V2.20

Linker command line:

-W-3 --edf=D:\Programs\MPLABx\xc8\v2.20\pic\dat\en_msgs.txt -cn \
  -h+dist/default/debug\ESD_PnP_1.X.debug.sym \
  --cmf=dist/default/debug\ESD_PnP_1.X.debug.cmf -z -Q18F452 \
  -oC:\Users\alle9\AppData\Local\Temp\s11oo.2 --defsym=__MPLAB_BUILD=1 \
  -Mdist/default/debug/ESD_PnP_1.X.debug.map -E1 -ver=XC8 Compiler \
  --acfsm=1493 -ASTACK=01F7h-05FFh -pstack=STACK -ACODE=00h-03FFFhx2 \
  -ACONST=00h-07FFFh -ASMALLCONST=0600h-06FFhx122 \
  -AMEDIUMCONST=0600h-07FFFh -ACOMRAM=01h-07Fh -AABS1=00h-05FFh \
  -ABIGRAM=01h-05FFh -ARAM=080h-0FFh,0100h-01FFhx5 -ABANK0=080h-0FFh \
  -ABANK1=0100h-01FFh -ABANK2=0200h-02FFh -ABANK3=0300h-03FFh \
  -ABANK4=0400h-04FFh -ABANK5=0500h-05FFh -ASFR=0F80h-0FFFh \
  -ACONFIG=0300000h-030000Dh -AIDLOC=0200000h-0200007h \
  -preset_vec=00h,intcode=08h,intcodelo,powerup,init -pramtop=0600h \
  -psmallconst=SMALLCONST -pmediumconst=MEDIUMCONST -pconst=CONST \
  -AFARRAM=00h-00h -AEEDATA=0F00000h-0F000FFh -peeprom_data=EEDATA \
  -prdata=COMRAM,nvrram=COMRAM,nvbit=COMRAM,rbss=COMRAM,rbit=COMRAM \
  -pfarbss=FARRAM,fardata=FARRAM,nvFARRAM=FARRAM \
  -pintsave_regs=BIGRAM,bigbss=BIGRAM,bigdata=BIGRAM -pbss=RAM \
  -pidata=CODE,irdata=CODE,ibigdata=CODE,ifardata=CODE -prparam=COMRAM \
  C:\Users\alle9\AppData\Local\Temp\s11oo.o \
  dist/default/debug\ESD_PnP_1.X.debug.o 

Object code version is 3.11

Machine type is 18F452



                Name                               Link     Load   Length Selector   Space Scale
C:\Users\alle9\AppData\Local\Temp\s11oo.o
                idloc                            200000   200000        8        0       5
                config                           300000   300000        E        0       4
                text                               2616     2616        2     128B       0
                init                                1A4      1A4        4        4       0
                reset_vec                             0        0        6        0       0
dist/default/debug\ESD_PnP_1.X.debug.o
                intcode                               8        8      19C        4       0
                idloc                            200000   200000        8        0       5
                config                           300000   300000        E        0       4
                temp                                 6D       6D        1        1       1
                smallconst                          600      600       12      300       0
                text52                             2326     2326       4E     102A       0
                text51                             1E40     1E40      11C      309       0
                text50                             24F4     24F4       12     102A       0
                text49                             260E     260E        8     128B       0
                text48                             2606     2606        8     128B       0
                text47                             255C     255C        E     128B       0
                text46                             25D4     25D4        A     128B       0
                text45                             25CA     25CA        A     128B       0
                text44                             25C0     25C0        A     128B       0
                text43                             25FE     25FE        8     128B       0
                text42                             254E     254E        E     128B       0
                text41                             182E     182E      17C      309       0
                text39                             2540     2540        E     128B       0
                text38                             2532     2532        E     128B       0
                text37                             25B6     25B6        A     128B       0
                text36                             24CE     24CE       14     102A       0
                text35                             212E     212E       C4     102A       0
                text34                             2582     2582        C     128B       0
                text33                              A44      A44      3C6      309       0
                text32                             2424     2424       2C     102A       0
                text31                             23F8     23F8       2C     102A       0
                text30                              612      612      432      309       0
                text29                             19AA     19AA      136      309       0
                text28                             1310     1310      1F8      309       0
                text27                             2054     2054       DA     102A       0
                text26                             25AC     25AC        A     128B       0
                text25                             25A2     25A2        A     128B       0
                text24                             2576     2576        C     128B       0
                text23                             2598     2598        A     128B       0
                text22                             25F6     25F6        8     128B       0
                text21                             1AE0     1AE0      124      309       0
                text20                             256A     256A        C     128B       0
                text19                             1C04     1C04      120      309       0
                text18                              E0A      E0A      300      309       0
                text17                             2524     2524        E     128B       0
                text16                             2476     2476       26     102A       0
                text15                             2450     2450       26     102A       0
                text14                             23BC     23BC       3C     102A       0
                text13                             25EE     25EE        8     128B       0
                text12                             25E6     25E6        8     128B       0
                text11                             25DE     25DE        8     128B       0
                text10                             258E     258E        A     128B       0
                text9                              110A     110A      206      309       0
                text8                              2278     2278       60     102A       0
                text7                              22D8     22D8       4E     102A       0
                text6                              1D24     1D24      11C      309       0
                text5                              16B2     16B2      17C      309       0
                text4                              24E2     24E2       12     102A       0
                text3                              2516     2516        E     128B       0
                text2                              24BA     24BA       14     102A       0
                text1                              249C     249C       1E     102A       0
                text0                              1508     1508      1AA      309       0
                cstackCOMRAM                          1        1       42        1       1
                cstackBANK0                          ED       ED       11       80       1
                dataBANK1                           100      100       F7      100       1
                dataBANK0                            80       80       48       80       1
                bssBANK0                             C8       C8       25       80       1
                dataCOMRAM                           5E       5E        F        1       1
                bssCOMRAM                            43       43       1B        1       1
                cinit                              21F2     21F2       86     102A       0
                idataBANK1                         1F5C     1F5C       F7      309       0
                idataBANK0                         2374     2374       48     102A       0
                idataCOMRAM                        2506     2506        F     102A       0

TOTAL           Name                               Link     Load   Length     Space
        CLASS   STACK          

        CLASS   CODE           
                intcode                               8        8      19C         0
                text                               2616     2616        2         0
                init                                1A4      1A4        4         0
                reset_vec                             0        0        6         0
                text52                             2326     2326       4E         0
                text51                             1E40     1E40      11C         0
                text50                             24F4     24F4       12         0
                text49                             260E     260E        8         0
                text48                             2606     2606        8         0
                text47                             255C     255C        E         0
                text46                             25D4     25D4        A         0
                text45                             25CA     25CA        A         0
                text44                             25C0     25C0        A         0
                text43                             25FE     25FE        8         0
                text42                             254E     254E        E         0
                text41                             182E     182E      17C         0
                text39                             2540     2540        E         0
                text38                             2532     2532        E         0
                text37                             25B6     25B6        A         0
                text36                             24CE     24CE       14         0
                text35                             212E     212E       C4         0
                text34                             2582     2582        C         0
                text33                              A44      A44      3C6         0
                text32                             2424     2424       2C         0
                text31                             23F8     23F8       2C         0
                text30                              612      612      432         0
                text29                             19AA     19AA      136         0
                text28                             1310     1310      1F8         0
                text27                             2054     2054       DA         0
                text26                             25AC     25AC        A         0
                text25                             25A2     25A2        A         0
                text24                             2576     2576        C         0
                text23                             2598     2598        A         0
                text22                             25F6     25F6        8         0
                text21                             1AE0     1AE0      124         0
                text20                             256A     256A        C         0
                text19                             1C04     1C04      120         0
                text18                              E0A      E0A      300         0
                text17                             2524     2524        E         0
                text16                             2476     2476       26         0
                text15                             2450     2450       26         0
                text14                             23BC     23BC       3C         0
                text13                             25EE     25EE        8         0
                text12                             25E6     25E6        8         0
                text11                             25DE     25DE        8         0
                text10                             258E     258E        A         0
                text9                              110A     110A      206         0
                text8                              2278     2278       60         0
                text7                              22D8     22D8       4E         0
                text6                              1D24     1D24      11C         0
                text5                              16B2     16B2      17C         0
                text4                              24E2     24E2       12         0
                text3                              2516     2516        E         0
                text2                              24BA     24BA       14         0
                text1                              249C     249C       1E         0
                text0                              1508     1508      1AA         0
                cinit                              21F2     21F2       86         0
                idataBANK1                         1F5C     1F5C       F7         0
                idataBANK0                         2374     2374       48         0
                idataCOMRAM                        2506     2506        F         0

        CLASS   CONST          

        CLASS   SMALLCONST     
                smallconst                          600      600       12         0

        CLASS   MEDIUMCONST    

        CLASS   COMRAM         
                temp                                 6D       6D        1         1
                cstackCOMRAM                          1        1       42         1
                dataCOMRAM                           5E       5E        F         1
                bssCOMRAM                            43       43       1B         1

        CLASS   ABS1           

        CLASS   BIGRAM         

        CLASS   RAM            

        CLASS   BANK0          
                cstackBANK0                          ED       ED       11         1
                dataBANK0                            80       80       48         1
                bssBANK0                             C8       C8       25         1

        CLASS   BANK1          
                dataBANK1                           100      100       F7         1

        CLASS   BANK2          

        CLASS   BANK3          

        CLASS   BANK4          

        CLASS   BANK5          

        CLASS   SFR            

        CLASS   CONFIG         
                config                           300000   300000        E         4

        CLASS   IDLOC          
                idloc                            200000   200000        8         5

        CLASS   FARRAM         

        CLASS   EEDATA         



SEGMENTS        Name                           Load    Length   Top    Selector   Space  Class

                reset_vec                      000000  000006  000006         0       0  CODE    
                cstackCOMRAM                   000001  00006D  00006E         1       1  COMRAM  
                intcode                        000008  0001A0  0001A8         4       0  CODE    
                dataBANK0                      000080  00007E  0000FE        80       1  BANK0   
                dataBANK1                      000100  0000F7  0001F7       100       1  BANK1   
                smallconst                     000600  000012  000612       300       0  SMALLCON
                text30                         000612  001A41  002053       309       0  CODE    
                text27                         002054  0004C1  002515      102A       0  CODE    
                text3                          002516  000102  002618      128B       0  CODE    


UNUSED ADDRESS RANGES

        Name                Unused          Largest block    Delta
        BANK0            0000FE-0000FF                2
        BANK1            0001F7-0001FF                9
        BANK2            000200-0002FF              100
        BANK3            000300-0003FF              100
        BANK4            000400-0004FF              100
        BANK5            000500-0005FF              100
        BIGRAM           00006E-00007F               12
                         0000FE-0000FF                2
                         0001F7-0005FF              409
        CODE             000006-000007                2
                         0001A8-0005FF              458
                         002053-002053                1
                         002515-002515                1
                         002618-007FFF             19E8
        COMRAM           00006E-00007F               12
        CONST            000006-000007                2
                         0001A8-0005FF              458
                         002053-002053                1
                         002515-002515                1
                         002618-007FFF             59E8
        EEDATA           F00000-F000FF              100
        MEDIUMCONST      002053-002053                1
                         002515-002515                1
                         002618-007FFF             59E8
        RAM              0000FE-0000FF                2
                         0001F7-0005FF              100
        SFR              000F80-000FFF               80
        SMALLCONST       002053-002053                1
                         002515-002515                1
                         002618-007FFF              100
        STACK            0001F7-0005FF              409

                                  Symbol Table

?___fldiv                                                cstackCOMRAM 000020
?___fltol                                                cstackCOMRAM 000039
?___xxtofl                                               cstackCOMRAM 000012
?_getData                                                cstackCOMRAM 000012
?_getNewSequence                                         cstackCOMRAM 000012
?_retPeriod                                              cstackCOMRAM 000001
?_returnTherm                                            cstackCOMRAM 000012
?_returnTouch                                            cstackCOMRAM 000012
?_stepCounter                                            cstackCOMRAM 000012
?_stepMade                                               cstackCOMRAM 000012
_ADCON0bits                                              (abs)        000FC2
_ADCON1bits                                              (abs)        000FC1
_ADC_res                                                 bssCOMRAM    00004A
_ADRESH                                                  (abs)        000FC4
_ADRESL                                                  (abs)        000FC3
_INTCONbits                                              (abs)        000FF2
_IPR1bits                                                (abs)        000F9F
_LATA                                                    (abs)        000F89
_LATAbits                                                (abs)        000F89
_LATB                                                    (abs)        000F8A
_LATBbits                                                (abs)        000F8A
_LATC                                                    (abs)        000F8B
_LATCbits                                                (abs)        000F8B
_LATD                                                    (abs)        000F8C
_LATDbits                                                (abs)        000F8C
_PIE1bits                                                (abs)        000F9D
_PIR1bits                                                (abs)        000F9E
_PORTDbits                                               (abs)        000F83
_PORTEbits                                               (abs)        000F84
_RCONbits                                                (abs)        000FD0
_RCREG1                                                  (abs)        000FAE
_RCSTA1bits                                              (abs)        000FAB
_RCSTAbits                                               (abs)        000FAB
_SPBRG                                                   (abs)        000FAF
_T0CONbits                                               (abs)        000FD5
_T1CONbits                                               (abs)        000FCD
_T2CONbits                                               (abs)        000FCA
_TMR0                                                    (abs)        000FD6
_TMR2                                                    (abs)        000FCC
_TRISA                                                   (abs)        000F92
_TRISB                                                   (abs)        000F93
_TRISC                                                   (abs)        000F94
_TRISCbits                                               (abs)        000F94
_TRISD                                                   (abs)        000F95
_TRISDbits                                               (abs)        000F95
_TRISEbits                                               (abs)        000F96
_TXREG                                                   (abs)        000FAD
_TXSTAbits                                               (abs)        000FAC
__HRAM                                                   (abs)        000000
__Habs1                                                  abs1         000000
__Hbank0                                                 bank0        000000
__Hbank1                                                 bank1        000000
__Hbank2                                                 bank2        000000
__Hbank3                                                 bank3        000000
__Hbank4                                                 bank4        000000
__Hbank5                                                 bank5        000000
__Hbigbss                                                bigbss       000000
__Hbigdata                                               bigdata      000000
__Hbigram                                                bigram       000000
__Hbss                                                   bss          000000
__HbssBANK0                                              bssBANK0     000000
__HbssCOMRAM                                             bssCOMRAM    000000
__Hcinit                                                 cinit        000000
__Hclrtext                                               clrtext      000000
__Hcomram                                                comram       000000
__Hconfig                                                config       30000E
__Hconst                                                 const        000000
__HcstackBANK0                                           cstackBANK0  000000
__HcstackCOMRAM                                          cstackCOMRAM 000000
__Hdata                                                  data         000000
__HdataBANK0                                             dataBANK0    000000
__HdataBANK1                                             dataBANK1    000000
__HdataCOMRAM                                            dataCOMRAM   000000
__Heeprom_data                                           eeprom_data  000000
__Hfarbss                                                farbss       000000
__Hfardata                                               fardata      000000
__Hibigdata                                              ibigdata     000000
__Hidata                                                 idata        000000
__HidataBANK0                                            idataBANK0   000000
__HidataBANK1                                            idataBANK1   000000
__HidataCOMRAM                                           idataCOMRAM  000000
__Hidloc                                                 idloc        200008
__Hifardata                                              ifardata     000000
__Hinit                                                  init         0001A8
__Hintcode                                               intcode      0001A4
__Hintcode_body                                          intcode_body 000000
__Hintcodelo                                             intcodelo    0001A4
__Hintentry                                              intentry     000000
__Hintret                                                intret       000000
__Hintsave_regs                                          intsave_regs 000000
__Hirdata                                                irdata       000000
__Hmediumconst                                           mediumconst  000000
__HnvFARRAM                                              nvFARRAM     000000
__Hnvbit                                                 nvbit        000000
__Hnvrram                                                nvrram       000000
__Hparam                                                 rparam       000000
__Hpowerup                                               powerup      0001A4
__Hram                                                   ram          000000
__Hramtop                                                ramtop       000600
__Hrbit                                                  rbit         000000
__Hrbss                                                  rbss         000000
__Hrdata                                                 rdata        000000
__Hreset_vec                                             reset_vec    000006
__Hrparam                                                rparam       000000
__Hsfr                                                   sfr          000000
__Hsmallconst                                            smallconst   000612
__Hspace_0                                               (abs)        002618
__Hspace_1                                               (abs)        0001F7
__Hspace_2                                               (abs)        000000
__Hspace_4                                               (abs)        60000E
__Hstack                                                 stack        000000
__Hstruct                                                struct       000000
__Htemp                                                  temp         00006E
__Htext                                                  text         000000
__Htext0                                                 text0        000000
__Htext1                                                 text1        000000
__Htext10                                                text10       000000
__Htext11                                                text11       000000
__Htext12                                                text12       000000
__Htext13                                                text13       000000
__Htext14                                                text14       000000
__Htext15                                                text15       000000
__Htext16                                                text16       000000
__Htext17                                                text17       000000
__Htext18                                                text18       000000
__Htext19                                                text19       000000
__Htext2                                                 text2        000000
__Htext20                                                text20       000000
__Htext21                                                text21       000000
__Htext22                                                text22       000000
__Htext23                                                text23       000000
__Htext24                                                text24       000000
__Htext25                                                text25       000000
__Htext26                                                text26       000000
__Htext27                                                text27       000000
__Htext28                                                text28       000000
__Htext29                                                text29       000000
__Htext3                                                 text3        000000
__Htext30                                                text30       000000
__Htext31                                                text31       000000
__Htext32                                                text32       000000
__Htext33                                                text33       000000
__Htext34                                                text34       000000
__Htext35                                                text35       000000
__Htext36                                                text36       000000
__Htext37                                                text37       000000
__Htext38                                                text38       000000
__Htext39                                                text39       000000
__Htext4                                                 text4        000000
__Htext41                                                text41       000000
__Htext42                                                text42       000000
__Htext43                                                text43       000000
__Htext44                                                text44       000000
__Htext45                                                text45       000000
__Htext46                                                text46       000000
__Htext47                                                text47       000000
__Htext48                                                text48       000000
__Htext49                                                text49       000000
__Htext5                                                 text5        000000
__Htext50                                                text50       000000
__Htext51                                                text51       000000
__Htext52                                                text52       000000
__Htext6                                                 text6        000000
__Htext7                                                 text7        000000
__Htext8                                                 text8        000000
__Htext9                                                 text9        000000
__LRAM                                                   (abs)        000001
__Labs1                                                  abs1         000000
__Lbank0                                                 bank0        000000
__Lbank1                                                 bank1        000000
__Lbank2                                                 bank2        000000
__Lbank3                                                 bank3        000000
__Lbank4                                                 bank4        000000
__Lbank5                                                 bank5        000000
__Lbigbss                                                bigbss       000000
__Lbigdata                                               bigdata      000000
__Lbigram                                                bigram       000000
__Lbss                                                   bss          000000
__LbssBANK0                                              bssBANK0     000000
__LbssCOMRAM                                             bssCOMRAM    000000
__Lcinit                                                 cinit        000000
__Lclrtext                                               clrtext      000000
__Lcomram                                                comram       000000
__Lconfig                                                config       000000
__Lconst                                                 const        000000
__LcstackBANK0                                           cstackBANK0  000000
__LcstackCOMRAM                                          cstackCOMRAM 000000
__Ldata                                                  data         000000
__LdataBANK0                                             dataBANK0    000000
__LdataBANK1                                             dataBANK1    000000
__LdataCOMRAM                                            dataCOMRAM   000000
__Leeprom_data                                           eeprom_data  000000
__Lfarbss                                                farbss       000000
__Lfardata                                               fardata      000000
__Libigdata                                              ibigdata     000000
__Lidata                                                 idata        000000
__LidataBANK0                                            idataBANK0   000000
__LidataBANK1                                            idataBANK1   000000
__LidataCOMRAM                                           idataCOMRAM  000000
__Lidloc                                                 idloc        000000
__Lifardata                                              ifardata     000000
__Linit                                                  init         0001A4
__Lintcode                                               intcode      000008
__Lintcode_body                                          intcode_body 000000
__Lintcodelo                                             intcodelo    0001A4
__Lintentry                                              intentry     000000
__Lintret                                                intret       000000
__Lintsave_regs                                          intsave_regs 000000
__Lirdata                                                irdata       000000
__Lmediumconst                                           mediumconst  000000
__LnvFARRAM                                              nvFARRAM     000000
__Lnvbit                                                 nvbit        000000
__Lnvrram                                                nvrram       000000
__Lparam                                                 rparam       000000
__Lpowerup                                               powerup      0001A4
__Lram                                                   ram          000000
__Lramtop                                                ramtop       000600
__Lrbit                                                  rbit         000000
__Lrbss                                                  rbss         000000
__Lrdata                                                 rdata        000000
__Lreset_vec                                             reset_vec    000000
__Lrparam                                                rparam       000000
__Lsfr                                                   sfr          000000
__Lsmallconst                                            smallconst   000600
__Lspace_0                                               (abs)        000000
__Lspace_1                                               (abs)        000000
__Lspace_2                                               (abs)        000000
__Lspace_4                                               (abs)        000000
__Lstack                                                 stack        000000
__Lstruct                                                struct       000000
__Ltemp                                                  temp         00006D
__Ltext                                                  text         000000
__Ltext0                                                 text0        000000
__Ltext1                                                 text1        000000
__Ltext10                                                text10       000000
__Ltext11                                                text11       000000
__Ltext12                                                text12       000000
__Ltext13                                                text13       000000
__Ltext14                                                text14       000000
__Ltext15                                                text15       000000
__Ltext16                                                text16       000000
__Ltext17                                                text17       000000
__Ltext18                                                text18       000000
__Ltext19                                                text19       000000
__Ltext2                                                 text2        000000
__Ltext20                                                text20       000000
__Ltext21                                                text21       000000
__Ltext22                                                text22       000000
__Ltext23                                                text23       000000
__Ltext24                                                text24       000000
__Ltext25                                                text25       000000
__Ltext26                                                text26       000000
__Ltext27                                                text27       000000
__Ltext28                                                text28       000000
__Ltext29                                                text29       000000
__Ltext3                                                 text3        000000
__Ltext30                                                text30       000000
__Ltext31                                                text31       000000
__Ltext32                                                text32       000000
__Ltext33                                                text33       000000
__Ltext34                                                text34       000000
__Ltext35                                                text35       000000
__Ltext36                                                text36       000000
__Ltext37                                                text37       000000
__Ltext38                                                text38       000000
__Ltext39                                                text39       000000
__Ltext4                                                 text4        000000
__Ltext41                                                text41       000000
__Ltext42                                                text42       000000
__Ltext43                                                text43       000000
__Ltext44                                                text44       000000
__Ltext45                                                text45       000000
__Ltext46                                                text46       000000
__Ltext47                                                text47       000000
__Ltext48                                                text48       000000
__Ltext49                                                text49       000000
__Ltext5                                                 text5        000000
__Ltext50                                                text50       000000
__Ltext51                                                text51       000000
__Ltext52                                                text52       000000
__Ltext6                                                 text6        000000
__Ltext7                                                 text7        000000
__Ltext8                                                 text8        000000
__Ltext9                                                 text9        000000
__S0                                                     (abs)        002618
__S1                                                     (abs)        0001F7
__S2                                                     (abs)        000000
__S4                                                     (abs)        000000
__S5                                                     (abs)        000000
___fldiv                                                 text30       000612
___fldiv@a                                               cstackCOMRAM 000024
___fldiv@aexp                                            cstackCOMRAM 000038
___fldiv@b                                               cstackCOMRAM 000020
___fldiv@bexp                                            cstackCOMRAM 000037
___fldiv@grs                                             cstackCOMRAM 000033
___fldiv@new_exp                                         cstackCOMRAM 000031
___fldiv@rem                                             cstackCOMRAM 00002C
___fldiv@sign                                            cstackCOMRAM 000030
___fltol                                                 text29       0019AA
___fltol@exp1                                            cstackCOMRAM 000042
___fltol@f1                                              cstackCOMRAM 000039
___fltol@sign1                                           cstackCOMRAM 000041
___inthi_sp                                              stack        000000
___intlo_sp                                              stack        000000
___param_bank                                            (abs)        000000
___rparam_used                                           (abs)        000001
___sp                                                    stack        000000
___xxtofl                                                text28       001310
___xxtofl@arg                                            cstackCOMRAM 00001C
___xxtofl@exp                                            cstackCOMRAM 00001B
___xxtofl@sign                                           cstackCOMRAM 00001A
___xxtofl@val                                            cstackCOMRAM 000012
__accesstop                                              (abs)        000080
__activetblptr                                           (abs)        000002
__cntErrataNOP_C:\Users\alle9\AppData\Local\Temp\s11oo.o (abs)        000001
__cntErrataNOP_dist/default/debug\ESD_PnP_1.X.debug.o    (abs)        0001F3
__end_of___fldiv                                         text30       000A44
__end_of___fltol                                         text29       001AE0
__end_of___xxtofl                                        text28       001508
__end_of__initialization                                 cinit        00226A
__end_of_abortAll                                        text50       002506
__end_of_clearTM0                                        text39       00254E
__end_of_executeData                                     text18       00110A
__end_of_fatalError                                      text49       002616
__end_of_feeder1Pos                                      smallconst   00060F
__end_of_feeder2Pos                                      smallconst   00060D
__end_of_feeder3Pos                                      smallconst   00060B
__end_of_getData                                         text38       002540
__end_of_getNewSequence                                  text17       002532
__end_of_increaseStep                                    text48       00260E
__end_of_initADC                                         text16       00249C
__end_of_initPinMotors                                   text15       002476
__end_of_interruptInit                                   text14       0023F8
__end_of_isr                                             intcode      0001A4
__end_of_liftArm                                         text35       0021F2
__end_of_main                                            text0        0016B2
__end_of_maxFeedX                                        smallconst   000611
__end_of_maxFeedY                                        smallconst   000610
__end_of_moveToPoint                                     text33       000E0A
__end_of_newSequence                                     text13       0025F6
__end_of_pickObject                                      text32       002450
__end_of_printError                                      text6        001E40
__end_of_readSeq                                         text12       0025EE
__end_of_reduceSeq                                       text11       0025E6
__end_of_releaseObj                                      text31       002424
__end_of_resetNewSequence                                text10       002598
__end_of_resetPosition                                   text9        001310
__end_of_resetStep                                       text37       0025C0
__end_of_resetTherm                                      text26       0025B6
__end_of_resetTouch                                      text25       0025AC
__end_of_retPeriod                                       text47       00256A
__end_of_returnTherm                                     text20       002576
__end_of_returnTouch                                     text24       002582
__end_of_rotateObj                                       text27       00212E
__end_of_setThermRel                                     text46       0025DE
__end_of_setTouchRel                                     text45       0025D4
__end_of_shiftData                                       text8        0022D8
__end_of_startADC                                        text23       0025A2
__end_of_stepCounter                                     text34       00258E
__end_of_stepMade                                        text36       0024E2
__end_of_stopADC                                         text22       0025FE
__end_of_storeData                                       text5        00182E
__end_of_therm_pressure                                  smallconst   000607
__end_of_tim0Init                                        text4        0024F4
__end_of_tim1Init                                        text3        002524
__end_of_tim2Init                                        text2        0024CE
__end_of_toggleStep                                      text44       0025CA
__end_of_touchObject                                     text21       001C04
__end_of_touchTherm                                      text19       001D24
__end_of_touch_pressure                                  smallconst   000609
__end_of_uartTx                                          text7        002326
__end_of_usartInit                                       text1        0024BA
__end_of_whatsTM0Limit                                   text43       002606
__end_of_writeTM0                                        text42       00255C
__end_ofi2_printError                                    text51       001F5C
__end_ofi2_storeData                                     text41       0019AA
__end_ofi2_uartTx                                        text52       002374
__end_ofrotateObj@stepAngle                              smallconst   000605
__fatalError                                             bssCOMRAM    000057
__initialization                                         cinit        0021F2
__mediumconst                                            mediumconst  000000
__newSequence                                            bssCOMRAM    000056
__pbssBANK0                                              bssBANK0     0000C8
__pbssCOMRAM                                             bssCOMRAM    000043
__pcinit                                                 cinit        0021F2
__pcstackBANK0                                           cstackBANK0  0000ED
__pcstackCOMRAM                                          cstackCOMRAM 000001
__pdataBANK0                                             dataBANK0    000080
__pdataBANK1                                             dataBANK1    000100
__pdataCOMRAM                                            dataCOMRAM   00005E
__pidataBANK0                                            idataBANK0   002374
__pidataBANK1                                            idataBANK1   001F5C
__pidataCOMRAM                                           idataCOMRAM  002506
__pintcode                                               intcode      000008
__psmallconst                                            smallconst   000600
__ptext0                                                 text0        001508
__ptext1                                                 text1        00249C
__ptext10                                                text10       00258E
__ptext11                                                text11       0025DE
__ptext12                                                text12       0025E6
__ptext13                                                text13       0025EE
__ptext14                                                text14       0023BC
__ptext15                                                text15       002450
__ptext16                                                text16       002476
__ptext17                                                text17       002524
__ptext18                                                text18       000E0A
__ptext19                                                text19       001C04
__ptext2                                                 text2        0024BA
__ptext20                                                text20       00256A
__ptext21                                                text21       001AE0
__ptext22                                                text22       0025F6
__ptext23                                                text23       002598
__ptext24                                                text24       002576
__ptext25                                                text25       0025A2
__ptext26                                                text26       0025AC
__ptext27                                                text27       002054
__ptext28                                                text28       001310
__ptext29                                                text29       0019AA
__ptext3                                                 text3        002516
__ptext30                                                text30       000612
__ptext31                                                text31       0023F8
__ptext32                                                text32       002424
__ptext33                                                text33       000A44
__ptext34                                                text34       002582
__ptext35                                                text35       00212E
__ptext36                                                text36       0024CE
__ptext37                                                text37       0025B6
__ptext38                                                text38       002532
__ptext39                                                text39       002540
__ptext4                                                 text4        0024E2
__ptext41                                                text41       00182E
__ptext42                                                text42       00254E
__ptext43                                                text43       0025FE
__ptext44                                                text44       0025C0
__ptext45                                                text45       0025CA
__ptext46                                                text46       0025D4
__ptext47                                                text47       00255C
__ptext48                                                text48       002606
__ptext49                                                text49       00260E
__ptext5                                                 text5        0016B2
__ptext50                                                text50       0024F4
__ptext51                                                text51       001E40
__ptext52                                                text52       002326
__ptext6                                                 text6        001D24
__ptext7                                                 text7        0022D8
__ptext8                                                 text8        002278
__ptext9                                                 text9        00110A
__ramtop                                                 ramtop       000600
__size_of___fldiv                                        (abs)        000000
__size_of___fltol                                        (abs)        000000
__size_of___xxtofl                                       (abs)        000000
__size_of_abortAll                                       (abs)        000000
__size_of_clearTM0                                       (abs)        000000
__size_of_executeData                                    (abs)        000000
__size_of_fatalError                                     (abs)        000000
__size_of_getData                                        (abs)        000000
__size_of_getNewSequence                                 (abs)        000000
__size_of_increaseStep                                   (abs)        000000
__size_of_initADC                                        (abs)        000000
__size_of_initPinMotors                                  (abs)        000000
__size_of_interruptInit                                  (abs)        000000
__size_of_isr                                            (abs)        000000
__size_of_liftArm                                        (abs)        000000
__size_of_main                                           (abs)        000000
__size_of_moveToPoint                                    (abs)        000000
__size_of_newSequence                                    (abs)        000000
__size_of_pickObject                                     (abs)        000000
__size_of_printError                                     (abs)        000000
__size_of_readSeq                                        (abs)        000000
__size_of_reduceSeq                                      (abs)        000000
__size_of_releaseObj                                     (abs)        000000
__size_of_resetNewSequence                               (abs)        000000
__size_of_resetPosition                                  (abs)        000000
__size_of_resetStep                                      (abs)        000000
__size_of_resetTherm                                     (abs)        000000
__size_of_resetTouch                                     (abs)        000000
__size_of_retPeriod                                      (abs)        000000
__size_of_returnTherm                                    (abs)        000000
__size_of_returnTouch                                    (abs)        000000
__size_of_rotateObj                                      (abs)        000000
__size_of_setThermRel                                    (abs)        000000
__size_of_setTouchRel                                    (abs)        000000
__size_of_shiftData                                      (abs)        000000
__size_of_startADC                                       (abs)        000000
__size_of_stepCounter                                    (abs)        000000
__size_of_stepMade                                       (abs)        000000
__size_of_stopADC                                        (abs)        000000
__size_of_storeData                                      (abs)        000000
__size_of_tim0Init                                       (abs)        000000
__size_of_tim1Init                                       (abs)        000000
__size_of_tim2Init                                       (abs)        000000
__size_of_toggleStep                                     (abs)        000000
__size_of_touchObject                                    (abs)        000000
__size_of_touchTherm                                     (abs)        000000
__size_of_uartTx                                         (abs)        000000
__size_of_usartInit                                      (abs)        000000
__size_of_whatsTM0Limit                                  (abs)        000000
__size_of_writeTM0                                       (abs)        000000
__size_ofi2_printError                                   (abs)        000000
__size_ofi2_storeData                                    (abs)        000000
__size_ofi2_uartTx                                       (abs)        000000
__smallconst                                             smallconst   000600
_abortAll                                                text50       0024F4
_clearTM0                                                text39       002540
_dataCounter                                             bssCOMRAM    000058
_dataSequence                                            bssBANK0     0000D1
_errString_Bound                                         dataBANK1    0001D6
_errString_Command                                       dataBANK0    0000B0
_errString_Fatal                                         dataBANK1    0001AF
_errString_Feed                                          dataBANK0    000092
_errString_Point                                         dataBANK1    000135
_errString_PointZ                                        dataBANK1    000100
_errString_Reset                                         dataBANK1    000187
_errString_ZEND                                          dataBANK1    00015E
_executeData                                             text18       000E0A
_fatalError                                              text49       00260E
_feeder1Pos                                              smallconst   00060D
_feeder2Pos                                              smallconst   00060B
_feeder3Pos                                              smallconst   000609
_getData                                                 text38       002532
_getNewSequence                                          text17       002524
_increaseStep                                            text48       002606
_initADC                                                 text16       002476
_initPinMotors                                           text15       002450
_interruptInit                                           text14       0023BC
_isr                                                     intcode      000008
_liftArm                                                 text35       00212E
_main                                                    text0        001508
_motCounter                                              dataCOMRAM   00005E
_moveToPoint                                             text33       000A44
_newFeeder                                               bssCOMRAM    00004C
_newSequence                                             text13       0025EE
_newSequenceData                                         bssBANK0     0000E5
_pickObject                                              text32       002424
_posVector                                               bssCOMRAM    000043
_printError                                              text6        001D24
_pwmPeriod                                               bssCOMRAM    000046
_pwmStep                                                 bssCOMRAM    000053
_readSeq                                                 text12       0025E6
_reduceSeq                                               text11       0025DE
_releaseObj                                              text31       0023F8
_resetNewSequence                                        text10       00258E
_resetPosition                                           text9        00110A
_resetStep                                               text37       0025B6
_resetTherm                                              text26       0025AC
_resetTouch                                              text25       0025A2
_retPeriod                                               text47       00255C
_returnTherm                                             text20       00256A
_returnTouch                                             text24       002576
_rotAngle                                                bssCOMRAM    00004E
_rotateObj                                               text27       002054
_setThermRel                                             text46       0025D4
_setTouchRel                                             text45       0025CA
_shiftData                                               text8        002278
_startADC                                                text23       002598
_stepCounter                                             text34       002582
_stepMade                                                text36       0024CE
_stepMot1                                                dataBANK0    00008C
_stepMot2                                                dataBANK0    000088
_stepMot3                                                dataBANK0    000084
_stepToggle                                              bssCOMRAM    000052
_stopADC                                                 text22       0025F6
_storeData                                               text5        0016B2
_therm_rel                                               bssCOMRAM    00005B
_tim0Init                                                text4        0024E2
_tim1Init                                                text3        002516
_tim2Init                                                text2        0024BA
_tm0Error                                                bssCOMRAM    000050
_tm0Limit                                                bssCOMRAM    00005D
_toggleStep                                              text44       0025C0
_touchObject                                             text21       001AE0
_touchTherm                                              text19       001C04
_touch_rel                                               bssCOMRAM    00005C
_uartTx                                                  text7        0022D8
_usartInit                                               text1        00249C
_whatsTM0Limit                                           text43       0025FE
_writeTM0                                                text42       00254E
btemp                                                    temp         00006D
end_of_initialization                                    cinit        00226A
executeData@data                                         cstackBANK0  0000F6
executeData@errCode                                      cstackBANK0  0000F8
i2_printError                                            text51       001E40
i2_storeData                                             text41       00182E
i2_uartTx                                                text52       002326
i2printError@errCode                                     cstackCOMRAM 000007
i2storeData@data                                         cstackCOMRAM 00000A
i2uartTx@i                                               cstackCOMRAM 000004
i2uartTx@length                                          cstackCOMRAM 000003
i2uartTx@ptr                                             cstackCOMRAM 000001
int$flags                                                temp         00006D
intlevel0                                                text         002616
intlevel1                                                text         002616
intlevel2                                                text         002616
intlevel3                                                text         002616
isr@completeStep                                         bssCOMRAM    000059
isr@single_cycle                                         bssCOMRAM    000048
isr@temp                                                 cstackCOMRAM 000011
isr@tm0Count                                             bssCOMRAM    00005A
main@errCode                                             cstackBANK0  0000FB
main@newData                                             cstackBANK0  0000FC
moveToPoint@MOT1Direction                                cstackCOMRAM 00001F
moveToPoint@MOT2Direction                                cstackCOMRAM 000020
moveToPoint@keepMovingX                                  cstackCOMRAM 000021
moveToPoint@keepMovingY                                  cstackCOMRAM 000022
moveToPoint@x1                                           cstackCOMRAM 000015
moveToPoint@x2                                           cstackCOMRAM 000019
moveToPoint@y1                                           cstackCOMRAM 000017
moveToPoint@y2                                           cstackCOMRAM 00001B
printError@errCode                                       cstackCOMRAM 000018
resetPosition@keepMovingX                                cstackCOMRAM 000015
resetPosition@keepMovingY                                cstackCOMRAM 000016
resetPosition@keepMovingZ                                cstackCOMRAM 000017
rotateObj@i                                              cstackBANK0  0000F2
rotateObj@rotAngle                                       cstackBANK0  0000EF
rotateObj@rotSequence                                    dataBANK0    000080
rotateObj@totStep                                        cstackBANK0  0000F0
shiftData@i                                              cstackCOMRAM 000014
stackhi                                                  (abs)        0005FF
stacklo                                                  (abs)        0001F7
start                                                    init         0001A4
start_initialization                                     cinit        0021F2
stepMade@temp                                            cstackCOMRAM 000014
storeData@counter                                        bssCOMRAM    000055
storeData@data                                           cstackCOMRAM 00001B
storeData@mexLength                                      dataCOMRAM   00006C
storeData@receivedMex                                    bssBANK0     0000C8
tim2Init@_pwmPeriod                                      cstackCOMRAM 000012
ttemp5                                                   temp         00006E
ttemp6                                                   temp         000071
ttemp7                                                   temp         000075
uartTx@i                                                 cstackCOMRAM 000015
uartTx@length                                            cstackCOMRAM 000014
uartTx@ptr                                               cstackCOMRAM 000012
wtemp8                                                   temp         00006E


FUNCTION INFORMATION:

 *************** function _main *****************
 Defined at:
		line 19 in file "main.c"
 Parameters:    Size  Location     Type
		None
 Auto vars:     Size  Location     Type
  newData         2   15[BANK0 ] PTR struct .
		 -> newSequenceData(8), 
  errCode         1   14[BANK0 ] unsigned char 
 Return value:  Size  Location     Type
                  1    wreg      void 
 Registers used:
		wreg, fsr1l, fsr1h, fsr2l, fsr2h, status,2, status,0, tblptrl, tblptrh, tblptru, prodl, prodh, cstack
 Tracked objects:
		On entry : 
		On exit  : 
		Unchanged: 
 Data sizes:     COMRAM   BANK0   BANK1   BANK2   BANK3   BANK4   BANK5
      Params:         0       0       0       0       0       0       0
      Locals:         0       3       0       0       0       0       0
      Temps:          0       2       0       0       0       0       0
      Totals:         0       5       0       0       0       0       0
Total ram usage:        5 bytes
 Hardware stack levels required when called:    7
 This function calls:
		_clearTM0
		_executeData
		_getNewSequence
		_initADC
		_initPinMotors
		_interruptInit
		_newSequence
		_printError
		_readSeq
		_reduceSeq
		_resetNewSequence
		_resetPosition
		_shiftData
		_storeData
		_tim0Init
		_tim1Init
		_tim2Init
		_usartInit
 This function is called by:
		Startup code after reset
 This function uses a non-reentrant model


 *************** function _usartInit *****************
 Defined at:
		line 92 in file "usart.c"
 Parameters:    Size  Location     Type
		None
 Auto vars:     Size  Location     Type
		None
 Return value:  Size  Location     Type
                  1    wreg      void 
 Registers used:
		wreg, status,2
 Tracked objects:
		On entry : 
		On exit  : 
		Unchanged: 
 Data sizes:     COMRAM   BANK0   BANK1   BANK2   BANK3   BANK4   BANK5
      Params:         0       0       0       0       0       0       0
      Locals:         0       0       0       0       0       0       0
      Temps:          0       0       0       0       0       0       0
      Totals:         0       0       0       0       0       0       0
Total ram usage:        0 bytes
 Hardware stack levels used:    1
 Hardware stack levels required when called:    4
 This function calls:
		Nothing
 This function is called by:
		_main
 This function uses a non-reentrant model


 *************** function _tim2Init *****************
 Defined at:
		line 46 in file "timer.c"
 Parameters:    Size  Location     Type
  _pwmPeriod      2   17[COMRAM] unsigned int 
 Auto vars:     Size  Location     Type
		None
 Return value:  Size  Location     Type
                  1    wreg      void 
 Registers used:
		wreg, status,2
 Tracked objects:
		On entry : 
		On exit  : 
		Unchanged: 
 Data sizes:     COMRAM   BANK0   BANK1   BANK2   BANK3   BANK4   BANK5
      Params:         2       0       0       0       0       0       0
      Locals:         0       0       0       0       0       0       0
      Temps:          0       0       0       0       0       0       0
      Totals:         2       0       0       0       0       0       0
Total ram usage:        2 bytes
 Hardware stack levels used:    1
 Hardware stack levels required when called:    4
 This function calls:
		Nothing
 This function is called by:
		_main
 This function uses a non-reentrant model


 *************** function _tim1Init *****************
 Defined at:
		line 33 in file "timer.c"
 Parameters:    Size  Location     Type
		None
 Auto vars:     Size  Location     Type
		None
 Return value:  Size  Location     Type
                  1    wreg      void 
 Registers used:
		wreg, status,2
 Tracked objects:
		On entry : 
		On exit  : 
		Unchanged: 
 Data sizes:     COMRAM   BANK0   BANK1   BANK2   BANK3   BANK4   BANK5
      Params:         0       0       0       0       0       0       0
      Locals:         0       0       0       0       0       0       0
      Temps:          0       0       0       0       0       0       0
      Totals:         0       0       0       0       0       0       0
Total ram usage:        0 bytes
 Hardware stack levels used:    1
 Hardware stack levels required when called:    4
 This function calls:
		Nothing
 This function is called by:
		_main
 This function uses a non-reentrant model


 *************** function _tim0Init *****************
 Defined at:
		line 21 in file "timer.c"
 Parameters:    Size  Location     Type
		None
 Auto vars:     Size  Location     Type
		None
 Return value:  Size  Location     Type
                  1    wreg      void 
 Registers used:
		wreg, status,2
 Tracked objects:
		On entry : 
		On exit  : 
		Unchanged: 
 Data sizes:     COMRAM   BANK0   BANK1   BANK2   BANK3   BANK4   BANK5
      Params:         0       0       0       0       0       0       0
      Locals:         0       0       0       0       0       0       0
      Temps:          0       0       0       0       0       0       0
      Totals:         0       0       0       0       0       0       0
Total ram usage:        0 bytes
 Hardware stack levels used:    1
 Hardware stack levels required when called:    4
 This function calls:
		Nothing
 This function is called by:
		_main
 This function uses a non-reentrant model


 *************** function _storeData *****************
 Defined at:
		line 164 in file "usart.c"
 Parameters:    Size  Location     Type
  data            1    wreg     unsigned char 
 Auto vars:     Size  Location     Type
  data            1   26[COMRAM] unsigned char 
 Return value:  Size  Location     Type
                  1    wreg      void 
 Registers used:
		wreg, fsr2l, fsr2h, status,2, status,0, prodl, prodh, cstack
 Tracked objects:
		On entry : 
		On exit  : 
		Unchanged: 
 Data sizes:     COMRAM   BANK0   BANK1   BANK2   BANK3   BANK4   BANK5
      Params:         0       0       0       0       0       0       0
      Locals:         1       0       0       0       0       0       0
      Temps:          2       0       0       0       0       0       0
      Totals:         3       0       0       0       0       0       0
Total ram usage:        3 bytes
 Hardware stack levels used:    1
 Hardware stack levels required when called:    6
 This function calls:
		_printError
 This function is called by:
		_main
 This function uses a non-reentrant model


 *************** function _printError *****************
 Defined at:
		line 111 in file "usart.c"
 Parameters:    Size  Location     Type
  errCode         1    wreg     unsigned char 
 Auto vars:     Size  Location     Type
  errCode         1   23[COMRAM] unsigned char 
 Return value:  Size  Location     Type
                  1    wreg      void 
 Registers used:
		wreg, fsr2l, fsr2h, status,2, status,0, cstack
 Tracked objects:
		On entry : 
		On exit  : 
		Unchanged: 
 Data sizes:     COMRAM   BANK0   BANK1   BANK2   BANK3   BANK4   BANK5
      Params:         0       0       0       0       0       0       0
      Locals:         1       0       0       0       0       0       0
      Temps:          2       0       0       0       0       0       0
      Totals:         3       0       0       0       0       0       0
Total ram usage:        3 bytes
 Hardware stack levels used:    1
 Hardware stack levels required when called:    5
 This function calls:
		_uartTx
 This function is called by:
		_main
		_storeData
 This function uses a non-reentrant model


 *************** function _uartTx *****************
 Defined at:
		line 148 in file "usart.c"
 Parameters:    Size  Location     Type
  ptr             2   17[COMRAM] PTR unsigned char 
		 -> errString_Command(24), errString_Fatal(39), errString_PointZ(53), errString_Bound(33), 
		 -> errString_Point(41), errString_Reset(40), errString_ZEND(41), errString_Feed(30), 
  length          1   19[COMRAM] unsigned char 
 Auto vars:     Size  Location     Type
  i               1   20[COMRAM] unsigned char 
 Return value:  Size  Location     Type
                  1    wreg      void 
 Registers used:
		wreg, fsr2l, fsr2h, status,2, status,0
 Tracked objects:
		On entry : 
		On exit  : 
		Unchanged: 
 Data sizes:     COMRAM   BANK0   BANK1   BANK2   BANK3   BANK4   BANK5
      Params:         3       0       0       0       0       0       0
      Locals:         1       0       0       0       0       0       0
      Temps:          0       0       0       0       0       0       0
      Totals:         4       0       0       0       0       0       0
Total ram usage:        4 bytes
 Hardware stack levels used:    1
 Hardware stack levels required when called:    4
 This function calls:
		Nothing
 This function is called by:
		_printError
 This function uses a non-reentrant model


 *************** function _shiftData *****************
 Defined at:
		line 81 in file "usart.c"
 Parameters:    Size  Location     Type
		None
 Auto vars:     Size  Location     Type
  i               1   19[COMRAM] unsigned char 
 Return value:  Size  Location     Type
                  1    wreg      void 
 Registers used:
		wreg, fsr1l, fsr1h, fsr2l, fsr2h, status,2, status,0, prodl, prodh
 Tracked objects:
		On entry : 
		On exit  : 
		Unchanged: 
 Data sizes:     COMRAM   BANK0   BANK1   BANK2   BANK3   BANK4   BANK5
      Params:         0       0       0       0       0       0       0
      Locals:         1       0       0       0       0       0       0
      Temps:          2       0       0       0       0       0       0
      Totals:         3       0       0       0       0       0       0
Total ram usage:        3 bytes
 Hardware stack levels used:    1
 Hardware stack levels required when called:    4
 This function calls:
		Nothing
 This function is called by:
		_main
 This function uses a non-reentrant model


 *************** function _resetPosition *****************
 Defined at:
		line 165 in file "motors.c"
 Parameters:    Size  Location     Type
		None
 Auto vars:     Size  Location     Type
  keepMovingZ     1   22[COMRAM] unsigned char 
  keepMovingY     1   21[COMRAM] unsigned char 
  keepMovingX     1   20[COMRAM] unsigned char 
 Return value:  Size  Location     Type
                  1    wreg      unsigned char 
 Registers used:
		wreg, fsr2l, fsr2h, status,2, status,0, cstack
 Tracked objects:
		On entry : 
		On exit  : 
		Unchanged: 
 Data sizes:     COMRAM   BANK0   BANK1   BANK2   BANK3   BANK4   BANK5
      Params:         0       0       0       0       0       0       0
      Locals:         3       0       0       0       0       0       0
      Temps:          0       0       0       0       0       0       0
      Totals:         3       0       0       0       0       0       0
Total ram usage:        3 bytes
 Hardware stack levels used:    1
 Hardware stack levels required when called:    5
 This function calls:
		_resetStep
		_stepMade
 This function is called by:
		_main
 This function uses a non-reentrant model


 *************** function _resetNewSequence *****************
 Defined at:
		line 73 in file "usart.c"
 Parameters:    Size  Location     Type
		None
 Auto vars:     Size  Location     Type
		None
 Return value:  Size  Location     Type
                  1    wreg      void 
 Registers used:
		wreg, status,2
 Tracked objects:
		On entry : 
		On exit  : 
		Unchanged: 
 Data sizes:     COMRAM   BANK0   BANK1   BANK2   BANK3   BANK4   BANK5
      Params:         0       0       0       0       0       0       0
      Locals:         0       0       0       0       0       0       0
      Temps:          0       0       0       0       0       0       0
      Totals:         0       0       0       0       0       0       0
Total ram usage:        0 bytes
 Hardware stack levels used:    1
 Hardware stack levels required when called:    4
 This function calls:
		Nothing
 This function is called by:
		_main
 This function uses a non-reentrant model


 *************** function _reduceSeq *****************
 Defined at:
		line 50 in file "usart.c"
 Parameters:    Size  Location     Type
		None
 Auto vars:     Size  Location     Type
		None
 Return value:  Size  Location     Type
                  1    wreg      void 
 Registers used:
		status,2, status,0
 Tracked objects:
		On entry : 
		On exit  : 
		Unchanged: 
 Data sizes:     COMRAM   BANK0   BANK1   BANK2   BANK3   BANK4   BANK5
      Params:         0       0       0       0       0       0       0
      Locals:         0       0       0       0       0       0       0
      Temps:          0       0       0       0       0       0       0
      Totals:         0       0       0       0       0       0       0
Total ram usage:        0 bytes
 Hardware stack levels used:    1
 Hardware stack levels required when called:    4
 This function calls:
		Nothing
 This function is called by:
		_main
 This function uses a non-reentrant model


 *************** function _readSeq *****************
 Defined at:
		line 57 in file "usart.c"
 Parameters:    Size  Location     Type
		None
 Auto vars:     Size  Location     Type
		None
 Return value:  Size  Location     Type
                  1    wreg      unsigned char 
 Registers used:
		wreg, status,2
 Tracked objects:
		On entry : 
		On exit  : 
		Unchanged: 
 Data sizes:     COMRAM   BANK0   BANK1   BANK2   BANK3   BANK4   BANK5
      Params:         0       0       0       0       0       0       0
[...]
      Totals:         3       0       0       0       0       0       0
Total ram usage:        3 bytes
 Hardware stack levels used:    1
 Hardware stack levels required when called:    4
 This function calls:
		Nothing
 This function is called by:
		_resetPosition
		_moveToPoint
		_touchObject
		_touchTherm
		_liftArm
		_rotateObj
		_pickObject
		_releaseObj
 This function uses a non-reentrant model


 *************** function _resetStep *****************
 Defined at:
		line 77 in file "timer.c"
 Parameters:    Size  Location     Type
		None
 Auto vars:     Size  Location     Type
		None
 Return value:  Size  Location     Type
                  1    wreg      void 
 Registers used:
		wreg, status,2
 Tracked objects:
		On entry : 
		On exit  : 
		Unchanged: 
 Data sizes:     COMRAM   BANK0   BANK1   BANK2   BANK3   BANK4   BANK5
      Params:         0       0       0       0       0       0       0
      Locals:         0       0       0       0       0       0       0
      Temps:          0       0       0       0       0       0       0
      Totals:         0       0       0       0       0       0       0
Total ram usage:        0 bytes
 Hardware stack levels used:    1
 Hardware stack levels required when called:    4
 This function calls:
		Nothing
 This function is called by:
		_resetPosition
		_moveToPoint
		_touchObject
		_touchTherm
		_liftArm
		_rotateObj
 This function uses a non-reentrant model


 *************** function _getData *****************
 Defined at:
		line 35 in file "usart.c"
 Parameters:    Size  Location     Type
		None
 Auto vars:     Size  Location     Type
		None
 Return value:  Size  Location     Type
                  2   17[COMRAM] PTR struct .
 Registers used:
		wreg, status,2, status,0
 Tracked objects:
		On entry : 
		On exit  : 
		Unchanged: 
 Data sizes:     COMRAM   BANK0   BANK1   BANK2   BANK3   BANK4   BANK5
      Params:         2       0       0       0       0       0       0
      Locals:         0       0       0       0       0       0       0
      Temps:          0       0       0       0       0       0       0
      Totals:         2       0       0       0       0       0       0
Total ram usage:        2 bytes
 Hardware stack levels used:    1
 Hardware stack levels required when called:    4
 This function calls:
		Nothing
 This function is called by:
		_executeData
 This function uses a non-reentrant model


 *************** function _clearTM0 *****************
 Defined at:
		line 35 in file "motors.c"
 Parameters:    Size  Location     Type
		None
 Auto vars:     Size  Location     Type
		None
 Return value:  Size  Location     Type
                  1    wreg      void 
 Registers used:
		wreg, status,2
 Tracked objects:
		On entry : 
		On exit  : 
		Unchanged: 
 Data sizes:     COMRAM   BANK0   BANK1   BANK2   BANK3   BANK4   BANK5
      Params:         0       0       0       0       0       0       0
      Locals:         0       0       0       0       0       0       0
      Temps:          0       0       0       0       0       0       0
      Totals:         0       0       0       0       0       0       0
Total ram usage:        0 bytes
 Hardware stack levels used:    1
 Hardware stack levels required when called:    4
 This function calls:
		Nothing
 This function is called by:
		_main
 This function uses a non-reentrant model


 *************** function _isr *****************
 Defined at:
		line 38 in file "interrupt.c"
 Parameters:    Size  Location     Type
		None
 Auto vars:     Size  Location     Type
  temp            1   16[COMRAM] unsigned char 
 Return value:  Size  Location     Type
                  1    wreg      void 
 Registers used:
		wreg, fsr2l, fsr2h, status,2, status,0, prodl, prodh, cstack
 Tracked objects:
		On entry : 
		On exit  : 
		Unchanged: 
 Data sizes:     COMRAM   BANK0   BANK1   BANK2   BANK3   BANK4   BANK5
      Params:         0       0       0       0       0       0       0
      Locals:         1       0       0       0       0       0       0
      Temps:          6       0       0       0       0       0       0
      Totals:         7       0       0       0       0       0       0
Total ram usage:        7 bytes
 Hardware stack levels used:    1
 Hardware stack levels required when called:    3
 This function calls:
		_abortAll
		_fatalError
		_increaseStep
		_retPeriod
		_setThermRel
		_setTouchRel
		_toggleStep
		_whatsTM0Limit
		_writeTM0
		i2_storeData
 This function is called by:
		Interrupt level 2
 This function uses a non-reentrant model


 *************** function i2_storeData *****************
 Defined at:
		line 164 in file "usart.c"
 Parameters:    Size  Location     Type
  data            1    wreg     unsigned char 
 Auto vars:     Size  Location     Type
  data            1    9[COMRAM] unsigned char 
 Return value:  Size  Location     Type
                  1    wreg      void 
 Registers used:
		wreg, fsr2l, fsr2h, status,2, status,0, prodl, prodh, cstack
 Tracked objects:
		On entry : 
		On exit  : 
		Unchanged: 
 Data sizes:     COMRAM   BANK0   BANK1   BANK2   BANK3   BANK4   BANK5
      Params:         0       0       0       0       0       0       0
      Locals:         1       0       0       0       0       0       0
      Temps:          2       0       0       0       0       0       0
      Totals:         3       0       0       0       0       0       0
Total ram usage:        3 bytes
 Hardware stack levels used:    1
 Hardware stack levels required when called:    2
 This function calls:
		i2_printError
 This function is called by:
		_isr
 This function uses a non-reentrant model


 *************** function _writeTM0 *****************
 Defined at:
		line 28 in file "motors.c"
 Parameters:    Size  Location     Type
		None
 Auto vars:     Size  Location     Type
		None
 Return value:  Size  Location     Type
                  1    wreg      void 
 Registers used:
		wreg, status,2
 Tracked objects:
		On entry : 
		On exit  : 
		Unchanged: 
 Data sizes:     COMRAM   BANK0   BANK1   BANK2   BANK3   BANK4   BANK5
      Params:         0       0       0       0       0       0       0
      Locals:         0       0       0       0       0       0       0
      Temps:          0       0       0       0       0       0       0
      Totals:         0       0       0       0       0       0       0
Total ram usage:        0 bytes
 Hardware stack levels used:    1
 This function calls:
		Nothing
 This function is called by:
		_isr
 This function uses a non-reentrant model


 *************** function _whatsTM0Limit *****************
 Defined at:
		line 42 in file "motors.c"
 Parameters:    Size  Location     Type
		None
 Auto vars:     Size  Location     Type
		None
 Return value:  Size  Location     Type
                  1    wreg      unsigned char 
 Registers used:
		wreg, status,2
 Tracked objects:
		On entry : 
		On exit  : 
		Unchanged: 
 Data sizes:     COMRAM   BANK0   BANK1   BANK2   BANK3   BANK4   BANK5
      Params:         0       0       0       0       0       0       0
      Locals:         0       0       0       0       0       0       0
      Temps:          0       0       0       0       0       0       0
      Totals:         0       0       0       0       0       0       0
Total ram usage:        0 bytes
 Hardware stack levels used:    1
 This function calls:
		Nothing
 This function is called by:
		_isr
 This function uses a non-reentrant model


 *************** function _toggleStep *****************
 Defined at:
		line 92 in file "timer.c"
 Parameters:    Size  Location     Type
		None
 Auto vars:     Size  Location     Type
		None
 Return value:  Size  Location     Type
                  1    wreg      void 
 Registers used:
		wreg, status,2
 Tracked objects:
		On entry : 
		On exit  : 
		Unchanged: 
 Data sizes:     COMRAM   BANK0   BANK1   BANK2   BANK3   BANK4   BANK5
      Params:         0       0       0       0       0       0       0
      Locals:         0       0       0       0       0       0       0
      Temps:          0       0       0       0       0       0       0
      Totals:         0       0       0       0       0       0       0
Total ram usage:        0 bytes
 Hardware stack levels used:    1
 This function calls:
		Nothing
 This function is called by:
		_isr
 This function uses a non-reentrant model


 *************** function _setTouchRel *****************
 Defined at:
		line 86 in file "adc.c"
 Parameters:    Size  Location     Type
		None
 Auto vars:     Size  Location     Type
		None
 Return value:  Size  Location     Type
                  1    wreg      void 
 Registers used:
		wreg, status,2
 Tracked objects:
		On entry : 
		On exit  : 
		Unchanged: 
 Data sizes:     COMRAM   BANK0   BANK1   BANK2   BANK3   BANK4   BANK5
      Params:         0       0       0       0       0       0       0
      Locals:         0       0       0       0       0       0       0
      Temps:          0       0       0       0       0       0       0
      Totals:         0       0       0       0       0       0       0
Total ram usage:        0 bytes
 Hardware stack levels used:    1
 This function calls:
		Nothing
 This function is called by:
		_isr
 This function uses a non-reentrant model


 *************** function _setThermRel *****************
 Defined at:
		line 79 in file "adc.c"
 Parameters:    Size  Location     Type
		None
 Auto vars:     Size  Location     Type
		None
 Return value:  Size  Location     Type
                  1    wreg      void 
 Registers used:
		wreg, status,2
 Tracked objects:
		On entry : 
		On exit  : 
		Unchanged: 
 Data sizes:     COMRAM   BANK0   BANK1   BANK2   BANK3   BANK4   BANK5
      Params:         0       0       0       0       0       0       0
      Locals:         0       0       0       0       0       0       0
      Temps:          0       0       0       0       0       0       0
      Totals:         0       0       0       0       0       0       0
Total ram usage:        0 bytes
 Hardware stack levels used:    1
 This function calls:
		Nothing
 This function is called by:
		_isr
 This function uses a non-reentrant model


 *************** function _retPeriod *****************
 Defined at:
		line 100 in file "timer.c"
 Parameters:    Size  Location     Type
		None
 Auto vars:     Size  Location     Type
		None
 Return value:  Size  Location     Type
                  2    0[COMRAM] unsigned int 
 Registers used:
		None
 Tracked objects:
		On entry : 
		On exit  : 
		Unchanged: 
 Data sizes:     COMRAM   BANK0   BANK1   BANK2   BANK3   BANK4   BANK5
      Params:         2       0       0       0       0       0       0
      Locals:         0       0       0       0       0       0       0
      Temps:          0       0       0       0       0       0       0
      Totals:         2       0       0       0       0       0       0
Total ram usage:        2 bytes
 Hardware stack levels used:    1
 This function calls:
		Nothing
 This function is called by:
		_isr
 This function uses a non-reentrant model


 *************** function _increaseStep *****************
 Defined at:
		line 84 in file "timer.c"
 Parameters:    Size  Location     Type
		None
 Auto vars:     Size  Location     Type
		None
 Return value:  Size  Location     Type
                  1    wreg      void 
 Registers used:
		status,2, status,0
 Tracked objects:
		On entry : 
		On exit  : 
		Unchanged: 
 Data sizes:     COMRAM   BANK0   BANK1   BANK2   BANK3   BANK4   BANK5
      Params:         0       0       0       0       0       0       0
      Locals:         0       0       0       0       0       0       0
      Temps:          0       0       0       0       0       0       0
      Totals:         0       0       0       0       0       0       0
Total ram usage:        0 bytes
 Hardware stack levels used:    1
 This function calls:
		Nothing
 This function is called by:
		_isr
 This function uses a non-reentrant model


 *************** function _fatalError *****************
 Defined at:
		line 61 in file "usart.c"
 Parameters:    Size  Location     Type
		None
 Auto vars:     Size  Location     Type
		None
 Return value:  Size  Location     Type
                  1    wreg      unsigned char 
 Registers used:
		wreg, status,2
 Tracked objects:
		On entry : 
		On exit  : 
		Unchanged: 
 Data sizes:     COMRAM   BANK0   BANK1   BANK2   BANK3   BANK4   BANK5
      Params:         0       0       0       0       0       0       0
      Locals:         0       0       0       0       0       0       0
      Temps:          0       0       0       0       0       0       0
      Totals:         0       0       0       0       0       0       0
Total ram usage:        0 bytes
 Hardware stack levels used:    1
 This function calls:
		Nothing
 This function is called by:
		_isr
 This function uses a non-reentrant model


 *************** function _abortAll *****************
 Defined at:
		line 817 in file "motors.c"
 Parameters:    Size  Location     Type
		None
 Auto vars:     Size  Location     Type
		None
 Return value:  Size  Location     Type
                  1    wreg      void 
 Registers used:
		wreg, fsr2l, fsr2h, status,2, status,0, cstack
 Tracked objects:
		On entry : 
		On exit  : 
		Unchanged: 
 Data sizes:     COMRAM   BANK0   BANK1   BANK2   BANK3   BANK4   BANK5
      Params:         0       0       0       0       0       0       0
      Locals:         0       0       0       0       0       0       0
      Temps:          0       0       0       0       0       0       0
      Totals:         0       0       0       0       0       0       0
Total ram usage:        0 bytes
 Hardware stack levels used:    1
 Hardware stack levels required when called:    2
 This function calls:
		i2_printError
 This function is called by:
		_isr
 This function uses a non-reentrant model


 *************** function i2_printError *****************
 Defined at:
		line 111 in file "usart.c"
 Parameters:    Size  Location     Type
  errCode         1    wreg     unsigned char 
 Auto vars:     Size  Location     Type
  errCode         1    6[COMRAM] unsigned char 
 Return value:  Size  Location     Type
                  1    wreg      void 
 Registers used:
		wreg, fsr2l, fsr2h, status,2, status,0, cstack
 Tracked objects:
		On entry : 
		On exit  : 
		Unchanged: 
 Data sizes:     COMRAM   BANK0   BANK1   BANK2   BANK3   BANK4   BANK5
      Params:         0       0       0       0       0       0       0
      Locals:         1       0       0       0       0       0       0
      Temps:          2       0       0       0       0       0       0
      Totals:         3       0       0       0       0       0       0
Total ram usage:        3 bytes
 Hardware stack levels used:    1
 Hardware stack levels required when called:    1
 This function calls:
		i2_uartTx
 This function is called by:
		_abortAll
		i2_storeData
 This function uses a non-reentrant model


 *************** function i2_uartTx *****************
 Defined at:
		line 148 in file "usart.c"
 Parameters:    Size  Location     Type
  ptr             2    0[COMRAM] PTR unsigned char 
		 -> errString_Command(24), errString_Fatal(39), errString_PointZ(53), errString_Bound(33), 
		 -> errString_Point(41), errString_Reset(40), errString_ZEND(41), errString_Feed(30), 
  length          1    2[COMRAM] unsigned char 
 Auto vars:     Size  Location     Type
  i               1    3[COMRAM] unsigned char 
 Return value:  Size  Location     Type
                  1    wreg      void 
 Registers used:
		wreg, fsr2l, fsr2h, status,2, status,0
 Tracked objects:
		On entry : 
		On exit  : 
		Unchanged: 
 Data sizes:     COMRAM   BANK0   BANK1   BANK2   BANK3   BANK4   BANK5
      Params:         3       0       0       0       0       0       0
      Locals:         1       0       0       0       0       0       0
      Temps:          0       0       0       0       0       0       0
      Totals:         4       0       0       0       0       0       0
Total ram usage:        4 bytes
 Hardware stack levels used:    1
 This function calls:
		Nothing
 This function is called by:
		i2_printError
 This function uses a non-reentrant model



MODULE INFORMATION

Module		Function		Class		Link	Load	Size
D:\Programs\MPLABx\xc8\v2.20\pic\sources\c99\common\xxtofl.c
		___xxtofl      		CODE           	1310	0000	505

D:\Programs\MPLABx\xc8\v2.20\pic\sources\c99\common\xxtofl.c estimated size: 505

motors.c
		_rotateObj     		CODE           	2054	0000	219
		_resetPosition 		CODE           	110A	0000	519
		_moveToPoint   		CODE           	0A44	0000	967
		_pickObject    		CODE           	2424	0000	45
		_liftArm       		CODE           	212E	0000	197
		_abortAll      		CODE           	24F4	0000	19
		_whatsTM0Limit 		CODE           	25FE	0000	9
		_writeTM0      		CODE           	254E	0000	15
		_releaseObj    		CODE           	23F8	0000	45
		_touchTherm    		CODE           	1C04	0000	289
		_clearTM0      		CODE           	2540	0000	15
		_initPinMotors 		CODE           	2450	0000	39
		_touchObject   		CODE           	1AE0	0000	293

motors.c estimated size: 2671

usart.c
		_uartTx        		CODE           	22D8	0000	79
		_fatalError    		CODE           	260E	0000	9
		_newSequence   		CODE           	25EE	0000	9
		_resetNewSequence		CODE           	258E	0000	11
		_getData       		CODE           	2532	0000	15
		_usartInit     		CODE           	249C	0000	31
		_reduceSeq     		CODE           	25DE	0000	9
		_getNewSequence		CODE           	2524	0000	15
		_printError    		CODE           	1D24	0000	285
		_storeData     		CODE           	16B2	0000	381
		_shiftData     		CODE           	2278	0000	97
		_readSeq       		CODE           	25E6	0000	9

usart.c estimated size: 950

timer.c
		_stepCounter   		CODE           	2582	0000	13
		_tim0Init      		CODE           	24E2	0000	19
		_tim1Init      		CODE           	2516	0000	15
		_retPeriod     		CODE           	255C	0000	15
		_stepMade      		CODE           	24CE	0000	21
		_tim2Init      		CODE           	24BA	0000	21
		_resetStep     		CODE           	25B6	0000	11
		_toggleStep    		CODE           	25C0	0000	11
		_increaseStep  		CODE           	2606	0000	9

timer.c estimated size: 135

D:\Programs\MPLABx\xc8\v2.20\pic\sources\c99\common\fltol.c
		___fltol       		CODE           	19AA	0000	311

D:\Programs\MPLABx\xc8\v2.20\pic\sources\c99\common\fltol.c estimated size: 311

adc.c
		_setTouchRel   		CODE           	25CA	0000	11
		_resetTouch    		CODE           	25A2	0000	11
		_resetTherm    		CODE           	25AC	0000	11
		_initADC       		CODE           	2476	0000	39
		_setThermRel   		CODE           	25D4	0000	11
		_returnTouch   		CODE           	2576	0000	13
		_returnTherm   		CODE           	256A	0000	13
		_startADC      		CODE           	2598	0000	11
		_stopADC       		CODE           	25F6	0000	9

adc.c estimated size: 129

interrupt.c
		_isr           		CODE           	0008	0000	413
		_interruptInit 		CODE           	23BC	0000	61

interrupt.c estimated size: 474

shared
		i2_printError  		CODE           	1E40	0000	285
		_touch_pressure		SMALLCONST     	0000	0000	0
		_feeder2Pos    		SMALLCONST     	060B	0000	3
		i2_uartTx      		CODE           	2326	0000	79
		rotateObj@stepAngle		SMALLCONST     	0000	0000	0
		_maxFeedX      		SMALLCONST     	0000	0000	0
		_maxFeedY      		SMALLCONST     	0000	0000	0
		i2_storeData   		CODE           	182E	0000	381
		_therm_pressure		SMALLCONST     	0000	0000	0
		__initialization		CODE           	21F2	0000	121
		_feeder1Pos    		SMALLCONST     	060D	0000	3
		_feeder3Pos    		SMALLCONST     	0609	0000	3

shared estimated size: 875

D:\Programs\MPLABx\xc8\v2.20\pic\sources\c99\common\sprcdiv.c
		___fldiv       		CODE           	0612	0000	1075

D:\Programs\MPLABx\xc8\v2.20\pic\sources\c99\common\sprcdiv.c estimated size: 1075

main.c
		_executeData   		CODE           	0E0A	0000	769
		_main          		CODE           	1508	0000	427

main.c estimated size: 1196

