Microchip MPLAB XC8 Compiler V2.20

Linker command line:

-W-3 --edf=D:\Programs\MPLABx\xc8\v2.20\pic\dat\en_msgs.txt -cn \
  -h+dist/default/debug\ESD_PnP_1.X.debug.sym \
  --cmf=dist/default/debug\ESD_PnP_1.X.debug.cmf -z -Q18F452 \
  -oC:\Users\alle9\AppData\Local\Temp\s1330.2 --defsym=__MPLAB_BUILD=1 \
  -Mdist/default/debug/ESD_PnP_1.X.debug.map -E1 -ver=XC8 Compiler \
  --acfsm=1493 -ASTACK=01F7h-05FFh -pstack=STACK -ACODE=00h-03FFFhx2 \
  -ACONST=00h-07FFFh -ASMALLCONST=0600h-06FFhx122 \
  -AMEDIUMCONST=0600h-07FFFh -ACOMRAM=01h-07Fh -AABS1=00h-05FFh \
  -ABIGRAM=01h-05FFh -ARAM=080h-0FFh,0100h-01FFhx5 -ABANK0=080h-0FFh \
  -ABANK1=0100h-01FFh -ABANK2=0200h-02FFh -ABANK3=0300h-03FFh \
  -ABANK4=0400h-04FFh -ABANK5=0500h-05FFh -ASFR=0F80h-0FFFh \
  -ACONFIG=0300000h-030000Dh -AIDLOC=0200000h-0200007h \
  -preset_vec=00h,intcode=08h,intcodelo,powerup,init -pramtop=0600h \
  -psmallconst=SMALLCONST -pmediumconst=MEDIUMCONST -pconst=CONST \
  -AFARRAM=00h-00h -AEEDATA=0F00000h-0F000FFh -peeprom_data=EEDATA \
  -prdata=COMRAM,nvrram=COMRAM,nvbit=COMRAM,rbss=COMRAM,rbit=COMRAM \
  -pfarbss=FARRAM,fardata=FARRAM,nvFARRAM=FARRAM \
  -pintsave_regs=BIGRAM,bigbss=BIGRAM,bigdata=BIGRAM -pbss=RAM \
  -pidata=CODE,irdata=CODE,ibigdata=CODE,ifardata=CODE -prparam=COMRAM \
  C:\Users\alle9\AppData\Local\Temp\s1330.o \
  dist/default/debug\ESD_PnP_1.X.debug.o 

Object code version is 3.11

Machine type is 18F452



                Name                               Link     Load   Length Selector   Space Scale
C:\Users\alle9\AppData\Local\Temp\s1330.o
                idloc                            200000   200000        8        0       5
                config                           300000   300000        E        0       4
                text                               2728     2728        2     1394       0
                init                                1A4      1A4        4        4       0
                reset_vec                             0        0        6        0       0
dist/default/debug\ESD_PnP_1.X.debug.o
                intcode                               8        8      19C        4       0
                idloc                            200000   200000        8        0       5
                config                           300000   300000        E        0       4
                temp                                 6E       6E        1        1       1
                smallconst                          600      600       16      300       0
                text55                             2418     2418       4E     1113       0
                text54                             1CF4     1CF4      11C      30B       0
                text53                             25FC     25FC       12     1113       0
                text52                             2718     2718        8     1113       0
                text51                             2710     2710        8     1113       0
                text50                             2654     2654        E     1113       0
                text49                             26D6     26D6        A     1113       0
                text48                             26CC     26CC        A     1113       0
                text47                             26C2     26C2        A     1113       0
                text46                             2708     2708        8     1113       0
                text45                             2646     2646        E     1113       0
                text44                             1306     1306      284      30B       0
                text42                             2638     2638        E     1113       0
                text41                             262A     262A        E     1113       0
                text40                             26B8     26B8        A     1113       0
                text39                             26AE     26AE        A     1113       0
                text38                             25EA     25EA       12     1113       0
                text37                             25B2     25B2       14     1113       0
                text36                             2226     2226       BE     1113       0
                text35                             267A     267A        C     1113       0
                text34                              A48      A48      344      30B       0
                text33                             2518     2518       30     1113       0
                text32                             24E8     24E8       30     1113       0
                text31                              616      616      432      30B       0
                text30                             1AA2     1AA2      136      30B       0
                text29                             158A     158A      1F8      30B       0
                text28                             2034     2034       FA      30B       0
                text27                             26A4     26A4        A     1113       0
                text26                             269A     269A        A     1113       0
                text25                             266E     266E        C     1113       0
                text24                             2690     2690        A     1113       0
                text23                             2700     2700        8     1113       0
                text22                             1F22     1F22      112      30B       0
                text21                             2662     2662        C     1113       0
                text20                             1E10     1E10      112      30B       0
                text19                              D8C      D8C      2F6      30B       0
                text18                             261C     261C        E     1113       0
                text17                             26F8     26F8        8     1113       0
                text16                             256E     256E       26     1113       0
                text15                             2548     2548       26     1113       0
                text14                             24AC     24AC       3C     1113       0
                text13                             26F0     26F0        8     1113       0
                text12                             26E8     26E8        8     1113       0
                text11                             26E0     26E0        8     1113       0
                text10                             2686     2686        A     1113       0
                text9                              1782     1782      1E4      30B       0
                text8                              236A     236A       60     1113       0
                text7                              23CA     23CA       4E     1113       0
                text6                              1BD8     1BD8      11C      30B       0
                text5                              1082     1082      284      30B       0
                text4                              25D8     25D8       12     1113       0
                text3                              260E     260E        E     1113       0
                text2                              25C6     25C6       12     1113       0
                text1                              2594     2594       1E     1113       0
                text0                              1966     1966      13C      30B       0
                cstackCOMRAM                          1        1       42        1       1
                cstackBANK0                          E2       E2       11       80       1
                dataBANK1                           100      100       F7      100       1
                dataBANK0                            80       80       46       80       1
                bssBANK0                             C6       C6       1C       80       1
                dataCOMRAM                           67       67        7        1       1
                bssCOMRAM                            43       43       24        1       1
                cinit                              22E4     22E4       86     1113       0
                idataBANK1                         212E     212E       F7      30B       0
                idataBANK0                         2466     2466       46     1113       0
                idataCOMRAM                        2720     2720        7     1113       0

TOTAL           Name                               Link     Load   Length     Space
        CLASS   STACK          

        CLASS   CODE           
                intcode                               8        8      19C         0
                text                               2728     2728        2         0
                init                                1A4      1A4        4         0
                reset_vec                             0        0        6         0
                text55                             2418     2418       4E         0
                text54                             1CF4     1CF4      11C         0
                text53                             25FC     25FC       12         0
                text52                             2718     2718        8         0
                text51                             2710     2710        8         0
                text50                             2654     2654        E         0
                text49                             26D6     26D6        A         0
                text48                             26CC     26CC        A         0
                text47                             26C2     26C2        A         0
                text46                             2708     2708        8         0
                text45                             2646     2646        E         0
                text44                             1306     1306      284         0
                text42                             2638     2638        E         0
                text41                             262A     262A        E         0
                text40                             26B8     26B8        A         0
                text39                             26AE     26AE        A         0
                text38                             25EA     25EA       12         0
                text37                             25B2     25B2       14         0
                text36                             2226     2226       BE         0
                text35                             267A     267A        C         0
                text34                              A48      A48      344         0
                text33                             2518     2518       30         0
                text32                             24E8     24E8       30         0
                text31                              616      616      432         0
                text30                             1AA2     1AA2      136         0
                text29                             158A     158A      1F8         0
                text28                             2034     2034       FA         0
                text27                             26A4     26A4        A         0
                text26                             269A     269A        A         0
                text25                             266E     266E        C         0
                text24                             2690     2690        A         0
                text23                             2700     2700        8         0
                text22                             1F22     1F22      112         0
                text21                             2662     2662        C         0
                text20                             1E10     1E10      112         0
                text19                              D8C      D8C      2F6         0
                text18                             261C     261C        E         0
                text17                             26F8     26F8        8         0
                text16                             256E     256E       26         0
                text15                             2548     2548       26         0
                text14                             24AC     24AC       3C         0
                text13                             26F0     26F0        8         0
                text12                             26E8     26E8        8         0
                text11                             26E0     26E0        8         0
                text10                             2686     2686        A         0
                text9                              1782     1782      1E4         0
                text8                              236A     236A       60         0
                text7                              23CA     23CA       4E         0
                text6                              1BD8     1BD8      11C         0
                text5                              1082     1082      284         0
                text4                              25D8     25D8       12         0
                text3                              260E     260E        E         0
                text2                              25C6     25C6       12         0
                text1                              2594     2594       1E         0
                text0                              1966     1966      13C         0
                cinit                              22E4     22E4       86         0
                idataBANK1                         212E     212E       F7         0
                idataBANK0                         2466     2466       46         0
                idataCOMRAM                        2720     2720        7         0

        CLASS   CONST          

        CLASS   SMALLCONST     
                smallconst                          600      600       16         0

        CLASS   MEDIUMCONST    

        CLASS   COMRAM         
                temp                                 6E       6E        1         1
                cstackCOMRAM                          1        1       42         1
                dataCOMRAM                           67       67        7         1
                bssCOMRAM                            43       43       24         1

        CLASS   ABS1           

        CLASS   BIGRAM         

        CLASS   RAM            

        CLASS   BANK0          
                cstackBANK0                          E2       E2       11         1
                dataBANK0                            80       80       46         1
                bssBANK0                             C6       C6       1C         1

        CLASS   BANK1          
                dataBANK1                           100      100       F7         1

        CLASS   BANK2          

        CLASS   BANK3          

        CLASS   BANK4          

        CLASS   BANK5          

        CLASS   SFR            

        CLASS   CONFIG         
                config                           300000   300000        E         4

        CLASS   IDLOC          
                idloc                            200000   200000        8         5

        CLASS   FARRAM         

        CLASS   EEDATA         



SEGMENTS        Name                           Load    Length   Top    Selector   Space  Class

                reset_vec                      000000  000006  000006         0       0  CODE    
                cstackCOMRAM                   000001  00006E  00006F         1       1  COMRAM  
                intcode                        000008  0001A0  0001A8         4       0  CODE    
                dataBANK0                      000080  000073  0000F3        80       1  BANK0   
                dataBANK1                      000100  0000F7  0001F7       100       1  BANK1   
                smallconst                     000600  000016  000616       300       0  SMALLCON
                text31                         000616  001C0F  002225       30B       0  CODE    
                text36                         002226  000501  002727      1113       0  CODE    
                text                           002728  000002  00272A      1394       0  CODE    


UNUSED ADDRESS RANGES

        Name                Unused          Largest block    Delta
        BANK0            0000F3-0000FF                D
        BANK1            0001F7-0001FF                9
        BANK2            000200-0002FF              100
        BANK3            000300-0003FF              100
        BANK4            000400-0004FF              100
        BANK5            000500-0005FF              100
        BIGRAM           00006F-00007F               11
                         0000F3-0000FF                D
                         0001F7-0005FF              409
        CODE             000006-000007                2
                         0001A8-0005FF              458
                         002225-002225                1
                         002727-002727                1
                         00272A-007FFF             18D6
        COMRAM           00006F-00007F               11
        CONST            000006-000007                2
                         0001A8-0005FF              458
                         002225-002225                1
                         002727-002727                1
                         00272A-007FFF             58D6
        EEDATA           F00000-F000FF              100
        MEDIUMCONST      002225-002225                1
                         002727-002727                1
                         00272A-007FFF             58D6
        RAM              0000F3-0000FF                D
                         0001F7-0005FF              100
        SFR              000F80-000FFF               80
        SMALLCONST       002225-002225                1
                         002727-002727                1
                         00272A-007FFF              100
        STACK            0001F7-0005FF              409

                                  Symbol Table

?___fldiv                                                cstackCOMRAM 000020
?___fltol                                                cstackCOMRAM 000039
?___xxtofl                                               cstackCOMRAM 000012
?_getData                                                cstackCOMRAM 000012
?_getNewSequence                                         cstackCOMRAM 000012
?_retPeriod                                              cstackCOMRAM 000001
?_returnTherm                                            cstackCOMRAM 000012
?_returnTouch                                            cstackCOMRAM 000012
?_stepCounter                                            cstackCOMRAM 000012
?_stepMade                                               cstackCOMRAM 000012
_ADCON0bits                                              (abs)        000FC2
_ADCON1bits                                              (abs)        000FC1
_ADC_res                                                 bssCOMRAM    000053
_ADRESH                                                  (abs)        000FC4
_ADRESL                                                  (abs)        000FC3
_INTCONbits                                              (abs)        000FF2
_IPR1bits                                                (abs)        000F9F
_LATA                                                    (abs)        000F89
_LATAbits                                                (abs)        000F89
_LATB                                                    (abs)        000F8A
_LATBbits                                                (abs)        000F8A
_LATC                                                    (abs)        000F8B
_LATCbits                                                (abs)        000F8B
_LATD                                                    (abs)        000F8C
_LATDbits                                                (abs)        000F8C
_PIE1bits                                                (abs)        000F9D
_PIR1bits                                                (abs)        000F9E
_PORTDbits                                               (abs)        000F83
_PORTEbits                                               (abs)        000F84
_RCONbits                                                (abs)        000FD0
_RCREG1                                                  (abs)        000FAE
_RCSTA1bits                                              (abs)        000FAB
_RCSTAbits                                               (abs)        000FAB
_SPBRG                                                   (abs)        000FAF
_T0CONbits                                               (abs)        000FD5
_T1CONbits                                               (abs)        000FCD
_T2CONbits                                               (abs)        000FCA
_TMR0                                                    (abs)        000FD6
_TMR2                                                    (abs)        000FCC
_TRISA                                                   (abs)        000F92
_TRISB                                                   (abs)        000F93
_TRISC                                                   (abs)        000F94
_TRISCbits                                               (abs)        000F94
_TRISD                                                   (abs)        000F95
_TRISDbits                                               (abs)        000F95
_TRISEbits                                               (abs)        000F96
_TXREG                                                   (abs)        000FAD
_TXSTAbits                                               (abs)        000FAC
__HRAM                                                   (abs)        000000
__Habs1                                                  abs1         000000
__Hbank0                                                 bank0        000000
__Hbank1                                                 bank1        000000
__Hbank2                                                 bank2        000000
__Hbank3                                                 bank3        000000
__Hbank4                                                 bank4        000000
__Hbank5                                                 bank5        000000
__Hbigbss                                                bigbss       000000
__Hbigdata                                               bigdata      000000
__Hbigram                                                bigram       000000
__Hbss                                                   bss          000000
__HbssBANK0                                              bssBANK0     000000
__HbssCOMRAM                                             bssCOMRAM    000000
__Hcinit                                                 cinit        000000
__Hclrtext                                               clrtext      000000
__Hcomram                                                comram       000000
__Hconfig                                                config       30000E
__Hconst                                                 const        000000
__HcstackBANK0                                           cstackBANK0  000000
__HcstackCOMRAM                                          cstackCOMRAM 000000
__Hdata                                                  data         000000
__HdataBANK0                                             dataBANK0    000000
__HdataBANK1                                             dataBANK1    000000
__HdataCOMRAM                                            dataCOMRAM   000000
__Heeprom_data                                           eeprom_data  000000
__Hfarbss                                                farbss       000000
__Hfardata                                               fardata      000000
__Hibigdata                                              ibigdata     000000
__Hidata                                                 idata        000000
__HidataBANK0                                            idataBANK0   000000
__HidataBANK1                                            idataBANK1   000000
__HidataCOMRAM                                           idataCOMRAM  000000
__Hidloc                                                 idloc        200008
__Hifardata                                              ifardata     000000
__Hinit                                                  init         0001A8
__Hintcode                                               intcode      0001A4
__Hintcode_body                                          intcode_body 000000
__Hintcodelo                                             intcodelo    0001A4
__Hintentry                                              intentry     000000
__Hintret                                                intret       000000
__Hintsave_regs                                          intsave_regs 000000
__Hirdata                                                irdata       000000
__Hmediumconst                                           mediumconst  000000
__HnvFARRAM                                              nvFARRAM     000000
__Hnvbit                                                 nvbit        000000
__Hnvrram                                                nvrram       000000
__Hparam                                                 rparam       000000
__Hpowerup                                               powerup      0001A4
__Hram                                                   ram          000000
__Hramtop                                                ramtop       000600
__Hrbit                                                  rbit         000000
__Hrbss                                                  rbss         000000
__Hrdata                                                 rdata        000000
__Hreset_vec                                             reset_vec    000006
__Hrparam                                                rparam       000000
__Hsfr                                                   sfr          000000
__Hsmallconst                                            smallconst   000616
__Hspace_0                                               (abs)        00272A
__Hspace_1                                               (abs)        0001F7
__Hspace_2                                               (abs)        000000
__Hspace_4                                               (abs)        60000E
__Hstack                                                 stack        000000
__Hstruct                                                struct       000000
__Htemp                                                  temp         00006F
__Htext                                                  text         000000
__Htext0                                                 text0        000000
__Htext1                                                 text1        000000
__Htext10                                                text10       000000
__Htext11                                                text11       000000
__Htext12                                                text12       000000
__Htext13                                                text13       000000
__Htext14                                                text14       000000
__Htext15                                                text15       000000
__Htext16                                                text16       000000
__Htext17                                                text17       000000
__Htext18                                                text18       000000
__Htext19                                                text19       000000
__Htext2                                                 text2        000000
__Htext20                                                text20       000000
__Htext21                                                text21       000000
__Htext22                                                text22       000000
__Htext23                                                text23       000000
__Htext24                                                text24       000000
__Htext25                                                text25       000000
__Htext26                                                text26       000000
__Htext27                                                text27       000000
__Htext28                                                text28       000000
__Htext29                                                text29       000000
__Htext3                                                 text3        000000
__Htext30                                                text30       000000
__Htext31                                                text31       000000
__Htext32                                                text32       000000
__Htext33                                                text33       000000
__Htext34                                                text34       000000
__Htext35                                                text35       000000
__Htext36                                                text36       000000
__Htext37                                                text37       000000
__Htext38                                                text38       000000
__Htext39                                                text39       000000
__Htext4                                                 text4        000000
__Htext40                                                text40       000000
__Htext41                                                text41       000000
__Htext42                                                text42       000000
__Htext44                                                text44       000000
__Htext45                                                text45       000000
__Htext46                                                text46       000000
__Htext47                                                text47       000000
__Htext48                                                text48       000000
__Htext49                                                text49       000000
__Htext5                                                 text5        000000
__Htext50                                                text50       000000
__Htext51                                                text51       000000
__Htext52                                                text52       000000
__Htext53                                                text53       000000
__Htext54                                                text54       000000
__Htext55                                                text55       000000
__Htext6                                                 text6        000000
__Htext7                                                 text7        000000
__Htext8                                                 text8        000000
__Htext9                                                 text9        000000
__LRAM                                                   (abs)        000001
__Labs1                                                  abs1         000000
__Lbank0                                                 bank0        000000
__Lbank1                                                 bank1        000000
__Lbank2                                                 bank2        000000
__Lbank3                                                 bank3        000000
__Lbank4                                                 bank4        000000
__Lbank5                                                 bank5        000000
__Lbigbss                                                bigbss       000000
__Lbigdata                                               bigdata      000000
__Lbigram                                                bigram       000000
__Lbss                                                   bss          000000
__LbssBANK0                                              bssBANK0     000000
__LbssCOMRAM                                             bssCOMRAM    000000
__Lcinit                                                 cinit        000000
__Lclrtext                                               clrtext      000000
__Lcomram                                                comram       000000
__Lconfig                                                config       000000
__Lconst                                                 const        000000
__LcstackBANK0                                           cstackBANK0  000000
__LcstackCOMRAM                                          cstackCOMRAM 000000
__Ldata                                                  data         000000
__LdataBANK0                                             dataBANK0    000000
__LdataBANK1                                             dataBANK1    000000
__LdataCOMRAM                                            dataCOMRAM   000000
__Leeprom_data                                           eeprom_data  000000
__Lfarbss                                                farbss       000000
__Lfardata                                               fardata      000000
__Libigdata                                              ibigdata     000000
__Lidata                                                 idata        000000
__LidataBANK0                                            idataBANK0   000000
__LidataBANK1                                            idataBANK1   000000
__LidataCOMRAM                                           idataCOMRAM  000000
__Lidloc                                                 idloc        000000
__Lifardata                                              ifardata     000000
__Linit                                                  init         0001A4
__Lintcode                                               intcode      000008
__Lintcode_body                                          intcode_body 000000
__Lintcodelo                                             intcodelo    0001A4
__Lintentry                                              intentry     000000
__Lintret                                                intret       000000
__Lintsave_regs                                          intsave_regs 000000
__Lirdata                                                irdata       000000
__Lmediumconst                                           mediumconst  000000
__LnvFARRAM                                              nvFARRAM     000000
__Lnvbit                                                 nvbit        000000
__Lnvrram                                                nvrram       000000
__Lparam                                                 rparam       000000
__Lpowerup                                               powerup      0001A4
__Lram                                                   ram          000000
__Lramtop                                                ramtop       000600
__Lrbit                                                  rbit         000000
__Lrbss                                                  rbss         000000
__Lrdata                                                 rdata        000000
__Lreset_vec                                             reset_vec    000000
__Lrparam                                                rparam       000000
__Lsfr                                                   sfr          000000
__Lsmallconst                                            smallconst   000600
__Lspace_0                                               (abs)        000000
__Lspace_1                                               (abs)        000000
__Lspace_2                                               (abs)        000000
__Lspace_4                                               (abs)        000000
__Lstack                                                 stack        000000
__Lstruct                                                struct       000000
__Ltemp                                                  temp         00006E
__Ltext                                                  text         000000
__Ltext0                                                 text0        000000
__Ltext1                                                 text1        000000
__Ltext10                                                text10       000000
__Ltext11                                                text11       000000
__Ltext12                                                text12       000000
__Ltext13                                                text13       000000
__Ltext14                                                text14       000000
__Ltext15                                                text15       000000
__Ltext16                                                text16       000000
__Ltext17                                                text17       000000
__Ltext18                                                text18       000000
__Ltext19                                                text19       000000
__Ltext2                                                 text2        000000
__Ltext20                                                text20       000000
__Ltext21                                                text21       000000
__Ltext22                                                text22       000000
__Ltext23                                                text23       000000
__Ltext24                                                text24       000000
__Ltext25                                                text25       000000
__Ltext26                                                text26       000000
__Ltext27                                                text27       000000
__Ltext28                                                text28       000000
__Ltext29                                                text29       000000
__Ltext3                                                 text3        000000
__Ltext30                                                text30       000000
__Ltext31                                                text31       000000
__Ltext32                                                text32       000000
__Ltext33                                                text33       000000
__Ltext34                                                text34       000000
__Ltext35                                                text35       000000
__Ltext36                                                text36       000000
__Ltext37                                                text37       000000
__Ltext38                                                text38       000000
__Ltext39                                                text39       000000
__Ltext4                                                 text4        000000
__Ltext40                                                text40       000000
__Ltext41                                                text41       000000
__Ltext42                                                text42       000000
__Ltext44                                                text44       000000
__Ltext45                                                text45       000000
__Ltext46                                                text46       000000
__Ltext47                                                text47       000000
__Ltext48                                                text48       000000
__Ltext49                                                text49       000000
__Ltext5                                                 text5        000000
__Ltext50                                                text50       000000
__Ltext51                                                text51       000000
__Ltext52                                                text52       000000
__Ltext53                                                text53       000000
__Ltext54                                                text54       000000
__Ltext55                                                text55       000000
__Ltext6                                                 text6        000000
__Ltext7                                                 text7        000000
__Ltext8                                                 text8        000000
__Ltext9                                                 text9        000000
__S0                                                     (abs)        00272A
__S1                                                     (abs)        0001F7
__S2                                                     (abs)        000000
__S4                                                     (abs)        000000
__S5                                                     (abs)        000000
___fldiv                                                 text31       000616
___fldiv@a                                               cstackCOMRAM 000024
___fldiv@aexp                                            cstackCOMRAM 000038
___fldiv@b                                               cstackCOMRAM 000020
___fldiv@bexp                                            cstackCOMRAM 000037
___fldiv@grs                                             cstackCOMRAM 000033
___fldiv@new_exp                                         cstackCOMRAM 000031
___fldiv@rem                                             cstackCOMRAM 00002C
___fldiv@sign                                            cstackCOMRAM 000030
___fltol                                                 text30       001AA2
___fltol@exp1                                            cstackCOMRAM 000042
___fltol@f1                                              cstackCOMRAM 000039
___fltol@sign1                                           cstackCOMRAM 000041
___inthi_sp                                              stack        000000
___intlo_sp                                              stack        000000
___param_bank                                            (abs)        000000
___rparam_used                                           (abs)        000001
___sp                                                    stack        000000
___xxtofl                                                text29       00158A
___xxtofl@arg                                            cstackCOMRAM 00001C
___xxtofl@exp                                            cstackCOMRAM 00001B
___xxtofl@sign                                           cstackCOMRAM 00001A
___xxtofl@val                                            cstackCOMRAM 000012
__accesstop                                              (abs)        000080
__activetblptr                                           (abs)        000002
__cntErrataNOP_C:\Users\alle9\AppData\Local\Temp\s1330.o (abs)        000001
__cntErrataNOP_dist/default/debug\ESD_PnP_1.X.debug.o    (abs)        000212
__end_of___fldiv                                         text31       000A48
__end_of___fltol                                         text30       001BD8
__end_of___xxtofl                                        text29       001782
__end_of__initialization                                 cinit        00235C
__end_of_abortAll                                        text53       00260E
__end_of_clearTM0                                        text42       002646
__end_of_executeData                                     text19       001082
__end_of_fatalError                                      text52       002720
__end_of_feeder1Pos                                      smallconst   000613
__end_of_feeder2Pos                                      smallconst   000611
__end_of_feeder3Pos                                      smallconst   00060F
__end_of_getData                                         text41       002638
__end_of_getNewSequence                                  text18       00262A
__end_of_increaseSeq                                     text17       002700
__end_of_increaseStep                                    text51       002718
__end_of_initADC                                         text16       002594
__end_of_initPinMotors                                   text15       00256E
__end_of_interruptInit                                   text14       0024E8
__end_of_isr                                             intcode      0001A4
__end_of_liftArm                                         text36       0022E4
__end_of_main                                            text0        001AA2
__end_of_maxFeedX                                        smallconst   000615
__end_of_maxFeedY                                        smallconst   000614
__end_of_maxX                                            smallconst   000609
__end_of_maxY                                            smallconst   000607
__end_of_moveToPoint                                     text34       000D8C
__end_of_newSequence                                     text13       0026F8
__end_of_pickObject                                      text33       002548
__end_of_printError                                      text6        001CF4
__end_of_readSeq                                         text12       0026F0
__end_of_reduceSeq                                       text11       0026E8
__end_of_releaseObj                                      text32       002518
__end_of_resetNewSequence                                text10       002690
__end_of_resetPosition                                   text9        001966
__end_of_resetStep                                       text40       0026C2
__end_of_resetTM0_Temp                                   text39       0026B8
__end_of_resetTM2_Temp                                   text38       0025FC
__end_of_resetTherm                                      text27       0026AE
__end_of_resetTouch                                      text26       0026A4
__end_of_retPeriod                                       text50       002662
__end_of_returnTherm                                     text21       00266E
__end_of_returnTouch                                     text25       00267A
__end_of_rotateObj                                       text28       00212E
__end_of_setThermRel                                     text49       0026E0
__end_of_setTouchRel                                     text48       0026D6
__end_of_shiftData                                       text8        0023CA
__end_of_startADC                                        text24       00269A
__end_of_stepCounter                                     text35       002686
__end_of_stepMade                                        text37       0025C6
__end_of_stopADC                                         text23       002708
__end_of_storeData                                       text5        001306
__end_of_therm_pressure                                  smallconst   00060B
__end_of_tim0Init                                        text4        0025EA
__end_of_tim1Init                                        text3        00261C
__end_of_tim2Init                                        text2        0025D8
__end_of_toggleStep                                      text47       0026CC
__end_of_touchObject                                     text22       002034
__end_of_touchTherm                                      text20       001F22
__end_of_touch_pressure                                  smallconst   00060D
__end_of_uartTx                                          text7        002418
__end_of_usartInit                                       text1        0025B2
__end_of_whatsTM0Limit                                   text46       002710
__end_of_writeTM0                                        text45       002654
__end_ofi2_printError                                    text54       001E10
__end_ofi2_storeData                                     text44       00158A
__end_ofi2_uartTx                                        text55       002466
__end_ofrotateObj@stepAngle                              smallconst   000605
__fatalError                                             bssCOMRAM    000060
__initialization                                         cinit        0022E4
__mediumconst                                            mediumconst  000000
__newSequence                                            bssCOMRAM    00005F
__pbssBANK0                                              bssBANK0     0000C6
__pbssCOMRAM                                             bssCOMRAM    000043
__pcinit                                                 cinit        0022E4
__pcstackBANK0                                           cstackBANK0  0000E2
__pcstackCOMRAM                                          cstackCOMRAM 000001
__pdataBANK0                                             dataBANK0    000080
__pdataBANK1                                             dataBANK1    000100
__pdataCOMRAM                                            dataCOMRAM   000067
__pidataBANK0                                            idataBANK0   002466
__pidataBANK1                                            idataBANK1   00212E
__pidataCOMRAM                                           idataCOMRAM  002720
__pintcode                                               intcode      000008
__psmallconst                                            smallconst   000600
__ptext0                                                 text0        001966
__ptext1                                                 text1        002594
__ptext10                                                text10       002686
__ptext11                                                text11       0026E0
__ptext12                                                text12       0026E8
__ptext13                                                text13       0026F0
__ptext14                                                text14       0024AC
__ptext15                                                text15       002548
__ptext16                                                text16       00256E
__ptext17                                                text17       0026F8
__ptext18                                                text18       00261C
__ptext19                                                text19       000D8C
__ptext2                                                 text2        0025C6
__ptext20                                                text20       001E10
__ptext21                                                text21       002662
__ptext22                                                text22       001F22
__ptext23                                                text23       002700
__ptext24                                                text24       002690
__ptext25                                                text25       00266E
__ptext26                                                text26       00269A
__ptext27                                                text27       0026A4
__ptext28                                                text28       002034
__ptext29                                                text29       00158A
__ptext3                                                 text3        00260E
__ptext30                                                text30       001AA2
__ptext31                                                text31       000616
__ptext32                                                text32       0024E8
__ptext33                                                text33       002518
__ptext34                                                text34       000A48
__ptext35                                                text35       00267A
__ptext36                                                text36       002226
__ptext37                                                text37       0025B2
__ptext38                                                text38       0025EA
__ptext39                                                text39       0026AE
__ptext4                                                 text4        0025D8
__ptext40                                                text40       0026B8
__ptext41                                                text41       00262A
__ptext42                                                text42       002638
__ptext44                                                text44       001306
__ptext45                                                text45       002646
__ptext46                                                text46       002708
__ptext47                                                text47       0026C2
__ptext48                                                text48       0026CC
__ptext49                                                text49       0026D6
__ptext5                                                 text5        001082
__ptext50                                                text50       002654
__ptext51                                                text51       002710
__ptext52                                                text52       002718
__ptext53                                                text53       0025FC
__ptext54                                                text54       001CF4
__ptext55                                                text55       002418
__ptext6                                                 text6        001BD8
__ptext7                                                 text7        0023CA
__ptext8                                                 text8        00236A
__ptext9                                                 text9        001782
__ramtop                                                 ramtop       000600
__size_of___fldiv                                        (abs)        000000
__size_of___fltol                                        (abs)        000000
__size_of___xxtofl                                       (abs)        000000
__size_of_abortAll                                       (abs)        000000
__size_of_clearTM0                                       (abs)        000000
__size_of_executeData                                    (abs)        000000
__size_of_fatalError                                     (abs)        000000
__size_of_getData                                        (abs)        000000
__size_of_getNewSequence                                 (abs)        000000
__size_of_increaseSeq                                    (abs)        000000
__size_of_increaseStep                                   (abs)        000000
__size_of_initADC                                        (abs)        000000
__size_of_initPinMotors                                  (abs)        000000
__size_of_interruptInit                                  (abs)        000000
__size_of_isr                                            (abs)        000000
__size_of_liftArm                                        (abs)        000000
__size_of_main                                           (abs)        000000
__size_of_moveToPoint                                    (abs)        000000
__size_of_newSequence                                    (abs)        000000
__size_of_pickObject                                     (abs)        000000
__size_of_printError                                     (abs)        000000
__size_of_readSeq                                        (abs)        000000
__size_of_reduceSeq                                      (abs)        000000
__size_of_releaseObj                                     (abs)        000000
__size_of_resetNewSequence                               (abs)        000000
__size_of_resetPosition                                  (abs)        000000
__size_of_resetStep                                      (abs)        000000
__size_of_resetTM0_Temp                                  (abs)        000000
__size_of_resetTM2_Temp                                  (abs)        000000
__size_of_resetTherm                                     (abs)        000000
__size_of_resetTouch                                     (abs)        000000
__size_of_retPeriod                                      (abs)        000000
__size_of_returnTherm                                    (abs)        000000
__size_of_returnTouch                                    (abs)        000000
__size_of_rotateObj                                      (abs)        000000
__size_of_setThermRel                                    (abs)        000000
__size_of_setTouchRel                                    (abs)        000000
__size_of_shiftData                                      (abs)        000000
__size_of_startADC                                       (abs)        000000
__size_of_stepCounter                                    (abs)        000000
__size_of_stepMade                                       (abs)        000000
__size_of_stopADC                                        (abs)        000000
__size_of_storeData                                      (abs)        000000
__size_of_tim0Init                                       (abs)        000000
__size_of_tim1Init                                       (abs)        000000
__size_of_tim2Init                                       (abs)        000000
__size_of_toggleStep                                     (abs)        000000
__size_of_touchObject                                    (abs)        000000
__size_of_touchTherm                                     (abs)        000000
__size_of_uartTx                                         (abs)        000000
__size_of_usartInit                                      (abs)        000000
__size_of_whatsTM0Limit                                  (abs)        000000
__size_of_writeTM0                                       (abs)        000000
__size_ofi2_printError                                   (abs)        000000
__size_ofi2_storeData                                    (abs)        000000
__size_ofi2_uartTx                                       (abs)        000000
__smallconst                                             smallconst   000600
_abortAll                                                text53       0025FC
_clearTM0                                                text42       002638
_completeStep                                            bssCOMRAM    000062
_counter                                                 bssCOMRAM    00005E
_dataCounter                                             bssCOMRAM    000061
_dataSequence                                            bssBANK0     0000C6
_errString_Bound                                         dataBANK1    0001D6
_errString_Command                                       dataBANK0    0000AE
_errString_Fatal                                         dataBANK1    0001AF
_errString_Feed                                          dataBANK0    000090
_errString_Point                                         dataBANK1    000135
_errString_PointZ                                        dataBANK1    000100
_errString_Reset                                         dataBANK1    000187
_errString_ZEND                                          dataBANK1    00015E
_executeData                                             text19       000D8C
_fatalError                                              text52       002718
_feeder1Pos                                              smallconst   000611
_feeder2Pos                                              smallconst   00060F
_feeder3Pos                                              smallconst   00060D
_getData                                                 text41       00262A
_getNewSequence                                          text18       00261C
_increaseSeq                                             text17       0026F8
_increaseStep                                            text51       002710
_initADC                                                 text16       00256E
_initPinMotors                                           text15       002548
_interruptInit                                           text14       0024AC
_isr                                                     intcode      000008
_liftArm                                                 text36       002226
_main                                                    text0        001966
_mexLength                                               dataCOMRAM   00006D
_motCounter                                              dataCOMRAM   000067
_moveToPoint                                             text34       000A48
_neverCheck                                              bssCOMRAM    00005D
_newFeeder                                               bssCOMRAM    000055
_newSequence                                             text13       0026F0
_newSequenceData                                         bssBANK0     0000DA
_pickObject                                              text33       002518
_posVector                                               bssCOMRAM    00004C
_printError                                              text6        001BD8
_pwmPeriod                                               bssCOMRAM    00004F
_pwmStep                                                 bssCOMRAM    00005C
_readSeq                                                 text12       0026E8
_receivedMex                                             bssCOMRAM    000043
_reduceSeq                                               text11       0026E0
_releaseObj                                              text32       0024E8
_resetNewSequence                                        text10       002686
_resetPosition                                           text9        001782
_resetStep                                               text40       0026B8
_resetTM0_Temp                                           text39       0026AE
_resetTM2_Temp                                           text38       0025EA
_resetTherm                                              text27       0026A4
_resetTouch                                              text26       00269A
_retPeriod                                               text50       002654
_returnTherm                                             text21       002662
_returnTouch                                             text25       00266E
_rotAngle                                                bssCOMRAM    000057
_rotateObj                                               text28       002034
_setThermRel                                             text49       0026D6
_setTouchRel                                             text48       0026CC
_shiftData                                               text8        00236A
_single_cycle                                            bssCOMRAM    000051
_startADC                                                text24       002690
_stepCounter                                             text35       00267A
_stepMade                                                text37       0025B2
_stepMot1                                                dataBANK0    00008C
_stepMot2                                                dataBANK0    000088
_stepMot3                                                dataBANK0    000084
_stepToggle                                              bssCOMRAM    00005B
_stopADC                                                 text23       002700
_storeData                                               text5        001082
_therm_rel                                               bssCOMRAM    000064
_tim0Init                                                text4        0025D8
_tim1Init                                                text3        00260E
_tim2Init                                                text2        0025C6
_tm0Count                                                bssCOMRAM    000063
_tm0Error                                                bssCOMRAM    000059
_tm0Limit                                                bssCOMRAM    000066
_toggleStep                                              text47       0026C2
_touchObject                                             text22       001F22
_touchTherm                                              text20       001E10
_touch_rel                                               bssCOMRAM    000065
_uartTx                                                  text7        0023CA
_usartInit                                               text1        002594
_whatsTM0Limit                                           text46       002708
_writeTM0                                                text45       002646
btemp                                                    temp         00006E
end_of_initialization                                    cinit        00235C
executeData@data                                         cstackBANK0  0000EB
executeData@errCode                                      cstackBANK0  0000ED
i2_printError                                            text54       001CF4
i2_storeData                                             text44       001306
i2_uartTx                                                text55       002418
i2printError@errCode                                     cstackCOMRAM 000007
i2storeData@data                                         cstackCOMRAM 00000A
i2uartTx@i                                               cstackCOMRAM 000004
i2uartTx@length                                          cstackCOMRAM 000003
i2uartTx@ptr                                             cstackCOMRAM 000001
int$flags                                                temp         00006E
intlevel0                                                text         002728
intlevel1                                                text         002728
intlevel2                                                text         002728
intlevel3                                                text         002728
isr@temp                                                 cstackCOMRAM 000011
main@errCode                                             cstackBANK0  0000F0
main@newData                                             cstackBANK0  0000F1
moveToPoint@MOT1Direction                                cstackCOMRAM 00001F
moveToPoint@MOT2Direction                                cstackCOMRAM 000020
moveToPoint@keepMovingX                                  cstackCOMRAM 000021
moveToPoint@keepMovingY                                  cstackCOMRAM 000022
moveToPoint@x1                                           cstackCOMRAM 000015
moveToPoint@x2                                           cstackCOMRAM 000019
moveToPoint@y1                                           cstackCOMRAM 000017
moveToPoint@y2                                           cstackCOMRAM 00001B
printError@errCode                                       cstackCOMRAM 000018
resetPosition@keepMovingX                                cstackCOMRAM 000015
resetPosition@keepMovingY                                cstackCOMRAM 000016
resetPosition@keepMovingZ                                cstackCOMRAM 000017
rotateObj@c                                              cstackBANK0  0000E7
rotateObj@i                                              cstackBANK0  0000E5
rotateObj@rotAngle                                       cstackBANK0  0000E2
rotateObj@rotSequence                                    dataBANK0    000080
rotateObj@totStep                                        cstackBANK0  0000E3
shiftData@i                                              cstackCOMRAM 000014
stackhi                                                  (abs)        0005FF
stacklo                                                  (abs)        0001F7
start                                                    init         0001A4
start_initialization                                     cinit        0022E4
stepMade@temp                                            cstackCOMRAM 000014
storeData@data                                           cstackCOMRAM 00001B
tim2Init@_pwmPeriod                                      cstackCOMRAM 000012
ttemp5                                                   temp         00006F
ttemp6                                                   temp         000072
ttemp7                                                   temp         000076
uartTx@i                                                 cstackCOMRAM 000015
uartTx@length                                            cstackCOMRAM 000014
uartTx@ptr                                               cstackCOMRAM 000012
wtemp8                                                   temp         00006F


FUNCTION INFORMATION:

 *************** function _main *****************
 Defined at:
		line 18 in file "main.c"
 Parameters:    Size  Location     Type
		None
 Auto vars:     Size  Location     Type
  newData         2   15[BANK0 ] PTR struct .
		 -> newSequenceData(8), 
  errCode         1   14[BANK0 ] unsigned char 
 Return value:  Size  Location     Type
                  1    wreg      void 
 Registers used:
		wreg, fsr1l, fsr1h, fsr2l, fsr2h, status,2, status,0, tblptrl, tblptrh, tblptru, prodl, prodh, cstack
 Tracked objects:
		On entry : 
		On exit  : 
		Unchanged: 
 Data sizes:     COMRAM   BANK0   BANK1   BANK2   BANK3   BANK4   BANK5
      Params:         0       0       0       0       0       0       0
      Locals:         0       3       0       0       0       0       0
      Temps:          0       2       0       0       0       0       0
      Totals:         0       5       0       0       0       0       0
Total ram usage:        5 bytes
 Hardware stack levels required when called:    7
 This function calls:
		_clearTM0
		_executeData
		_getNewSequence
		_increaseSeq
		_initADC
		_initPinMotors
		_interruptInit
		_newSequence
		_printError
		_readSeq
		_reduceSeq
		_resetNewSequence
		_resetPosition
		_shiftData
		_storeData
		_tim0Init
		_tim1Init
		_tim2Init
		_usartInit
 This function is called by:
		Startup code after reset
 This function uses a non-reentrant model


 *************** function _usartInit *****************
 Defined at:
		line 111 in file "usart.c"
 Parameters:    Size  Location     Type
		None
 Auto vars:     Size  Location     Type
		None
 Return value:  Size  Location     Type
                  1    wreg      void 
 Registers used:
		wreg, status,2
 Tracked objects:
		On entry : 
		On exit  : 
		Unchanged: 
 Data sizes:     COMRAM   BANK0   BANK1   BANK2   BANK3   BANK4   BANK5
      Params:         0       0       0       0       0       0       0
      Locals:         0       0       0       0       0       0       0
      Temps:          0       0       0       0       0       0       0
      Totals:         0       0       0       0       0       0       0
Total ram usage:        0 bytes
 Hardware stack levels used:    1
 Hardware stack levels required when called:    4
 This function calls:
		Nothing
 This function is called by:
		_main
 This function uses a non-reentrant model


 *************** function _tim2Init *****************
 Defined at:
		line 46 in file "timer.c"
 Parameters:    Size  Location     Type
  _pwmPeriod      2   17[COMRAM] unsigned int 
 Auto vars:     Size  Location     Type
		None
 Return value:  Size  Location     Type
                  1    wreg      void 
 Registers used:
		None
 Tracked objects:
		On entry : 
		On exit  : 
		Unchanged: 
 Data sizes:     COMRAM   BANK0   BANK1   BANK2   BANK3   BANK4   BANK5
      Params:         2       0       0       0       0       0       0
      Locals:         0       0       0       0       0       0       0
      Temps:          0       0       0       0       0       0       0
      Totals:         2       0       0       0       0       0       0
Total ram usage:        2 bytes
 Hardware stack levels used:    1
 Hardware stack levels required when called:    4
 This function calls:
		Nothing
 This function is called by:
		_main
 This function uses a non-reentrant model


 *************** function _tim1Init *****************
 Defined at:
		line 33 in file "timer.c"
 Parameters:    Size  Location     Type
		None
 Auto vars:     Size  Location     Type
		None
 Return value:  Size  Location     Type
                  1    wreg      void 
 Registers used:
		wreg, status,2
 Tracked objects:
		On entry : 
		On exit  : 
		Unchanged: 
 Data sizes:     COMRAM   BANK0   BANK1   BANK2   BANK3   BANK4   BANK5
      Params:         0       0       0       0       0       0       0
      Locals:         0       0       0       0       0       0       0
      Temps:          0       0       0       0       0       0       0
      Totals:         0       0       0       0       0       0       0
Total ram usage:        0 bytes
 Hardware stack levels used:    1
 Hardware stack levels required when called:    4
 This function calls:
		Nothing
 This function is called by:
		_main
 This function uses a non-reentrant model


 *************** function _tim0Init *****************
 Defined at:
		line 21 in file "timer.c"
 Parameters:    Size  Location     Type
		None
 Auto vars:     Size  Location     Type
		None
 Return value:  Size  Location     Type
                  1    wreg      void 
 Registers used:
		wreg, status,2
 Tracked objects:
		On entry : 
		On exit  : 
		Unchanged: 
 Data sizes:     COMRAM   BANK0   BANK1   BANK2   BANK3   BANK4   BANK5
      Params:         0       0       0       0       0       0       0
      Locals:         0       0       0       0       0       0       0
      Temps:          0       0       0       0       0       0       0
      Totals:         0       0       0       0       0       0       0
Total ram usage:        0 bytes
 Hardware stack levels used:    1
 Hardware stack levels required when called:    4
 This function calls:
		Nothing
 This function is called by:
		_main
 This function uses a non-reentrant model


 *************** function _storeData *****************
 Defined at:
		line 183 in file "usart.c"
 Parameters:    Size  Location     Type
  data            1    wreg     unsigned char 
 Auto vars:     Size  Location     Type
  data            1   26[COMRAM] unsigned char 
 Return value:  Size  Location     Type
                  1    wreg      void 
 Registers used:
		wreg, fsr2l, fsr2h, status,2, status,0, prodl, prodh, cstack
 Tracked objects:
		On entry : 
		On exit  : 
		Unchanged: 
 Data sizes:     COMRAM   BANK0   BANK1   BANK2   BANK3   BANK4   BANK5
      Params:         0       0       0       0       0       0       0
      Locals:         1       0       0       0       0       0       0
      Temps:          2       0       0       0       0       0       0
      Totals:         3       0       0       0       0       0       0
Total ram usage:        3 bytes
 Hardware stack levels used:    1
 Hardware stack levels required when called:    6
 This function calls:
		_printError
 This function is called by:
		_main
 This function uses a non-reentrant model


 *************** function _printError *****************
 Defined at:
		line 130 in file "usart.c"
 Parameters:    Size  Location     Type
  errCode         1    wreg     unsigned char 
 Auto vars:     Size  Location     Type
  errCode         1   23[COMRAM] unsigned char 
 Return value:  Size  Location     Type
                  1    wreg      void 
 Registers used:
		wreg, fsr2l, fsr2h, status,2, status,0, cstack
 Tracked objects:
		On entry : 
		On exit  : 
		Unchanged: 
 Data sizes:     COMRAM   BANK0   BANK1   BANK2   BANK3   BANK4   BANK5
      Params:         0       0       0       0       0       0       0
      Locals:         1       0       0       0       0       0       0
      Temps:          2       0       0       0       0       0       0
      Totals:         3       0       0       0       0       0       0
Total ram usage:        3 bytes
 Hardware stack levels used:    1
 Hardware stack levels required when called:    5
 This function calls:
		_uartTx
 This function is called by:
		_main
		_storeData
 This function uses a non-reentrant model


 *************** function _uartTx *****************
 Defined at:
		line 167 in file "usart.c"
 Parameters:    Size  Location     Type
  ptr             2   17[COMRAM] PTR unsigned char 
		 -> errString_Command(24), errString_Fatal(39), errString_PointZ(53), errString_Bound(33), 
		 -> errString_Point(41), errString_Reset(40), errString_ZEND(41), errString_Feed(30), 
  length          1   19[COMRAM] unsigned char 
 Auto vars:     Size  Location     Type
  i               1   20[COMRAM] unsigned char 
 Return value:  Size  Location     Type
                  1    wreg      void 
 Registers used:
		wreg, fsr2l, fsr2h, status,2, status,0
 Tracked objects:
		On entry : 
		On exit  : 
		Unchanged: 
 Data sizes:     COMRAM   BANK0   BANK1   BANK2   BANK3   BANK4   BANK5
      Params:         3       0       0       0       0       0       0
      Locals:         1       0       0       0       0       0       0
      Temps:          0       0       0       0       0       0       0
      Totals:         4       0       0       0       0       0       0
Total ram usage:        4 bytes
 Hardware stack levels used:    1
 Hardware stack levels required when called:    4
 This function calls:
		Nothing
 This function is called by:
		_printError
 This function uses a non-reentrant model


 *************** function _shiftData *****************
 Defined at:
		line 100 in file "usart.c"
 Parameters:    Size  Location     Type
		None
 Auto vars:     Size  Location     Type
  i               1   19[COMRAM] unsigned char 
 Return value:  Size  Location     Type
                  1    wreg      void 
 Registers used:
		wreg, fsr1l, fsr1h, fsr2l, fsr2h, status,2, status,0, prodl, prodh
 Tracked objects:
		On entry : 
		On exit  : 
		Unchanged: 
 Data sizes:     COMRAM   BANK0   BANK1   BANK2   BANK3   BANK4   BANK5
      Params:         0       0       0       0       0       0       0
      Locals:         1       0       0       0       0       0       0
      Temps:          2       0       0       0       0       0       0
      Totals:         3       0       0       0       0       0       0
Total ram usage:        3 bytes
 Hardware stack levels used:    1
 Hardware stack levels required when called:    4
 This function calls:
		Nothing
 This function is called by:
		_main
 This function uses a non-reentrant model


 *************** function _resetPosition *****************
 Defined at:
		line 162 in file "motors.c"
 Parameters:    Size  Location     Type
		None
 Auto vars:     Size  Location     Type
  keepMovingZ     1   22[COMRAM] unsigned char 
  keepMovingY     1   21[COMRAM] unsigned char 
  keepMovingX     1   20[COMRAM] unsigned char 
 Return value:  Size  Location     Type
                  1    wreg      unsigned char 
 Registers used:
		wreg, fsr2l, fsr2h, status,2, status,0, cstack
 Tracked objects:
		On entry : 
		On exit  : 
		Unchanged: 
 Data sizes:     COMRAM   BANK0   BANK1   BANK2   BANK3   BANK4   BANK5
      Params:         0       0       0       0       0       0       0
      Locals:         3       0       0       0       0       0       0
      Temps:          0       0       0       0       0       0       0
      Totals:         3       0       0       0       0       0       0
Total ram usage:        3 bytes
 Hardware stack levels used:    1
 Hardware stack levels required when called:    5
 This function calls:
		_resetStep
		_resetTM0_Temp
		_resetTM2_Temp
		_stepMade
 This function is called by:
		_main
 This function uses a non-reentrant model


 *************** function _resetNewSequence *****************
 Defined at:
		line 92 in file "usart.c"
 Parameters:    Size  Location     Type
		None
 Auto vars:     Size  Location     Type
		None
[...]
 This function calls:
		Nothing
 This function is called by:
		_resetPosition
		_moveToPoint
		_touchObject
		_touchTherm
		_liftArm
 This function uses a non-reentrant model


 *************** function _resetStep *****************
 Defined at:
		line 78 in file "timer.c"
 Parameters:    Size  Location     Type
		None
 Auto vars:     Size  Location     Type
		None
 Return value:  Size  Location     Type
                  1    wreg      void 
 Registers used:
		wreg, status,2
 Tracked objects:
		On entry : 
		On exit  : 
		Unchanged: 
 Data sizes:     COMRAM   BANK0   BANK1   BANK2   BANK3   BANK4   BANK5
      Params:         0       0       0       0       0       0       0
      Locals:         0       0       0       0       0       0       0
      Temps:          0       0       0       0       0       0       0
      Totals:         0       0       0       0       0       0       0
Total ram usage:        0 bytes
 Hardware stack levels used:    1
 Hardware stack levels required when called:    4
 This function calls:
		Nothing
 This function is called by:
		_resetPosition
		_moveToPoint
		_touchObject
		_touchTherm
		_liftArm
		_rotateObj
 This function uses a non-reentrant model


 *************** function _getData *****************
 Defined at:
		line 47 in file "usart.c"
 Parameters:    Size  Location     Type
		None
 Auto vars:     Size  Location     Type
		None
 Return value:  Size  Location     Type
                  2   17[COMRAM] PTR struct .
 Registers used:
		wreg, status,2, status,0
 Tracked objects:
		On entry : 
		On exit  : 
		Unchanged: 
 Data sizes:     COMRAM   BANK0   BANK1   BANK2   BANK3   BANK4   BANK5
      Params:         2       0       0       0       0       0       0
      Locals:         0       0       0       0       0       0       0
      Temps:          0       0       0       0       0       0       0
      Totals:         2       0       0       0       0       0       0
Total ram usage:        2 bytes
 Hardware stack levels used:    1
 Hardware stack levels required when called:    4
 This function calls:
		Nothing
 This function is called by:
		_executeData
 This function uses a non-reentrant model


 *************** function _clearTM0 *****************
 Defined at:
		line 32 in file "motors.c"
 Parameters:    Size  Location     Type
		None
 Auto vars:     Size  Location     Type
		None
 Return value:  Size  Location     Type
                  1    wreg      void 
 Registers used:
		wreg, status,2
 Tracked objects:
		On entry : 
		On exit  : 
		Unchanged: 
 Data sizes:     COMRAM   BANK0   BANK1   BANK2   BANK3   BANK4   BANK5
      Params:         0       0       0       0       0       0       0
      Locals:         0       0       0       0       0       0       0
      Temps:          0       0       0       0       0       0       0
      Totals:         0       0       0       0       0       0       0
Total ram usage:        0 bytes
 Hardware stack levels used:    1
 Hardware stack levels required when called:    4
 This function calls:
		Nothing
 This function is called by:
		_main
 This function uses a non-reentrant model


 *************** function _isr *****************
 Defined at:
		line 52 in file "interrupt.c"
 Parameters:    Size  Location     Type
		None
 Auto vars:     Size  Location     Type
  temp            1   16[COMRAM] unsigned char 
 Return value:  Size  Location     Type
                  1    wreg      void 
 Registers used:
		wreg, fsr2l, fsr2h, status,2, status,0, prodl, prodh, cstack
 Tracked objects:
		On entry : 
		On exit  : 
		Unchanged: 
 Data sizes:     COMRAM   BANK0   BANK1   BANK2   BANK3   BANK4   BANK5
      Params:         0       0       0       0       0       0       0
      Locals:         1       0       0       0       0       0       0
      Temps:          6       0       0       0       0       0       0
      Totals:         7       0       0       0       0       0       0
Total ram usage:        7 bytes
 Hardware stack levels used:    1
 Hardware stack levels required when called:    3
 This function calls:
		_abortAll
		_fatalError
		_increaseStep
		_retPeriod
		_setThermRel
		_setTouchRel
		_toggleStep
		_whatsTM0Limit
		_writeTM0
		i2_storeData
 This function is called by:
		Interrupt level 2
 This function uses a non-reentrant model


 *************** function i2_storeData *****************
 Defined at:
		line 183 in file "usart.c"
 Parameters:    Size  Location     Type
  data            1    wreg     unsigned char 
 Auto vars:     Size  Location     Type
  data            1    9[COMRAM] unsigned char 
 Return value:  Size  Location     Type
                  1    wreg      void 
 Registers used:
		wreg, fsr2l, fsr2h, status,2, status,0, prodl, prodh, cstack
 Tracked objects:
		On entry : 
		On exit  : 
		Unchanged: 
 Data sizes:     COMRAM   BANK0   BANK1   BANK2   BANK3   BANK4   BANK5
      Params:         0       0       0       0       0       0       0
      Locals:         1       0       0       0       0       0       0
      Temps:          2       0       0       0       0       0       0
      Totals:         3       0       0       0       0       0       0
Total ram usage:        3 bytes
 Hardware stack levels used:    1
 Hardware stack levels required when called:    2
 This function calls:
		i2_printError
 This function is called by:
		_isr
 This function uses a non-reentrant model


 *************** function _writeTM0 *****************
 Defined at:
		line 25 in file "motors.c"
 Parameters:    Size  Location     Type
		None
 Auto vars:     Size  Location     Type
		None
 Return value:  Size  Location     Type
                  1    wreg      void 
 Registers used:
		wreg, status,2
 Tracked objects:
		On entry : 
		On exit  : 
		Unchanged: 
 Data sizes:     COMRAM   BANK0   BANK1   BANK2   BANK3   BANK4   BANK5
      Params:         0       0       0       0       0       0       0
      Locals:         0       0       0       0       0       0       0
      Temps:          0       0       0       0       0       0       0
      Totals:         0       0       0       0       0       0       0
Total ram usage:        0 bytes
 Hardware stack levels used:    1
 This function calls:
		Nothing
 This function is called by:
		_isr
 This function uses a non-reentrant model


 *************** function _whatsTM0Limit *****************
 Defined at:
		line 39 in file "motors.c"
 Parameters:    Size  Location     Type
		None
 Auto vars:     Size  Location     Type
		None
 Return value:  Size  Location     Type
                  1    wreg      unsigned char 
 Registers used:
		wreg, status,2
 Tracked objects:
		On entry : 
		On exit  : 
		Unchanged: 
 Data sizes:     COMRAM   BANK0   BANK1   BANK2   BANK3   BANK4   BANK5
      Params:         0       0       0       0       0       0       0
      Locals:         0       0       0       0       0       0       0
      Temps:          0       0       0       0       0       0       0
      Totals:         0       0       0       0       0       0       0
Total ram usage:        0 bytes
 Hardware stack levels used:    1
 This function calls:
		Nothing
 This function is called by:
		_isr
 This function uses a non-reentrant model


 *************** function _toggleStep *****************
 Defined at:
		line 93 in file "timer.c"
 Parameters:    Size  Location     Type
		None
 Auto vars:     Size  Location     Type
		None
 Return value:  Size  Location     Type
                  1    wreg      void 
 Registers used:
		wreg, status,2
 Tracked objects:
		On entry : 
		On exit  : 
		Unchanged: 
 Data sizes:     COMRAM   BANK0   BANK1   BANK2   BANK3   BANK4   BANK5
      Params:         0       0       0       0       0       0       0
      Locals:         0       0       0       0       0       0       0
      Temps:          0       0       0       0       0       0       0
      Totals:         0       0       0       0       0       0       0
Total ram usage:        0 bytes
 Hardware stack levels used:    1
 This function calls:
		Nothing
 This function is called by:
		_isr
 This function uses a non-reentrant model


 *************** function _setTouchRel *****************
 Defined at:
		line 86 in file "adc.c"
 Parameters:    Size  Location     Type
		None
 Auto vars:     Size  Location     Type
		None
 Return value:  Size  Location     Type
                  1    wreg      void 
 Registers used:
		wreg, status,2
 Tracked objects:
		On entry : 
		On exit  : 
		Unchanged: 
 Data sizes:     COMRAM   BANK0   BANK1   BANK2   BANK3   BANK4   BANK5
      Params:         0       0       0       0       0       0       0
      Locals:         0       0       0       0       0       0       0
      Temps:          0       0       0       0       0       0       0
      Totals:         0       0       0       0       0       0       0
Total ram usage:        0 bytes
 Hardware stack levels used:    1
 This function calls:
		Nothing
 This function is called by:
		_isr
 This function uses a non-reentrant model


 *************** function _setThermRel *****************
 Defined at:
		line 79 in file "adc.c"
 Parameters:    Size  Location     Type
		None
 Auto vars:     Size  Location     Type
		None
 Return value:  Size  Location     Type
                  1    wreg      void 
 Registers used:
		wreg, status,2
 Tracked objects:
		On entry : 
		On exit  : 
		Unchanged: 
 Data sizes:     COMRAM   BANK0   BANK1   BANK2   BANK3   BANK4   BANK5
      Params:         0       0       0       0       0       0       0
      Locals:         0       0       0       0       0       0       0
      Temps:          0       0       0       0       0       0       0
      Totals:         0       0       0       0       0       0       0
Total ram usage:        0 bytes
 Hardware stack levels used:    1
 This function calls:
		Nothing
 This function is called by:
		_isr
 This function uses a non-reentrant model


 *************** function _retPeriod *****************
 Defined at:
		line 101 in file "timer.c"
 Parameters:    Size  Location     Type
		None
 Auto vars:     Size  Location     Type
		None
 Return value:  Size  Location     Type
                  2    0[COMRAM] unsigned int 
 Registers used:
		None
 Tracked objects:
		On entry : 
		On exit  : 
		Unchanged: 
 Data sizes:     COMRAM   BANK0   BANK1   BANK2   BANK3   BANK4   BANK5
      Params:         2       0       0       0       0       0       0
      Locals:         0       0       0       0       0       0       0
      Temps:          0       0       0       0       0       0       0
      Totals:         2       0       0       0       0       0       0
Total ram usage:        2 bytes
 Hardware stack levels used:    1
 This function calls:
		Nothing
 This function is called by:
		_isr
 This function uses a non-reentrant model


 *************** function _increaseStep *****************
 Defined at:
		line 85 in file "timer.c"
 Parameters:    Size  Location     Type
		None
 Auto vars:     Size  Location     Type
		None
 Return value:  Size  Location     Type
                  1    wreg      void 
 Registers used:
		status,2, status,0
 Tracked objects:
		On entry : 
		On exit  : 
		Unchanged: 
 Data sizes:     COMRAM   BANK0   BANK1   BANK2   BANK3   BANK4   BANK5
      Params:         0       0       0       0       0       0       0
      Locals:         0       0       0       0       0       0       0
      Temps:          0       0       0       0       0       0       0
      Totals:         0       0       0       0       0       0       0
Total ram usage:        0 bytes
 Hardware stack levels used:    1
 This function calls:
		Nothing
 This function is called by:
		_isr
 This function uses a non-reentrant model


 *************** function _fatalError *****************
 Defined at:
		line 80 in file "usart.c"
 Parameters:    Size  Location     Type
		None
 Auto vars:     Size  Location     Type
		None
 Return value:  Size  Location     Type
                  1    wreg      unsigned char 
 Registers used:
		wreg, status,2
 Tracked objects:
		On entry : 
		On exit  : 
		Unchanged: 
 Data sizes:     COMRAM   BANK0   BANK1   BANK2   BANK3   BANK4   BANK5
      Params:         0       0       0       0       0       0       0
      Locals:         0       0       0       0       0       0       0
      Temps:          0       0       0       0       0       0       0
      Totals:         0       0       0       0       0       0       0
Total ram usage:        0 bytes
 Hardware stack levels used:    1
 This function calls:
		Nothing
 This function is called by:
		_isr
 This function uses a non-reentrant model


 *************** function _abortAll *****************
 Defined at:
		line 836 in file "motors.c"
 Parameters:    Size  Location     Type
		None
 Auto vars:     Size  Location     Type
		None
 Return value:  Size  Location     Type
                  1    wreg      void 
 Registers used:
		wreg, fsr2l, fsr2h, status,2, status,0, cstack
 Tracked objects:
		On entry : 
		On exit  : 
		Unchanged: 
 Data sizes:     COMRAM   BANK0   BANK1   BANK2   BANK3   BANK4   BANK5
      Params:         0       0       0       0       0       0       0
      Locals:         0       0       0       0       0       0       0
      Temps:          0       0       0       0       0       0       0
      Totals:         0       0       0       0       0       0       0
Total ram usage:        0 bytes
 Hardware stack levels used:    1
 Hardware stack levels required when called:    2
 This function calls:
		i2_printError
 This function is called by:
		_isr
 This function uses a non-reentrant model


 *************** function i2_printError *****************
 Defined at:
		line 130 in file "usart.c"
 Parameters:    Size  Location     Type
  errCode         1    wreg     unsigned char 
 Auto vars:     Size  Location     Type
  errCode         1    6[COMRAM] unsigned char 
 Return value:  Size  Location     Type
                  1    wreg      void 
 Registers used:
		wreg, fsr2l, fsr2h, status,2, status,0, cstack
 Tracked objects:
		On entry : 
		On exit  : 
		Unchanged: 
 Data sizes:     COMRAM   BANK0   BANK1   BANK2   BANK3   BANK4   BANK5
      Params:         0       0       0       0       0       0       0
      Locals:         1       0       0       0       0       0       0
      Temps:          2       0       0       0       0       0       0
      Totals:         3       0       0       0       0       0       0
Total ram usage:        3 bytes
 Hardware stack levels used:    1
 Hardware stack levels required when called:    1
 This function calls:
		i2_uartTx
 This function is called by:
		_abortAll
		i2_storeData
 This function uses a non-reentrant model


 *************** function i2_uartTx *****************
 Defined at:
		line 167 in file "usart.c"
 Parameters:    Size  Location     Type
  ptr             2    0[COMRAM] PTR unsigned char 
		 -> errString_Command(24), errString_Fatal(39), errString_PointZ(53), errString_Bound(33), 
		 -> errString_Point(41), errString_Reset(40), errString_ZEND(41), errString_Feed(30), 
  length          1    2[COMRAM] unsigned char 
 Auto vars:     Size  Location     Type
  i               1    3[COMRAM] unsigned char 
 Return value:  Size  Location     Type
                  1    wreg      void 
 Registers used:
		wreg, fsr2l, fsr2h, status,2, status,0
 Tracked objects:
		On entry : 
		On exit  : 
		Unchanged: 
 Data sizes:     COMRAM   BANK0   BANK1   BANK2   BANK3   BANK4   BANK5
      Params:         3       0       0       0       0       0       0
      Locals:         1       0       0       0       0       0       0
      Temps:          0       0       0       0       0       0       0
      Totals:         4       0       0       0       0       0       0
Total ram usage:        4 bytes
 Hardware stack levels used:    1
 This function calls:
		Nothing
 This function is called by:
		i2_printError
 This function uses a non-reentrant model



MODULE INFORMATION

Module		Function		Class		Link	Load	Size
D:\Programs\MPLABx\xc8\v2.20\pic\sources\c99\common\xxtofl.c
		___xxtofl      		CODE           	158A	0000	505

D:\Programs\MPLABx\xc8\v2.20\pic\sources\c99\common\xxtofl.c estimated size: 505

motors.c
		_rotateObj     		CODE           	2034	0000	251
		_resetPosition 		CODE           	1782	0000	485
		_moveToPoint   		CODE           	0A48	0000	837
		_pickObject    		CODE           	2518	0000	49
		_liftArm       		CODE           	2226	0000	191
		_abortAll      		CODE           	25FC	0000	19
		_whatsTM0Limit 		CODE           	2708	0000	9
		_writeTM0      		CODE           	2646	0000	15
		_releaseObj    		CODE           	24E8	0000	49
		_touchTherm    		CODE           	1E10	0000	275
		_clearTM0      		CODE           	2638	0000	15
		_initPinMotors 		CODE           	2548	0000	39
		_touchObject   		CODE           	1F22	0000	275

motors.c estimated size: 2509

usart.c
		_uartTx        		CODE           	23CA	0000	79
		_fatalError    		CODE           	2718	0000	9
		_newSequence   		CODE           	26F0	0000	9
		_resetNewSequence		CODE           	2686	0000	11
		_getData       		CODE           	262A	0000	15
		_increaseSeq   		CODE           	26F8	0000	9
		_usartInit     		CODE           	2594	0000	31
		_reduceSeq     		CODE           	26E0	0000	9
		_getNewSequence		CODE           	261C	0000	15
		_printError    		CODE           	1BD8	0000	285
		_storeData     		CODE           	1082	0000	645
		_shiftData     		CODE           	236A	0000	97
		_readSeq       		CODE           	26E8	0000	9

usart.c estimated size: 1223

timer.c
		_stepCounter   		CODE           	267A	0000	13
		_tim0Init      		CODE           	25D8	0000	19
		_tim1Init      		CODE           	260E	0000	15
		_retPeriod     		CODE           	2654	0000	15
		_stepMade      		CODE           	25B2	0000	21
		_tim2Init      		CODE           	25C6	0000	19
		_resetStep     		CODE           	26B8	0000	11
		_toggleStep    		CODE           	26C2	0000	11
		_increaseStep  		CODE           	2710	0000	9

timer.c estimated size: 133

D:\Programs\MPLABx\xc8\v2.20\pic\sources\c99\common\fltol.c
		___fltol       		CODE           	1AA2	0000	311

D:\Programs\MPLABx\xc8\v2.20\pic\sources\c99\common\fltol.c estimated size: 311

adc.c
		_setTouchRel   		CODE           	26CC	0000	11
		_resetTouch    		CODE           	269A	0000	11
		_resetTherm    		CODE           	26A4	0000	11
		_initADC       		CODE           	256E	0000	39
		_setThermRel   		CODE           	26D6	0000	11
		_returnTouch   		CODE           	266E	0000	13
		_returnTherm   		CODE           	2662	0000	13
		_startADC      		CODE           	2690	0000	11
		_stopADC       		CODE           	2700	0000	9

adc.c estimated size: 129

interrupt.c
		_resetTM0_Temp 		CODE           	26AE	0000	11
		_resetTM2_Temp 		CODE           	25EA	0000	19
		_isr           		CODE           	0008	0000	413
		_interruptInit 		CODE           	24AC	0000	61

interrupt.c estimated size: 504

shared
		_maxX          		SMALLCONST     	0000	0000	0
		i2_printError  		CODE           	1CF4	0000	285
		_maxY          		SMALLCONST     	0000	0000	0
		_touch_pressure		SMALLCONST     	0000	0000	0
		_feeder2Pos    		SMALLCONST     	060F	0000	3
		i2_uartTx      		CODE           	2418	0000	79
		rotateObj@stepAngle		SMALLCONST     	0000	0000	0
		_maxFeedX      		SMALLCONST     	0000	0000	0
		_maxFeedY      		SMALLCONST     	0000	0000	0
		i2_storeData   		CODE           	1306	0000	645
		_therm_pressure		SMALLCONST     	0000	0000	0
		__initialization		CODE           	22E4	0000	121
		_feeder1Pos    		SMALLCONST     	0611	0000	3
		_feeder3Pos    		SMALLCONST     	060D	0000	3

shared estimated size: 1139

D:\Programs\MPLABx\xc8\v2.20\pic\sources\c99\common\sprcdiv.c
		___fldiv       		CODE           	0616	0000	1075

D:\Programs\MPLABx\xc8\v2.20\pic\sources\c99\common\sprcdiv.c estimated size: 1075

main.c
		_executeData   		CODE           	0D8C	0000	759
		_main          		CODE           	1966	0000	317

main.c estimated size: 1076

