Microchip MPLAB XC8 Compiler V2.20

Linker command line:

-W-3 --edf=D:\Programs\MPLABx\xc8\v2.20\pic\dat\en_msgs.txt -cn \
  -h+dist/default/production\ESD_PnP_1.X.production.sym \
  --cmf=dist/default/production\ESD_PnP_1.X.production.cmf -z -Q18F452 \
  -oC:\Users\alle9\AppData\Local\Temp\scd4.2 --defsym=__MPLAB_BUILD=1 \
  -Mdist/default/production/ESD_PnP_1.X.production.map -E1 \
  -ver=XC8 Compiler --acfsm=1493 -ASTACK=01D1h-05FFh -pstack=STACK \
  -ACODE=00h-03FFFhx2 -ACONST=00h-07FFFh -ASMALLCONST=0600h-06FFhx122 \
  -AMEDIUMCONST=0600h-07FFFh -ACOMRAM=01h-07Fh -AABS1=00h-05FFh \
  -ABIGRAM=01h-05FFh -ARAM=080h-0FFh,0100h-01FFhx5 -ABANK0=080h-0FFh \
  -ABANK1=0100h-01FFh -ABANK2=0200h-02FFh -ABANK3=0300h-03FFh \
  -ABANK4=0400h-04FFh -ABANK5=0500h-05FFh -ASFR=0F80h-0FFFh \
  -ACONFIG=0300000h-030000Dh -AIDLOC=0200000h-0200007h \
  -preset_vec=00h,intcode=08h,intcodelo,powerup,init -pramtop=0600h \
  -psmallconst=SMALLCONST -pmediumconst=MEDIUMCONST -pconst=CONST \
  -AFARRAM=00h-00h -AEEDATA=0F00000h-0F000FFh -peeprom_data=EEDATA \
  -prdata=COMRAM,nvrram=COMRAM,nvbit=COMRAM,rbss=COMRAM,rbit=COMRAM \
  -pfarbss=FARRAM,fardata=FARRAM,nvFARRAM=FARRAM \
  -pintsave_regs=BIGRAM,bigbss=BIGRAM,bigdata=BIGRAM -pbss=RAM \
  -pidata=CODE,irdata=CODE,ibigdata=CODE,ifardata=CODE -prparam=COMRAM \
  C:\Users\alle9\AppData\Local\Temp\scd4.o \
  dist/default/production\ESD_PnP_1.X.production.o 

Object code version is 3.11

Machine type is 18F452



                Name                               Link     Load   Length Selector   Space Scale
C:\Users\alle9\AppData\Local\Temp\scd4.o
                idloc                            200000   200000        8        0       5
                config                           300000   300000        E        0       4
                text                               2182     2182        2      D3D       0
                init                                18A      18A        4        4       0
                reset_vec                             0        0        6        0       0
dist/default/production\ESD_PnP_1.X.production.o
                intcode                               8        8      182        4       0
                idloc                            200000   200000        8        0       5
                config                           300000   300000        E        0       4
                temp                                 66       66        1        1       1
                smallconst                          600      600       16      300       0
                text50                             217A     217A        8      D3D       0
                text49                             20C4     20C4        E      D3D       0
                text48                             2128     2128        A      D3D       0
                text47                             211E     211E        A      D3D       0
                text46                             1F6E     1F6E       4E      D3D       0
                text45                             14CE     14CE      11C      30B       0
                text44                             15EA     15EA      104      30B       0
                text43                             2114     2114        A      D3D       0
                text42                             2172     2172        8      D3D       0
                text41                             20B6     20B6        E      D3D       0
                text39                             20A8     20A8        E      D3D       0
                text38                             209A     209A        E      D3D       0
                text37                             210A     210A        A      D3D       0
                text36                             1DF8     1DF8       74      D3D       0
                text35                             2074     2074       14      D3D       0
                text34                             1B34     1B34       B0      D3D       0
                text33                             20EA     20EA        C      D3D       0
                text32                             1090     1090      1EA      30B       0
                text31                             216A     216A        8      D3D       0
                text30                             2162     2162        8      D3D       0
                text29                              616      616      432      30B       0
                text28                             127A     127A      138      30B       0
                text27                              CA6      CA6      1F8      30B       0
                text26                             1A7A     1A7A       BA      D3D       0
                text25                             2100     2100        A      D3D       0
                text24                             20DE     20DE        C      D3D       0
                text23                             215A     215A        8      D3D       0
                text22                             2152     2152        8      D3D       0
                text21                             17E0     17E0       F2      30B       0
                text20                             20F6     20F6        A      D3D       0
                text19                             20D2     20D2        C      D3D       0
                text18                             16EE     16EE       F2      30B       0
                text17                              A48      A48      25E      30B       0
                text16                             214A     214A        8      D3D       0
                text15                             201C     201C       26      D3D       0
                text14                             1FF6     1FF6       26      D3D       0
                text13                             1FBC     1FBC       3A      D3D       0
                text12                             1F20     1F20       4E      D3D       0
                text11                             13B2     13B2      11C      30B       0
                text10                             2142     2142        8      D3D       0
                text9                              213A     213A        8      D3D       0
                text8                              1D84     1D84       74      D3D       0
                text7                              1D10     1D10       74      D3D       0
                text6                              18D2     18D2       D6      30B       0
                text5                               E9E      E9E      1F2      30B       0
                text4                              1E6C     1E6C       60      D3D       0
                text3                              2088     2088       12      D3D       0
                text2                              2060     2060       14      D3D       0
                text1                              2042     2042       1E      D3D       0
                text0                              1BE4     1BE4       A6      D3D       0
                cstackCOMRAM                          1        1       41        1       1
                cstackBANK0                          D4       D4       16       80       1
                dataBANK1                           100      100       D1      100       1
                dataBANK0                            80       80       54       80       1
                bssBANK0                             EA       EA       14       80       1
                dataCOMRAM                           5E       5E        8        1       1
                bssCOMRAM                            42       42       1C        1       1
                cinit                              1C8A     1C8A       86      D3D       0
                idataBANK1                         19A8     19A8       D1      30B       0
                idataBANK0                         1ECC     1ECC       54      D3D       0
                idataCOMRAM                        2132     2132        8      D3D       0

TOTAL           Name                               Link     Load   Length     Space
        CLASS   STACK          

        CLASS   CODE           
                intcode                               8        8      182         0
                text                               2182     2182        2         0
                init                                18A      18A        4         0
                reset_vec                             0        0        6         0
                text50                             217A     217A        8         0
                text49                             20C4     20C4        E         0
                text48                             2128     2128        A         0
                text47                             211E     211E        A         0
                text46                             1F6E     1F6E       4E         0
                text45                             14CE     14CE      11C         0
                text44                             15EA     15EA      104         0
                text43                             2114     2114        A         0
                text42                             2172     2172        8         0
                text41                             20B6     20B6        E         0
                text39                             20A8     20A8        E         0
                text38                             209A     209A        E         0
                text37                             210A     210A        A         0
                text36                             1DF8     1DF8       74         0
                text35                             2074     2074       14         0
                text34                             1B34     1B34       B0         0
                text33                             20EA     20EA        C         0
                text32                             1090     1090      1EA         0
                text31                             216A     216A        8         0
                text30                             2162     2162        8         0
                text29                              616      616      432         0
                text28                             127A     127A      138         0
                text27                              CA6      CA6      1F8         0
                text26                             1A7A     1A7A       BA         0
                text25                             2100     2100        A         0
                text24                             20DE     20DE        C         0
                text23                             215A     215A        8         0
                text22                             2152     2152        8         0
                text21                             17E0     17E0       F2         0
                text20                             20F6     20F6        A         0
                text19                             20D2     20D2        C         0
                text18                             16EE     16EE       F2         0
                text17                              A48      A48      25E         0
                text16                             214A     214A        8         0
                text15                             201C     201C       26         0
                text14                             1FF6     1FF6       26         0
                text13                             1FBC     1FBC       3A         0
                text12                             1F20     1F20       4E         0
                text11                             13B2     13B2      11C         0
                text10                             2142     2142        8         0
                text9                              213A     213A        8         0
                text8                              1D84     1D84       74         0
                text7                              1D10     1D10       74         0
                text6                              18D2     18D2       D6         0
                text5                               E9E      E9E      1F2         0
                text4                              1E6C     1E6C       60         0
                text3                              2088     2088       12         0
                text2                              2060     2060       14         0
                text1                              2042     2042       1E         0
                text0                              1BE4     1BE4       A6         0
                cinit                              1C8A     1C8A       86         0
                idataBANK1                         19A8     19A8       D1         0
                idataBANK0                         1ECC     1ECC       54         0
                idataCOMRAM                        2132     2132        8         0

        CLASS   CONST          

        CLASS   SMALLCONST     
                smallconst                          600      600       16         0

        CLASS   MEDIUMCONST    

        CLASS   COMRAM         
                temp                                 66       66        1         1
                cstackCOMRAM                          1        1       41         1
                dataCOMRAM                           5E       5E        8         1
                bssCOMRAM                            42       42       1C         1

        CLASS   ABS1           

        CLASS   BIGRAM         

        CLASS   RAM            

        CLASS   BANK0          
                cstackBANK0                          D4       D4       16         1
                dataBANK0                            80       80       54         1
                bssBANK0                             EA       EA       14         1

        CLASS   BANK1          
                dataBANK1                           100      100       D1         1

        CLASS   BANK2          

        CLASS   BANK3          

        CLASS   BANK4          

        CLASS   BANK5          

        CLASS   SFR            

        CLASS   CONFIG         
                config                           300000   300000        E         4

        CLASS   IDLOC          
                idloc                            200000   200000        8         5

        CLASS   FARRAM         

        CLASS   EEDATA         



SEGMENTS        Name                           Load    Length   Top    Selector   Space  Class

                reset_vec                      000000  000006  000006         0       0  CODE    
                cstackCOMRAM                   000001  000066  000067         1       1  COMRAM  
                intcode                        000008  000186  00018E         4       0  CODE    
                dataBANK0                      000080  00007E  0000FE        80       1  BANK0   
                dataBANK1                      000100  0000D1  0001D1       100       1  BANK1   
                smallconst                     000600  000016  000616       300       0  SMALLCON
                text29                         000616  001463  001A79       30B       0  CODE    
                text26                         001A7A  00070A  002184       D3D       0  CODE    


UNUSED ADDRESS RANGES

        Name                Unused          Largest block    Delta
        BANK0            0000FE-0000FF                2
        BANK1            0001D1-0001FF               2F
        BANK2            000200-0002FF              100
        BANK3            000300-0003FF              100
        BANK4            000400-0004FF              100
        BANK5            000500-0005FF              100
        BIGRAM           000067-00007F               19
                         0000FE-0000FF                2
                         0001D1-0005FF              42F
        CODE             000006-000007                2
                         00018E-0005FF              472
                         001A79-001A79                1
                         002184-007FFF             1E7C
        COMRAM           000067-00007F               19
        CONST            000006-000007                2
                         00018E-0005FF              472
                         001A79-001A79                1
                         002184-007FFF             5E7C
        EEDATA           F00000-F000FF              100
        MEDIUMCONST      001A79-001A79                1
                         002184-007FFF             5E7C
        RAM              0000FE-0000FF                2
                         0001D1-0005FF              100
        SFR              000F80-000FFF               80
        SMALLCONST       001A79-001A79                1
                         002184-007FFF              100
        STACK            0001D1-0005FF              42F

                                  Symbol Table

?___fldiv                                                       cstackCOMRAM 000028
?___fltol                                                       cstackBANK0  0000D4
?___xxtofl                                                      cstackCOMRAM 00001A
?_getData                                                       cstackCOMRAM 00001A
?_retPeriod                                                     cstackCOMRAM 000001
?_returnTherm                                                   cstackCOMRAM 00001A
?_returnTouch                                                   cstackCOMRAM 00001A
?_stepCounter                                                   cstackCOMRAM 00001A
?_stepMade                                                      cstackCOMRAM 00001A
_ADCON0bits                                                     (abs)        000FC2
_ADCON1bits                                                     (abs)        000FC1
_ADC_res                                                        bssCOMRAM    00004C
_ADRESH                                                         (abs)        000FC4
_ADRESL                                                         (abs)        000FC3
_INTCONbits                                                     (abs)        000FF2
_IPR1bits                                                       (abs)        000F9F
_LATAbits                                                       (abs)        000F89
_LATBbits                                                       (abs)        000F8A
_LATCbits                                                       (abs)        000F8B
_LATD                                                           (abs)        000F8C
_LATDbits                                                       (abs)        000F8C
_PIE1bits                                                       (abs)        000F9D
_PIR1bits                                                       (abs)        000F9E
_PORTDbits                                                      (abs)        000F83
_PORTEbits                                                      (abs)        000F84
_RCONbits                                                       (abs)        000FD0
_RCREG1                                                         (abs)        000FAE
_RCSTA1bits                                                     (abs)        000FAB
_RCSTAbits                                                      (abs)        000FAB
_SPBRG                                                          (abs)        000FAF
_T0CONbits                                                      (abs)        000FD5
_T2CONbits                                                      (abs)        000FCA
_TMR0                                                           (abs)        000FD6
_TMR2                                                           (abs)        000FCC
_TRISA                                                          (abs)        000F92
_TRISB                                                          (abs)        000F93
_TRISC                                                          (abs)        000F94
_TRISCbits                                                      (abs)        000F94
_TRISD                                                          (abs)        000F95
_TRISDbits                                                      (abs)        000F95
_TRISEbits                                                      (abs)        000F96
_TXREG                                                          (abs)        000FAD
_TXSTAbits                                                      (abs)        000FAC
__HRAM                                                          (abs)        000000
__Habs1                                                         abs1         000000
__Hbank0                                                        bank0        000000
__Hbank1                                                        bank1        000000
__Hbank2                                                        bank2        000000
__Hbank3                                                        bank3        000000
__Hbank4                                                        bank4        000000
__Hbank5                                                        bank5        000000
__Hbigbss                                                       bigbss       000000
__Hbigdata                                                      bigdata      000000
__Hbigram                                                       bigram       000000
__Hbss                                                          bss          000000
__HbssBANK0                                                     bssBANK0     000000
__HbssCOMRAM                                                    bssCOMRAM    000000
__Hcinit                                                        cinit        000000
__Hclrtext                                                      clrtext      000000
__Hcomram                                                       comram       000000
__Hconfig                                                       config       30000E
__Hconst                                                        const        000000
__HcstackBANK0                                                  cstackBANK0  000000
__HcstackCOMRAM                                                 cstackCOMRAM 000000
__Hdata                                                         data         000000
__HdataBANK0                                                    dataBANK0    000000
__HdataBANK1                                                    dataBANK1    000000
__HdataCOMRAM                                                   dataCOMRAM   000000
__Heeprom_data                                                  eeprom_data  000000
__Hfarbss                                                       farbss       000000
__Hfardata                                                      fardata      000000
__Hibigdata                                                     ibigdata     000000
__Hidata                                                        idata        000000
__HidataBANK0                                                   idataBANK0   000000
__HidataBANK1                                                   idataBANK1   000000
__HidataCOMRAM                                                  idataCOMRAM  000000
__Hidloc                                                        idloc        200008
__Hifardata                                                     ifardata     000000
__Hinit                                                         init         00018E
__Hintcode                                                      intcode      00018A
__Hintcode_body                                                 intcode_body 000000
__Hintcodelo                                                    intcodelo    00018A
__Hintentry                                                     intentry     000000
__Hintret                                                       intret       000000
__Hintsave_regs                                                 intsave_regs 000000
__Hirdata                                                       irdata       000000
__Hmediumconst                                                  mediumconst  000000
__HnvFARRAM                                                     nvFARRAM     000000
__Hnvbit                                                        nvbit        000000
__Hnvrram                                                       nvrram       000000
__Hparam                                                        rparam       000000
__Hpowerup                                                      powerup      00018A
__Hram                                                          ram          000000
__Hramtop                                                       ramtop       000600
__Hrbit                                                         rbit         000000
__Hrbss                                                         rbss         000000
__Hrdata                                                        rdata        000000
__Hreset_vec                                                    reset_vec    000006
__Hrparam                                                       rparam       000000
__Hsfr                                                          sfr          000000
__Hsmallconst                                                   smallconst   000616
__Hspace_0                                                      (abs)        002184
__Hspace_1                                                      (abs)        0001D1
__Hspace_2                                                      (abs)        000000
__Hspace_4                                                      (abs)        60000E
__Hstack                                                        stack        000000
__Hstruct                                                       struct       000000
__Htemp                                                         temp         000067
__Htext                                                         text         000000
__Htext0                                                        text0        000000
__Htext1                                                        text1        000000
__Htext10                                                       text10       000000
__Htext11                                                       text11       000000
__Htext12                                                       text12       000000
__Htext13                                                       text13       000000
__Htext14                                                       text14       000000
__Htext15                                                       text15       000000
__Htext16                                                       text16       000000
__Htext17                                                       text17       000000
__Htext18                                                       text18       000000
__Htext19                                                       text19       000000
__Htext2                                                        text2        000000
__Htext20                                                       text20       000000
__Htext21                                                       text21       000000
__Htext22                                                       text22       000000
__Htext23                                                       text23       000000
__Htext24                                                       text24       000000
__Htext25                                                       text25       000000
__Htext26                                                       text26       000000
__Htext27                                                       text27       000000
__Htext28                                                       text28       000000
__Htext29                                                       text29       000000
__Htext3                                                        text3        000000
__Htext30                                                       text30       000000
__Htext31                                                       text31       000000
__Htext32                                                       text32       000000
__Htext33                                                       text33       000000
__Htext34                                                       text34       000000
__Htext35                                                       text35       000000
__Htext36                                                       text36       000000
__Htext37                                                       text37       000000
__Htext38                                                       text38       000000
__Htext39                                                       text39       000000
__Htext4                                                        text4        000000
__Htext41                                                       text41       000000
__Htext42                                                       text42       000000
__Htext43                                                       text43       000000
__Htext44                                                       text44       000000
__Htext45                                                       text45       000000
__Htext46                                                       text46       000000
__Htext47                                                       text47       000000
__Htext48                                                       text48       000000
__Htext49                                                       text49       000000
__Htext5                                                        text5        000000
__Htext50                                                       text50       000000
__Htext6                                                        text6        000000
__Htext7                                                        text7        000000
__Htext8                                                        text8        000000
__Htext9                                                        text9        000000
__LRAM                                                          (abs)        000001
__Labs1                                                         abs1         000000
__Lbank0                                                        bank0        000000
__Lbank1                                                        bank1        000000
__Lbank2                                                        bank2        000000
__Lbank3                                                        bank3        000000
__Lbank4                                                        bank4        000000
__Lbank5                                                        bank5        000000
__Lbigbss                                                       bigbss       000000
__Lbigdata                                                      bigdata      000000
__Lbigram                                                       bigram       000000
__Lbss                                                          bss          000000
__LbssBANK0                                                     bssBANK0     000000
__LbssCOMRAM                                                    bssCOMRAM    000000
__Lcinit                                                        cinit        000000
__Lclrtext                                                      clrtext      000000
__Lcomram                                                       comram       000000
__Lconfig                                                       config       000000
__Lconst                                                        const        000000
__LcstackBANK0                                                  cstackBANK0  000000
__LcstackCOMRAM                                                 cstackCOMRAM 000000
__Ldata                                                         data         000000
__LdataBANK0                                                    dataBANK0    000000
__LdataBANK1                                                    dataBANK1    000000
__LdataCOMRAM                                                   dataCOMRAM   000000
__Leeprom_data                                                  eeprom_data  000000
__Lfarbss                                                       farbss       000000
__Lfardata                                                      fardata      000000
__Libigdata                                                     ibigdata     000000
__Lidata                                                        idata        000000
__LidataBANK0                                                   idataBANK0   000000
__LidataBANK1                                                   idataBANK1   000000
__LidataCOMRAM                                                  idataCOMRAM  000000
__Lidloc                                                        idloc        000000
__Lifardata                                                     ifardata     000000
__Linit                                                         init         00018A
__Lintcode                                                      intcode      000008
__Lintcode_body                                                 intcode_body 000000
__Lintcodelo                                                    intcodelo    00018A
__Lintentry                                                     intentry     000000
__Lintret                                                       intret       000000
__Lintsave_regs                                                 intsave_regs 000000
__Lirdata                                                       irdata       000000
__Lmediumconst                                                  mediumconst  000000
__LnvFARRAM                                                     nvFARRAM     000000
__Lnvbit                                                        nvbit        000000
__Lnvrram                                                       nvrram       000000
__Lparam                                                        rparam       000000
__Lpowerup                                                      powerup      00018A
__Lram                                                          ram          000000
__Lramtop                                                       ramtop       000600
__Lrbit                                                         rbit         000000
__Lrbss                                                         rbss         000000
__Lrdata                                                        rdata        000000
__Lreset_vec                                                    reset_vec    000000
__Lrparam                                                       rparam       000000
__Lsfr                                                          sfr          000000
__Lsmallconst                                                   smallconst   000600
__Lspace_0                                                      (abs)        000000
__Lspace_1                                                      (abs)        000000
__Lspace_2                                                      (abs)        000000
__Lspace_4                                                      (abs)        000000
__Lstack                                                        stack        000000
__Lstruct                                                       struct       000000
__Ltemp                                                         temp         000066
__Ltext                                                         text         000000
__Ltext0                                                        text0        000000
__Ltext1                                                        text1        000000
__Ltext10                                                       text10       000000
__Ltext11                                                       text11       000000
__Ltext12                                                       text12       000000
__Ltext13                                                       text13       000000
__Ltext14                                                       text14       000000
__Ltext15                                                       text15       000000
__Ltext16                                                       text16       000000
__Ltext17                                                       text17       000000
__Ltext18                                                       text18       000000
__Ltext19                                                       text19       000000
__Ltext2                                                        text2        000000
__Ltext20                                                       text20       000000
__Ltext21                                                       text21       000000
__Ltext22                                                       text22       000000
__Ltext23                                                       text23       000000
__Ltext24                                                       text24       000000
__Ltext25                                                       text25       000000
__Ltext26                                                       text26       000000
__Ltext27                                                       text27       000000
__Ltext28                                                       text28       000000
__Ltext29                                                       text29       000000
__Ltext3                                                        text3        000000
__Ltext30                                                       text30       000000
__Ltext31                                                       text31       000000
__Ltext32                                                       text32       000000
__Ltext33                                                       text33       000000
__Ltext34                                                       text34       000000
__Ltext35                                                       text35       000000
__Ltext36                                                       text36       000000
__Ltext37                                                       text37       000000
__Ltext38                                                       text38       000000
__Ltext39                                                       text39       000000
__Ltext4                                                        text4        000000
__Ltext41                                                       text41       000000
__Ltext42                                                       text42       000000
__Ltext43                                                       text43       000000
__Ltext44                                                       text44       000000
__Ltext45                                                       text45       000000
__Ltext46                                                       text46       000000
__Ltext47                                                       text47       000000
__Ltext48                                                       text48       000000
__Ltext49                                                       text49       000000
__Ltext5                                                        text5        000000
__Ltext50                                                       text50       000000
__Ltext6                                                        text6        000000
__Ltext7                                                        text7        000000
__Ltext8                                                        text8        000000
__Ltext9                                                        text9        000000
__S0                                                            (abs)        002184
__S1                                                            (abs)        0001D1
__S2                                                            (abs)        000000
__S4                                                            (abs)        000000
__S5                                                            (abs)        000000
___fldiv                                                        text29       000616
___fldiv@a                                                      cstackCOMRAM 00002C
___fldiv@aexp                                                   cstackCOMRAM 000040
___fldiv@b                                                      cstackCOMRAM 000028
___fldiv@bexp                                                   cstackCOMRAM 00003F
___fldiv@grs                                                    cstackCOMRAM 00003B
___fldiv@new_exp                                                cstackCOMRAM 000039
___fldiv@rem                                                    cstackCOMRAM 000034
___fldiv@sign                                                   cstackCOMRAM 000038
___fltol                                                        text28       00127A
___fltol@exp1                                                   cstackBANK0  0000DD
___fltol@f1                                                     cstackBANK0  0000D4
___fltol@sign1                                                  cstackBANK0  0000DC
___inthi_sp                                                     stack        000000
___intlo_sp                                                     stack        000000
___param_bank                                                   (abs)        000000
___rparam_used                                                  (abs)        000001
___sp                                                           stack        000000
___xxtofl                                                       text27       000CA6
___xxtofl@arg                                                   cstackCOMRAM 000024
___xxtofl@exp                                                   cstackCOMRAM 000023
___xxtofl@sign                                                  cstackCOMRAM 000022
___xxtofl@val                                                   cstackCOMRAM 00001A
__accesstop                                                     (abs)        000080
__activetblptr                                                  (abs)        000002
__cntErrataNOP_C:\Users\alle9\AppData\Local\Temp\scd4.o         (abs)        000001
__cntErrataNOP_dist/default/production\ESD_PnP_1.X.production.o (abs)        0001A4
__end_of___fldiv                                                text29       000A48
__end_of___fltol                                                text28       0013B2
__end_of___xxtofl                                               text27       000E9E
__end_of__initialization                                        cinit        001D02
__end_of_clearTM0                                               text39       0020B6
__end_of_enableMotor                                            text8        001DF8
__end_of_executeData                                            text17       000CA6
__end_of_fatalError                                             text16       002152
__end_of_feeder1Pos                                             smallconst   000613
__end_of_feeder2Pos                                             smallconst   000611
__end_of_feeder3Pos                                             smallconst   00060F
__end_of_getData                                                text38       0020A8
__end_of_increaseStep                                           text50       002182
__end_of_initADC                                                text15       002042
__end_of_initPinMotors                                          text14       00201C
__end_of_interruptInit                                          text13       001FF6
__end_of_isr                                                    intcode      00018A
__end_of_liftArm                                                text34       001BE4
__end_of_main                                                   text0        001C8A
__end_of_mexLength                                              smallconst   000614
__end_of_moveToPoint                                            text32       00127A
__end_of_pickObject                                             text31       002172
__end_of_printError                                             text11       0014CE
__end_of_readSeq                                                text10       00214A
__end_of_reduceSeq                                              text9        002142
__end_of_releaseObj                                             text30       00216A
__end_of_resetPosition                                          text5        001090
__end_of_resetStep                                              text37       002114
__end_of_resetTherm                                             text20       002100
__end_of_resetTouch                                             text25       00210A
__end_of_retPeriod                                              text49       0020D2
__end_of_returnTherm                                            text19       0020DE
__end_of_returnTouch                                            text24       0020EA
__end_of_rotateObj                                              text26       001B34
__end_of_setDecay                                               text7        001D84
__end_of_setDirection                                           text36       001E6C
__end_of_setStep                                                text6        0019A8
__end_of_setThermRel                                            text48       002132
__end_of_setTouchRel                                            text47       002128
__end_of_shiftData                                              text4        001ECC
__end_of_startADC                                               text23       002162
__end_of_stepCounter                                            text33       0020F6
__end_of_stepMade                                               text35       002088
__end_of_stopADC                                                text22       00215A
__end_of_storeData                                              text44       0016EE
__end_of_therm_pressure                                         smallconst   00060B
__end_of_tim0Init                                               text3        00209A
__end_of_tim2Init                                               text2        002074
__end_of_toggleStep                                             text43       00211E
__end_of_touchObject                                            text21       0018D2
__end_of_touchTherm                                             text18       0017E0
__end_of_touch_pressure                                         smallconst   00060D
__end_of_uartTx                                                 text12       001F6E
__end_of_usartInit                                              text1        002060
__end_of_whatsTM0Limit                                          text42       00217A
__end_of_writeTM0                                               text41       0020C4
__end_ofi2_printError                                           text45       0015EA
__end_ofi2_uartTx                                               text46       001FBC
__end_ofrotateObj@stepAngle                                     smallconst   000609
__end_ofstoreData@F2373                                         smallconst   000605
__fatalError                                                    bssCOMRAM    000055
__initialization                                                cinit        001C8A
__mediumconst                                                   mediumconst  000000
__pbssBANK0                                                     bssBANK0     0000EA
__pbssCOMRAM                                                    bssCOMRAM    000042
__pcinit                                                        cinit        001C8A
__pcstackBANK0                                                  cstackBANK0  0000D4
__pcstackCOMRAM                                                 cstackCOMRAM 000001
__pdataBANK0                                                    dataBANK0    000080
__pdataBANK1                                                    dataBANK1    000100
__pdataCOMRAM                                                   dataCOMRAM   00005E
__pidataBANK0                                                   idataBANK0   001ECC
__pidataBANK1                                                   idataBANK1   0019A8
__pidataCOMRAM                                                  idataCOMRAM  002132
__pintcode                                                      intcode      000008
__psmallconst                                                   smallconst   000600
__ptext0                                                        text0        001BE4
__ptext1                                                        text1        002042
__ptext10                                                       text10       002142
__ptext11                                                       text11       0013B2
__ptext12                                                       text12       001F20
__ptext13                                                       text13       001FBC
__ptext14                                                       text14       001FF6
__ptext15                                                       text15       00201C
__ptext16                                                       text16       00214A
__ptext17                                                       text17       000A48
__ptext18                                                       text18       0016EE
__ptext19                                                       text19       0020D2
__ptext2                                                        text2        002060
__ptext20                                                       text20       0020F6
__ptext21                                                       text21       0017E0
__ptext22                                                       text22       002152
__ptext23                                                       text23       00215A
__ptext24                                                       text24       0020DE
__ptext25                                                       text25       002100
__ptext26                                                       text26       001A7A
__ptext27                                                       text27       000CA6
__ptext28                                                       text28       00127A
__ptext29                                                       text29       000616
__ptext3                                                        text3        002088
__ptext30                                                       text30       002162
__ptext31                                                       text31       00216A
__ptext32                                                       text32       001090
__ptext33                                                       text33       0020EA
__ptext34                                                       text34       001B34
__ptext35                                                       text35       002074
__ptext36                                                       text36       001DF8
__ptext37                                                       text37       00210A
__ptext38                                                       text38       00209A
__ptext39                                                       text39       0020A8
__ptext4                                                        text4        001E6C
__ptext41                                                       text41       0020B6
__ptext42                                                       text42       002172
__ptext43                                                       text43       002114
__ptext44                                                       text44       0015EA
__ptext45                                                       text45       0014CE
__ptext46                                                       text46       001F6E
__ptext47                                                       text47       00211E
__ptext48                                                       text48       002128
__ptext49                                                       text49       0020C4
__ptext5                                                        text5        000E9E
__ptext50                                                       text50       00217A
__ptext6                                                        text6        0018D2
__ptext7                                                        text7        001D10
__ptext8                                                        text8        001D84
__ptext9                                                        text9        00213A
__ramtop                                                        ramtop       000600
__size_of___fldiv                                               (abs)        000000
__size_of___fltol                                               (abs)        000000
__size_of___xxtofl                                              (abs)        000000
__size_of_clearTM0                                              (abs)        000000
__size_of_enableMotor                                           (abs)        000000
__size_of_executeData                                           (abs)        000000
__size_of_fatalError                                            (abs)        000000
__size_of_getData                                               (abs)        000000
__size_of_increaseStep                                          (abs)        000000
__size_of_initADC                                               (abs)        000000
__size_of_initPinMotors                                         (abs)        000000
__size_of_interruptInit                                         (abs)        000000
__size_of_isr                                                   (abs)        000000
__size_of_liftArm                                               (abs)        000000
__size_of_main                                                  (abs)        000000
__size_of_moveToPoint                                           (abs)        000000
__size_of_pickObject                                            (abs)        000000
__size_of_printError                                            (abs)        000000
__size_of_readSeq                                               (abs)        000000
__size_of_reduceSeq                                             (abs)        000000
__size_of_releaseObj                                            (abs)        000000
__size_of_resetPosition                                         (abs)        000000
__size_of_resetStep                                             (abs)        000000
__size_of_resetTherm                                            (abs)        000000
__size_of_resetTouch                                            (abs)        000000
__size_of_retPeriod                                             (abs)        000000
__size_of_returnTherm                                           (abs)        000000
__size_of_returnTouch                                           (abs)        000000
__size_of_rotateObj                                             (abs)        000000
__size_of_setDecay                                              (abs)        000000
__size_of_setDirection                                          (abs)        000000
__size_of_setStep                                               (abs)        000000
__size_of_setThermRel                                           (abs)        000000
__size_of_setTouchRel                                           (abs)        000000
__size_of_shiftData                                             (abs)        000000
__size_of_startADC                                              (abs)        000000
__size_of_stepCounter                                           (abs)        000000
__size_of_stepMade                                              (abs)        000000
__size_of_stopADC                                               (abs)        000000
__size_of_storeData                                             (abs)        000000
__size_of_tim0Init                                              (abs)        000000
__size_of_tim2Init                                              (abs)        000000
__size_of_toggleStep                                            (abs)        000000
__size_of_touchObject                                           (abs)        000000
__size_of_touchTherm                                            (abs)        000000
__size_of_uartTx                                                (abs)        000000
__size_of_usartInit                                             (abs)        000000
__size_of_whatsTM0Limit                                         (abs)        000000
__size_of_writeTM0                                              (abs)        000000
__size_ofi2_printError                                          (abs)        000000
__size_ofi2_uartTx                                              (abs)        000000
__smallconst                                                    smallconst   000600
_clearTM0                                                       text39       0020A8
_dataCounter                                                    bssCOMRAM    000056
_dataSequence                                                   bssBANK0     0000EA
_enableMotor                                                    text8        001D84
_errString_Bound                                                dataBANK0    000080
_errString_Command                                              dataBANK0    0000BD
_errString_Fatal                                                dataBANK1    0001AB
_errString_Feed                                                 dataBANK0    0000A0
_errString_Point                                                dataBANK1    000134
_errString_PointZ                                               dataBANK1    000100
_errString_Reset                                                dataBANK1    000184
_errString_ZEND                                                 dataBANK1    00015C
_executeData                                                    text17       000A48
_fatalError                                                     text16       00214A
_feeder1Pos                                                     smallconst   000611
_feeder2Pos                                                     smallconst   00060F
_feeder3Pos                                                     smallconst   00060D
_getData                                                        text38       00209A
_increaseStep                                                   text50       00217A
_initADC                                                        text15       00201C
_initPinMotors                                                  text14       001FF6
_interruptInit                                                  text13       001FBC
_isr                                                            intcode      000008
_liftArm                                                        text34       001B34
_main                                                           text0        001BE4
_moveToPoint                                                    text32       001090
_pickObject                                                     text31       00216A
_posVector                                                      bssCOMRAM    000047
_printError                                                     text11       0013B2
_pwmPeriod                                                      bssCOMRAM    00004E
_pwmStep                                                        bssCOMRAM    00005C
_readSeq                                                        text10       002142
_reduceSeq                                                      text9        00213A
_releaseObj                                                     text30       002162
_resetPosition                                                  text5        000E9E
_resetStep                                                      text37       00210A
_resetTherm                                                     text20       0020F6
_resetTouch                                                     text25       002100
_retPeriod                                                      text49       0020C4
_returnTherm                                                    text19       0020D2
_returnTouch                                                    text24       0020DE
_rotAngle                                                       bssCOMRAM    000050
_rotateObj                                                      text26       001A7A
_setDecay                                                       text7        001D10
_setDirection                                                   text36       001DF8
_setStep                                                        text6        0018D2
_setThermRel                                                    text48       002128
_setTouchRel                                                    text47       00211E
_shiftData                                                      text4        001E6C
_startADC                                                       text23       00215A
_stepCounter                                                    text33       0020EA
_stepMade                                                       text35       002074
_stepToggle                                                     bssCOMRAM    00005B
_stopADC                                                        text22       002152
_storeData                                                      text44       0015EA
_therm_rel                                                      bssCOMRAM    000059
_tim0Init                                                       text3        002088
_tim2Init                                                       text2        002060
_tm0Error                                                       bssCOMRAM    000052
_tm0Limit                                                       bssCOMRAM    00005D
_toggleStep                                                     text43       002114
_touchObject                                                    text21       0017E0
_touchTherm                                                     text18       0016EE
_touch_rel                                                      bssCOMRAM    00005A
_uartTx                                                         text12       001F20
_usartInit                                                      text1        002042
_whatsTM0Limit                                                  text42       002172
_writeTM0                                                       text41       0020B6
btemp                                                           temp         000066
enableMotor@enable                                              cstackCOMRAM 00001D
enableMotor@motor                                               cstackCOMRAM 00001A
end_of_initialization                                           cinit        001D02
executeData@data                                                cstackBANK0  0000E8
executeData@errCode                                             cstackBANK0  0000E7
i2_printError                                                   text45       0014CE
i2_uartTx                                                       text46       001F6E
i2printError@errCode                                            cstackCOMRAM 000007
i2uartTx@i                                                      cstackCOMRAM 000004
i2uartTx@length                                                 cstackCOMRAM 000003
i2uartTx@ptr                                                    cstackCOMRAM 000001
int$flags                                                       temp         000066
intlevel0                                                       text         002182
intlevel1                                                       text         002182
intlevel2                                                       text         002182
intlevel3                                                       text         002182
isr@completeStep                                                bssCOMRAM    000057
isr@single_cycle                                                bssCOMRAM    00004A
isr@temp                                                        cstackCOMRAM 000019
isr@tm0Count                                                    bssCOMRAM    000058
main@errCode                                                    cstackCOMRAM 000041
moveToPoint@keepMovingX                                         cstackCOMRAM 000028
moveToPoint@keepMovingY                                         cstackCOMRAM 000029
moveToPoint@x1                                                  cstackCOMRAM 00001E
moveToPoint@x2                                                  cstackCOMRAM 000022
moveToPoint@y1                                                  cstackCOMRAM 000020
moveToPoint@y2                                                  cstackCOMRAM 000024
printError@errCode                                              cstackCOMRAM 000020
resetPosition@keepMovingX                                       cstackCOMRAM 00001E
resetPosition@keepMovingY                                       cstackCOMRAM 00001F
resetPosition@keepMovingZ                                       cstackCOMRAM 000020
rotateObj@i                                                     cstackBANK0  0000E4
rotateObj@rotAngle                                              cstackBANK0  0000E1
rotateObj@rotSequence                                           dataCOMRAM   00005E
rotateObj@totStep                                               cstackBANK0  0000E2
setDecay@decay                                                  cstackCOMRAM 00001D
setDecay@motor                                                  cstackCOMRAM 00001A
setDirection@direction                                          cstackCOMRAM 00001D
setDirection@motor                                              cstackCOMRAM 00001A
setStep@motor                                                   cstackCOMRAM 00001A
setStep@step                                                    cstackCOMRAM 00001D
shiftData@i                                                     cstackCOMRAM 00001C
stackhi                                                         (abs)        0005FF
stacklo                                                         (abs)        0001D1
start                                                           init         00018A
start_initialization                                            cinit        001C8A
stepMade@temp                                                   cstackCOMRAM 00001C
storeData@F2373                                                 smallconst   000601
storeData@counter                                               bssCOMRAM    000054
storeData@data                                                  cstackCOMRAM 00000E
storeData@errSequence                                           cstackCOMRAM 00000A
storeData@receivedMex                                           bssCOMRAM    000042
tim2Init@_pwmPeriod                                             cstackCOMRAM 00001A
ttemp5                                                          temp         000067
ttemp6                                                          temp         00006A
ttemp7                                                          temp         00006E
uartTx@i                                                        cstackCOMRAM 00001D
uartTx@length                                                   cstackCOMRAM 00001C
uartTx@ptr                                                      cstackCOMRAM 00001A
wtemp8                                                          temp         000067


FUNCTION INFORMATION:

 *************** function _main *****************
 Defined at:
		line 24 in file "main.c"
 Parameters:    Size  Location     Type
		None
 Auto vars:     Size  Location     Type
  errCode         1   64[COMRAM] unsigned char 
 Return value:  Size  Location     Type
                  1    wreg      void 
 Registers used:
		wreg, fsr1l, fsr1h, fsr2l, fsr2h, status,2, status,0, tblptrl, tblptrh, tblptru, prodl, prodh, cstack
 Tracked objects:
		On entry : 
		On exit  : 
		Unchanged: 
 Data sizes:     COMRAM   BANK0   BANK1   BANK2   BANK3   BANK4   BANK5
      Params:         0       0       0       0       0       0       0
      Locals:         1       0       0       0       0       0       0
      Temps:          0       0       0       0       0       0       0
      Totals:         1       0       0       0       0       0       0
Total ram usage:        1 bytes
 Hardware stack levels required when called:    7
 This function calls:
		_clearTM0
		_enableMotor
		_executeData
		_fatalError
		_initADC
		_initPinMotors
		_interruptInit
		_printError
		_readSeq
		_reduceSeq
		_resetPosition
		_shiftData
		_tim0Init
		_tim2Init
		_usartInit
 This function is called by:
		Startup code after reset
 This function uses a non-reentrant model


 *************** function _usartInit *****************
 Defined at:
		line 33 in file "usart.c"
 Parameters:    Size  Location     Type
		None
 Auto vars:     Size  Location     Type
		None
 Return value:  Size  Location     Type
                  1    wreg      void 
 Registers used:
		wreg, status,2
 Tracked objects:
		On entry : 
		On exit  : 
		Unchanged: 
 Data sizes:     COMRAM   BANK0   BANK1   BANK2   BANK3   BANK4   BANK5
      Params:         0       0       0       0       0       0       0
      Locals:         0       0       0       0       0       0       0
      Temps:          0       0       0       0       0       0       0
      Totals:         0       0       0       0       0       0       0
Total ram usage:        0 bytes
 Hardware stack levels used:    1
 Hardware stack levels required when called:    4
 This function calls:
		Nothing
 This function is called by:
		_main
 This function uses a non-reentrant model


 *************** function _tim2Init *****************
 Defined at:
		line 34 in file "pwm.c"
 Parameters:    Size  Location     Type
  _pwmPeriod      2   25[COMRAM] unsigned int 
 Auto vars:     Size  Location     Type
		None
 Return value:  Size  Location     Type
                  1    wreg      void 
 Registers used:
		wreg, status,2
 Tracked objects:
		On entry : 
		On exit  : 
		Unchanged: 
 Data sizes:     COMRAM   BANK0   BANK1   BANK2   BANK3   BANK4   BANK5
      Params:         2       0       0       0       0       0       0
      Locals:         0       0       0       0       0       0       0
      Temps:          0       0       0       0       0       0       0
      Totals:         2       0       0       0       0       0       0
Total ram usage:        2 bytes
 Hardware stack levels used:    1
 Hardware stack levels required when called:    4
 This function calls:
		Nothing
 This function is called by:
		_main
 This function uses a non-reentrant model


 *************** function _tim0Init *****************
 Defined at:
		line 21 in file "pwm.c"
 Parameters:    Size  Location     Type
		None
 Auto vars:     Size  Location     Type
		None
 Return value:  Size  Location     Type
                  1    wreg      void 
 Registers used:
		wreg, status,2
 Tracked objects:
		On entry : 
		On exit  : 
		Unchanged: 
 Data sizes:     COMRAM   BANK0   BANK1   BANK2   BANK3   BANK4   BANK5
      Params:         0       0       0       0       0       0       0
      Locals:         0       0       0       0       0       0       0
      Temps:          0       0       0       0       0       0       0
      Totals:         0       0       0       0       0       0       0
Total ram usage:        0 bytes
 Hardware stack levels used:    1
 Hardware stack levels required when called:    4
 This function calls:
		Nothing
 This function is called by:
		_main
 This function uses a non-reentrant model


 *************** function _shiftData *****************
 Defined at:
		line 107 in file "usart.c"
 Parameters:    Size  Location     Type
		None
 Auto vars:     Size  Location     Type
  i               1   27[COMRAM] unsigned char 
 Return value:  Size  Location     Type
                  1    wreg      void 
 Registers used:
		wreg, fsr1l, fsr1h, fsr2l, fsr2h, status,2, status,0, prodl, prodh
 Tracked objects:
		On entry : 
		On exit  : 
		Unchanged: 
 Data sizes:     COMRAM   BANK0   BANK1   BANK2   BANK3   BANK4   BANK5
      Params:         0       0       0       0       0       0       0
      Locals:         1       0       0       0       0       0       0
      Temps:          2       0       0       0       0       0       0
      Totals:         3       0       0       0       0       0       0
Total ram usage:        3 bytes
 Hardware stack levels used:    1
 Hardware stack levels required when called:    4
 This function calls:
		Nothing
 This function is called by:
		_main
 This function uses a non-reentrant model


 *************** function _resetPosition *****************
 Defined at:
		line 160 in file "motors.c"
 Parameters:    Size  Location     Type
		None
 Auto vars:     Size  Location     Type
  keepMovingZ     1   31[COMRAM] unsigned char 
  keepMovingY     1   30[COMRAM] unsigned char 
  keepMovingX     1   29[COMRAM] unsigned char 
 Return value:  Size  Location     Type
                  1    wreg      unsigned char 
 Registers used:
		wreg, status,2, status,0, cstack
 Tracked objects:
		On entry : 
		On exit  : 
		Unchanged: 
 Data sizes:     COMRAM   BANK0   BANK1   BANK2   BANK3   BANK4   BANK5
      Params:         0       0       0       0       0       0       0
      Locals:         3       0       0       0       0       0       0
      Temps:          0       0       0       0       0       0       0
      Totals:         3       0       0       0       0       0       0
Total ram usage:        3 bytes
 Hardware stack levels used:    1
 Hardware stack levels required when called:    5
 This function calls:
		_enableMotor
		_resetStep
		_setDecay
		_setDirection
		_setStep
		_stepMade
 This function is called by:
		_main
 This function uses a non-reentrant model


 *************** function _setStep *****************
 Defined at:
		line 69 in file "motors.c"
 Parameters:    Size  Location     Type
  step            1    wreg     unsigned char 
  motor           1   25[COMRAM] unsigned char 
 Auto vars:     Size  Location     Type
  step            1   28[COMRAM] unsigned char 
 Return value:  Size  Location     Type
                  1    wreg      void 
 Registers used:
		wreg, status,2, status,0
 Tracked objects:
		On entry : 
		On exit  : 
		Unchanged: 
 Data sizes:     COMRAM   BANK0   BANK1   BANK2   BANK3   BANK4   BANK5
      Params:         1       0       0       0       0       0       0
      Locals:         1       0       0       0       0       0       0
      Temps:          2       0       0       0       0       0       0
      Totals:         4       0       0       0       0       0       0
Total ram usage:        4 bytes
 Hardware stack levels used:    1
 Hardware stack levels required when called:    4
 This function calls:
		Nothing
 This function is called by:
		_resetPosition
 This function uses a non-reentrant model


 *************** function _setDecay *****************
 Defined at:
		line 138 in file "motors.c"
 Parameters:    Size  Location     Type
  decay           1    wreg     unsigned char 
  motor           1   25[COMRAM] unsigned char 
 Auto vars:     Size  Location     Type
  decay           1   28[COMRAM] unsigned char 
 Return value:  Size  Location     Type
                  1    wreg      void 
 Registers used:
		wreg, status,2, status,0
 Tracked objects:
		On entry : 
		On exit  : 
		Unchanged: 
 Data sizes:     COMRAM   BANK0   BANK1   BANK2   BANK3   BANK4   BANK5
      Params:         1       0       0       0       0       0       0
      Locals:         1       0       0       0       0       0       0
      Temps:          2       0       0       0       0       0       0
      Totals:         4       0       0       0       0       0       0
Total ram usage:        4 bytes
 Hardware stack levels used:    1
 Hardware stack levels required when called:    4
 This function calls:
		Nothing
 This function is called by:
		_resetPosition
 This function uses a non-reentrant model


 *************** function _enableMotor *****************
 Defined at:
		line 96 in file "motors.c"
 Parameters:    Size  Location     Type
  enable          1    wreg     unsigned char 
  motor           1   25[COMRAM] unsigned char 
 Auto vars:     Size  Location     Type
  enable          1   28[COMRAM] unsigned char 
 Return value:  Size  Location     Type
                  1    wreg      void 
 Registers used:
		wreg, status,2, status,0
 Tracked objects:
		On entry : 
		On exit  : 
		Unchanged: 
 Data sizes:     COMRAM   BANK0   BANK1   BANK2   BANK3   BANK4   BANK5
      Params:         1       0       0       0       0       0       0
      Locals:         1       0       0       0       0       0       0
      Temps:          2       0       0       0       0       0       0
      Totals:         4       0       0       0       0       0       0
Total ram usage:        4 bytes
 Hardware stack levels used:    1
 Hardware stack levels required when called:    4
 This function calls:
		Nothing
 This function is called by:
		_resetPosition
		_main
 This function uses a non-reentrant model


 *************** function _reduceSeq *****************
 Defined at:
		line 88 in file "usart.c"
 Parameters:    Size  Location     Type
		None
 Auto vars:     Size  Location     Type
		None
 Return value:  Size  Location     Type
                  1    wreg      void 
 Registers used:
		status,2, status,0
 Tracked objects:
		On entry : 
		On exit  : 
		Unchanged: 
 Data sizes:     COMRAM   BANK0   BANK1   BANK2   BANK3   BANK4   BANK5
      Params:         0       0       0       0       0       0       0
      Locals:         0       0       0       0       0       0       0
      Temps:          0       0       0       0       0       0       0
      Totals:         0       0       0       0       0       0       0
Total ram usage:        0 bytes
 Hardware stack levels used:    1
 Hardware stack levels required when called:    4
 This function calls:
		Nothing
 This function is called by:
		_main
 This function uses a non-reentrant model


 *************** function _readSeq *****************
 Defined at:
		line 95 in file "usart.c"
 Parameters:    Size  Location     Type
		None
 Auto vars:     Size  Location     Type
		None
 Return value:  Size  Location     Type
                  1    wreg      unsigned char 
 Registers used:
		wreg, status,2
 Tracked objects:
		On entry : 
		On exit  : 
		Unchanged: 
 Data sizes:     COMRAM   BANK0   BANK1   BANK2   BANK3   BANK4   BANK5
[...]
 This function calls:
		_resetStep
		_setDirection
		_stepMade
 This function is called by:
		_executeData
 This function uses a non-reentrant model


 *************** function _stepMade *****************
 Defined at:
		line 47 in file "pwm.c"
 Parameters:    Size  Location     Type
		None
 Auto vars:     Size  Location     Type
  temp            1   27[COMRAM] unsigned char 
 Return value:  Size  Location     Type
                  2   25[COMRAM] unsigned int 
 Registers used:
		wreg, status,2
 Tracked objects:
		On entry : 
		On exit  : 
		Unchanged: 
 Data sizes:     COMRAM   BANK0   BANK1   BANK2   BANK3   BANK4   BANK5
      Params:         2       0       0       0       0       0       0
      Locals:         1       0       0       0       0       0       0
      Temps:          0       0       0       0       0       0       0
      Totals:         3       0       0       0       0       0       0
Total ram usage:        3 bytes
 Hardware stack levels used:    1
 Hardware stack levels required when called:    4
 This function calls:
		Nothing
 This function is called by:
		_resetPosition
		_moveToPoint
		_touchObject
		_touchTherm
		_liftArm
 This function uses a non-reentrant model


 *************** function _setDirection *****************
 Defined at:
		line 117 in file "motors.c"
 Parameters:    Size  Location     Type
  direction       1    wreg     unsigned char 
  motor           1   25[COMRAM] unsigned char 
 Auto vars:     Size  Location     Type
  direction       1   28[COMRAM] unsigned char 
 Return value:  Size  Location     Type
                  1    wreg      void 
 Registers used:
		wreg, status,2, status,0
 Tracked objects:
		On entry : 
		On exit  : 
		Unchanged: 
 Data sizes:     COMRAM   BANK0   BANK1   BANK2   BANK3   BANK4   BANK5
      Params:         1       0       0       0       0       0       0
      Locals:         1       0       0       0       0       0       0
      Temps:          2       0       0       0       0       0       0
      Totals:         4       0       0       0       0       0       0
Total ram usage:        4 bytes
 Hardware stack levels used:    1
 Hardware stack levels required when called:    4
 This function calls:
		Nothing
 This function is called by:
		_resetPosition
		_moveToPoint
		_touchObject
		_touchTherm
		_liftArm
 This function uses a non-reentrant model


 *************** function _resetStep *****************
 Defined at:
		line 66 in file "pwm.c"
 Parameters:    Size  Location     Type
		None
 Auto vars:     Size  Location     Type
		None
 Return value:  Size  Location     Type
                  1    wreg      void 
 Registers used:
		wreg, status,2
 Tracked objects:
		On entry : 
		On exit  : 
		Unchanged: 
 Data sizes:     COMRAM   BANK0   BANK1   BANK2   BANK3   BANK4   BANK5
      Params:         0       0       0       0       0       0       0
      Locals:         0       0       0       0       0       0       0
      Temps:          0       0       0       0       0       0       0
      Totals:         0       0       0       0       0       0       0
Total ram usage:        0 bytes
 Hardware stack levels used:    1
 Hardware stack levels required when called:    4
 This function calls:
		Nothing
 This function is called by:
		_resetPosition
		_moveToPoint
		_touchObject
		_touchTherm
		_liftArm
 This function uses a non-reentrant model


 *************** function _getData *****************
 Defined at:
		line 166 in file "usart.c"
 Parameters:    Size  Location     Type
		None
 Auto vars:     Size  Location     Type
		None
 Return value:  Size  Location     Type
                  2   25[COMRAM] PTR struct .
 Registers used:
		wreg, status,2, status,0
 Tracked objects:
		On entry : 
		On exit  : 
		Unchanged: 
 Data sizes:     COMRAM   BANK0   BANK1   BANK2   BANK3   BANK4   BANK5
      Params:         2       0       0       0       0       0       0
      Locals:         0       0       0       0       0       0       0
      Temps:          0       0       0       0       0       0       0
      Totals:         2       0       0       0       0       0       0
Total ram usage:        2 bytes
 Hardware stack levels used:    1
 Hardware stack levels required when called:    4
 This function calls:
		Nothing
 This function is called by:
		_executeData
 This function uses a non-reentrant model


 *************** function _clearTM0 *****************
 Defined at:
		line 30 in file "motors.c"
 Parameters:    Size  Location     Type
		None
 Auto vars:     Size  Location     Type
		None
 Return value:  Size  Location     Type
                  1    wreg      void 
 Registers used:
		wreg, status,2
 Tracked objects:
		On entry : 
		On exit  : 
		Unchanged: 
 Data sizes:     COMRAM   BANK0   BANK1   BANK2   BANK3   BANK4   BANK5
      Params:         0       0       0       0       0       0       0
      Locals:         0       0       0       0       0       0       0
      Temps:          0       0       0       0       0       0       0
      Totals:         0       0       0       0       0       0       0
Total ram usage:        0 bytes
 Hardware stack levels used:    1
 Hardware stack levels required when called:    4
 This function calls:
		Nothing
 This function is called by:
		_main
 This function uses a non-reentrant model


 *************** function _isr *****************
 Defined at:
		line 17 in file "interrupt.c"
 Parameters:    Size  Location     Type
		None
 Auto vars:     Size  Location     Type
  temp            1   24[COMRAM] unsigned char 
 Return value:  Size  Location     Type
                  1    wreg      void 
 Registers used:
		wreg, fsr2l, fsr2h, status,2, status,0, tblptrl, tblptrh, tblptru, prodl, prodh, cstack
 Tracked objects:
		On entry : 
		On exit  : 
		Unchanged: 
 Data sizes:     COMRAM   BANK0   BANK1   BANK2   BANK3   BANK4   BANK5
      Params:         0       0       0       0       0       0       0
      Locals:         1       0       0       0       0       0       0
      Temps:         10       0       0       0       0       0       0
      Totals:        11       0       0       0       0       0       0
Total ram usage:       11 bytes
 Hardware stack levels used:    1
 Hardware stack levels required when called:    3
 This function calls:
		_increaseStep
		_retPeriod
		_setThermRel
		_setTouchRel
		_storeData
		_toggleStep
		_whatsTM0Limit
		_writeTM0
 This function is called by:
		Interrupt level 2
 This function uses a non-reentrant model


 *************** function _writeTM0 *****************
 Defined at:
		line 23 in file "motors.c"
 Parameters:    Size  Location     Type
		None
 Auto vars:     Size  Location     Type
		None
 Return value:  Size  Location     Type
                  1    wreg      void 
 Registers used:
		wreg, status,2
 Tracked objects:
		On entry : 
		On exit  : 
		Unchanged: 
 Data sizes:     COMRAM   BANK0   BANK1   BANK2   BANK3   BANK4   BANK5
      Params:         0       0       0       0       0       0       0
      Locals:         0       0       0       0       0       0       0
      Temps:          0       0       0       0       0       0       0
      Totals:         0       0       0       0       0       0       0
Total ram usage:        0 bytes
 Hardware stack levels used:    1
 This function calls:
		Nothing
 This function is called by:
		_isr
 This function uses a non-reentrant model


 *************** function _whatsTM0Limit *****************
 Defined at:
		line 37 in file "motors.c"
 Parameters:    Size  Location     Type
		None
 Auto vars:     Size  Location     Type
		None
 Return value:  Size  Location     Type
                  1    wreg      unsigned char 
 Registers used:
		wreg, status,2
 Tracked objects:
		On entry : 
		On exit  : 
		Unchanged: 
 Data sizes:     COMRAM   BANK0   BANK1   BANK2   BANK3   BANK4   BANK5
      Params:         0       0       0       0       0       0       0
      Locals:         0       0       0       0       0       0       0
      Temps:          0       0       0       0       0       0       0
      Totals:         0       0       0       0       0       0       0
Total ram usage:        0 bytes
 Hardware stack levels used:    1
 This function calls:
		Nothing
 This function is called by:
		_isr
 This function uses a non-reentrant model


 *************** function _toggleStep *****************
 Defined at:
		line 81 in file "pwm.c"
 Parameters:    Size  Location     Type
		None
 Auto vars:     Size  Location     Type
		None
 Return value:  Size  Location     Type
                  1    wreg      void 
 Registers used:
		wreg, status,2
 Tracked objects:
		On entry : 
		On exit  : 
		Unchanged: 
 Data sizes:     COMRAM   BANK0   BANK1   BANK2   BANK3   BANK4   BANK5
      Params:         0       0       0       0       0       0       0
      Locals:         0       0       0       0       0       0       0
      Temps:          0       0       0       0       0       0       0
      Totals:         0       0       0       0       0       0       0
Total ram usage:        0 bytes
 Hardware stack levels used:    1
 This function calls:
		Nothing
 This function is called by:
		_isr
 This function uses a non-reentrant model


 *************** function _storeData *****************
 Defined at:
		line 118 in file "usart.c"
 Parameters:    Size  Location     Type
  data            1    wreg     unsigned char 
 Auto vars:     Size  Location     Type
  data            1   13[COMRAM] unsigned char 
  errSequence     4    9[COMRAM] const unsigned char [4]
 Return value:  Size  Location     Type
                  1    wreg      void 
 Registers used:
		wreg, fsr2l, fsr2h, status,2, status,0, tblptrl, tblptrh, tblptru, prodl, prodh, cstack
 Tracked objects:
		On entry : 
		On exit  : 
		Unchanged: 
 Data sizes:     COMRAM   BANK0   BANK1   BANK2   BANK3   BANK4   BANK5
      Params:         0       0       0       0       0       0       0
      Locals:         5       0       0       0       0       0       0
      Temps:          2       0       0       0       0       0       0
      Totals:         7       0       0       0       0       0       0
Total ram usage:        7 bytes
 Hardware stack levels used:    1
 Hardware stack levels required when called:    2
 This function calls:
		i2_printError
 This function is called by:
		_isr
 This function uses a non-reentrant model


 *************** function i2_printError *****************
 Defined at:
		line 52 in file "usart.c"
 Parameters:    Size  Location     Type
  errCode         1    wreg     unsigned char 
 Auto vars:     Size  Location     Type
  errCode         1    6[COMRAM] unsigned char 
 Return value:  Size  Location     Type
                  1    wreg      void 
 Registers used:
		wreg, fsr2l, fsr2h, status,2, status,0, cstack
 Tracked objects:
		On entry : 
		On exit  : 
		Unchanged: 
 Data sizes:     COMRAM   BANK0   BANK1   BANK2   BANK3   BANK4   BANK5
      Params:         0       0       0       0       0       0       0
      Locals:         1       0       0       0       0       0       0
      Temps:          2       0       0       0       0       0       0
      Totals:         3       0       0       0       0       0       0
Total ram usage:        3 bytes
 Hardware stack levels used:    1
 Hardware stack levels required when called:    1
 This function calls:
		i2_uartTx
 This function is called by:
		_storeData
 This function uses a non-reentrant model


 *************** function i2_uartTx *****************
 Defined at:
		line 174 in file "usart.c"
 Parameters:    Size  Location     Type
  ptr             2    0[COMRAM] PTR unsigned char 
		 -> errString_Command(23), errString_Fatal(38), errString_PointZ(52), errString_Bound(32), 
		 -> errString_Point(40), errString_Reset(39), errString_ZEND(40), errString_Feed(29), 
  length          1    2[COMRAM] unsigned char 
 Auto vars:     Size  Location     Type
  i               1    3[COMRAM] unsigned char 
 Return value:  Size  Location     Type
                  1    wreg      void 
 Registers used:
		wreg, fsr2l, fsr2h, status,2, status,0
 Tracked objects:
		On entry : 
		On exit  : 
		Unchanged: 
 Data sizes:     COMRAM   BANK0   BANK1   BANK2   BANK3   BANK4   BANK5
      Params:         3       0       0       0       0       0       0
      Locals:         1       0       0       0       0       0       0
      Temps:          0       0       0       0       0       0       0
      Totals:         4       0       0       0       0       0       0
Total ram usage:        4 bytes
 Hardware stack levels used:    1
 This function calls:
		Nothing
 This function is called by:
		i2_printError
 This function uses a non-reentrant model


 *************** function _setTouchRel *****************
 Defined at:
		line 85 in file "adc.c"
 Parameters:    Size  Location     Type
		None
 Auto vars:     Size  Location     Type
		None
 Return value:  Size  Location     Type
                  1    wreg      void 
 Registers used:
		wreg, status,2
 Tracked objects:
		On entry : 
		On exit  : 
		Unchanged: 
 Data sizes:     COMRAM   BANK0   BANK1   BANK2   BANK3   BANK4   BANK5
      Params:         0       0       0       0       0       0       0
      Locals:         0       0       0       0       0       0       0
      Temps:          0       0       0       0       0       0       0
      Totals:         0       0       0       0       0       0       0
Total ram usage:        0 bytes
 Hardware stack levels used:    1
 This function calls:
		Nothing
 This function is called by:
		_isr
 This function uses a non-reentrant model


 *************** function _setThermRel *****************
 Defined at:
		line 78 in file "adc.c"
 Parameters:    Size  Location     Type
		None
 Auto vars:     Size  Location     Type
		None
 Return value:  Size  Location     Type
                  1    wreg      void 
 Registers used:
		wreg, status,2
 Tracked objects:
		On entry : 
		On exit  : 
		Unchanged: 
 Data sizes:     COMRAM   BANK0   BANK1   BANK2   BANK3   BANK4   BANK5
      Params:         0       0       0       0       0       0       0
      Locals:         0       0       0       0       0       0       0
      Temps:          0       0       0       0       0       0       0
      Totals:         0       0       0       0       0       0       0
Total ram usage:        0 bytes
 Hardware stack levels used:    1
 This function calls:
		Nothing
 This function is called by:
		_isr
 This function uses a non-reentrant model


 *************** function _retPeriod *****************
 Defined at:
		line 89 in file "pwm.c"
 Parameters:    Size  Location     Type
		None
 Auto vars:     Size  Location     Type
		None
 Return value:  Size  Location     Type
                  2    0[COMRAM] unsigned int 
 Registers used:
		None
 Tracked objects:
		On entry : 
		On exit  : 
		Unchanged: 
 Data sizes:     COMRAM   BANK0   BANK1   BANK2   BANK3   BANK4   BANK5
      Params:         2       0       0       0       0       0       0
      Locals:         0       0       0       0       0       0       0
      Temps:          0       0       0       0       0       0       0
      Totals:         2       0       0       0       0       0       0
Total ram usage:        2 bytes
 Hardware stack levels used:    1
 This function calls:
		Nothing
 This function is called by:
		_isr
 This function uses a non-reentrant model


 *************** function _increaseStep *****************
 Defined at:
		line 73 in file "pwm.c"
 Parameters:    Size  Location     Type
		None
 Auto vars:     Size  Location     Type
		None
 Return value:  Size  Location     Type
                  1    wreg      void 
 Registers used:
		status,2, status,0
 Tracked objects:
		On entry : 
		On exit  : 
		Unchanged: 
 Data sizes:     COMRAM   BANK0   BANK1   BANK2   BANK3   BANK4   BANK5
      Params:         0       0       0       0       0       0       0
      Locals:         0       0       0       0       0       0       0
      Temps:          0       0       0       0       0       0       0
      Totals:         0       0       0       0       0       0       0
Total ram usage:        0 bytes
 Hardware stack levels used:    1
 This function calls:
		Nothing
 This function is called by:
		_isr
 This function uses a non-reentrant model



MODULE INFORMATION

Module		Function		Class		Link	Load	Size
D:\Programs\MPLABx\xc8\v2.20\pic\sources\c99\common\xxtofl.c
		___xxtofl      		CODE           	0CA6	0000	505

D:\Programs\MPLABx\xc8\v2.20\pic\sources\c99\common\xxtofl.c estimated size: 505

motors.c
		_rotateObj     		CODE           	1A7A	0000	187
		_resetPosition 		CODE           	0E9E	0000	499
		_moveToPoint   		CODE           	1090	0000	491
		_setDirection  		CODE           	1DF8	0000	117
		_pickObject    		CODE           	216A	0000	9
		_liftArm       		CODE           	1B34	0000	177
		_setStep       		CODE           	18D2	0000	215
		_enableMotor   		CODE           	1D84	0000	117
		_setDecay      		CODE           	1D10	0000	117
		_whatsTM0Limit 		CODE           	2172	0000	9
		_writeTM0      		CODE           	20B6	0000	15
		_releaseObj    		CODE           	2162	0000	9
		_touchTherm    		CODE           	16EE	0000	243
		_clearTM0      		CODE           	20A8	0000	15
		_initPinMotors 		CODE           	1FF6	0000	39
		_touchObject   		CODE           	17E0	0000	243

motors.c estimated size: 2502

usart.c
		_uartTx        		CODE           	1F20	0000	79
		_fatalError    		CODE           	214A	0000	9
		_getData       		CODE           	209A	0000	15
		_usartInit     		CODE           	2042	0000	31
		_reduceSeq     		CODE           	213A	0000	9
		_printError    		CODE           	13B2	0000	285
		_storeData     		CODE           	15EA	0000	261
		_shiftData     		CODE           	1E6C	0000	97
		_readSeq       		CODE           	2142	0000	9

usart.c estimated size: 795

D:\Programs\MPLABx\xc8\v2.20\pic\sources\c99\common\fltol.c
		___fltol       		CODE           	127A	0000	313

D:\Programs\MPLABx\xc8\v2.20\pic\sources\c99\common\fltol.c estimated size: 313

pwm.c
		_stepCounter   		CODE           	20EA	0000	13
		_tim0Init      		CODE           	2088	0000	19
		_retPeriod     		CODE           	20C4	0000	15
		_stepMade      		CODE           	2074	0000	21
		_tim2Init      		CODE           	2060	0000	21
		_resetStep     		CODE           	210A	0000	11
		_toggleStep    		CODE           	2114	0000	11
		_increaseStep  		CODE           	217A	0000	9

pwm.c estimated size: 120

adc.c
		_setTouchRel   		CODE           	211E	0000	11
		_resetTouch    		CODE           	2100	0000	11
		_resetTherm    		CODE           	20F6	0000	11
		_initADC       		CODE           	201C	0000	39
		_setThermRel   		CODE           	2128	0000	11
		_returnTouch   		CODE           	20DE	0000	13
		_returnTherm   		CODE           	20D2	0000	13
		_startADC      		CODE           	215A	0000	9
		_stopADC       		CODE           	2152	0000	9

adc.c estimated size: 127

interrupt.c
		_isr           		CODE           	0008	0000	387

interrupt.c estimated size: 387

shared
		i2_printError  		CODE           	14CE	0000	285
		_touch_pressure		SMALLCONST     	0000	0000	0
		_mexLength     		SMALLCONST     	0000	0000	0
		_feeder2Pos    		SMALLCONST     	060F	0000	3
		i2_uartTx      		CODE           	1F6E	0000	79
		rotateObj@stepAngle		SMALLCONST     	0000	0000	0
		storeData@F2373		SMALLCONST     	0601	0000	5
		_therm_pressure		SMALLCONST     	0000	0000	0
		__initialization		CODE           	1C8A	0000	121
		_feeder1Pos    		SMALLCONST     	0611	0000	3
		_feeder3Pos    		SMALLCONST     	060D	0000	3

shared estimated size: 499

D:\Programs\MPLABx\xc8\v2.20\pic\sources\c99\common\sprcdiv.c
		___fldiv       		CODE           	0616	0000	1075

D:\Programs\MPLABx\xc8\v2.20\pic\sources\c99\common\sprcdiv.c estimated size: 1075

main.c
		_executeData   		CODE           	0A48	0000	607
		_main          		CODE           	1BE4	0000	167
		_interruptInit 		CODE           	1FBC	0000	59

main.c estimated size: 833

