Microchip MPLAB XC8 Compiler V2.20

Linker command line:

-W-3 --edf=D:\Programs\MPLABx\xc8\v2.20\pic\dat\en_msgs.txt -cn \
  -h+dist/default/production\ESD_PnP_1.X.production.sym \
  --cmf=dist/default/production\ESD_PnP_1.X.production.cmf -z -Q18F452 \
  -oC:\Users\alle9\AppData\Local\Temp\s85o.2 --defsym=__MPLAB_BUILD=1 \
  -Mdist/default/production/ESD_PnP_1.X.production.map -E1 \
  -ver=XC8 Compiler --acfsm=1493 -ASTACK=01DEh-05FFh -pstack=STACK \
  -ACODE=00h-03FFFhx2 -ACONST=00h-07FFFh -ASMALLCONST=0600h-06FFhx122 \
  -AMEDIUMCONST=0600h-07FFFh -ACOMRAM=01h-07Fh -AABS1=00h-05FFh \
  -ABIGRAM=01h-05FFh -ARAM=080h-0FFh,0100h-01FFhx5 -ABANK0=080h-0FFh \
  -ABANK1=0100h-01FFh -ABANK2=0200h-02FFh -ABANK3=0300h-03FFh \
  -ABANK4=0400h-04FFh -ABANK5=0500h-05FFh -ASFR=0F80h-0FFFh \
  -ACONFIG=0300000h-030000Dh -AIDLOC=0200000h-0200007h \
  -preset_vec=00h,intcode=08h,intcodelo,powerup,init -pramtop=0600h \
  -psmallconst=SMALLCONST -pmediumconst=MEDIUMCONST -pconst=CONST \
  -AFARRAM=00h-00h -AEEDATA=0F00000h-0F000FFh -peeprom_data=EEDATA \
  -prdata=COMRAM,nvrram=COMRAM,nvbit=COMRAM,rbss=COMRAM,rbit=COMRAM \
  -pfarbss=FARRAM,fardata=FARRAM,nvFARRAM=FARRAM \
  -pintsave_regs=BIGRAM,bigbss=BIGRAM,bigdata=BIGRAM -pbss=RAM \
  -pidata=CODE,irdata=CODE,ibigdata=CODE,ifardata=CODE -prparam=COMRAM \
  C:\Users\alle9\AppData\Local\Temp\s85o.o \
  dist/default/production\ESD_PnP_1.X.production.o 

Object code version is 3.11

Machine type is 18F452



                Name                               Link     Load   Length Selector   Space Scale
C:\Users\alle9\AppData\Local\Temp\s85o.o
                idloc                            200000   200000        8        0       5
                config                           300000   300000        E        0       4
                text                               25B0     25B0        2     12D8       0
                init                                16A      16A        4        4       0
                reset_vec                             0        0        6        0       0
dist/default/production\ESD_PnP_1.X.production.o
                intcode                               8        8      162        4       0
                idloc                            200000   200000        8        0       5
                config                           300000   300000        E        0       4
                temp                                 6E       6E        1        1       1
                smallconst                          600      600       10      300       0
                text54                             25A2     25A2        8     1173       0
                text53                             24F0     24F0        E     1173       0
                text52                             2568     2568        A     1173       0
                text51                             255E     255E        A     1173       0
                text50                             2554     2554        A     1173       0
                text49                             259A     259A        8     1173       0
                text48                             24E2     24E2        E     1173       0
                text47                             2334     2334       4E     1173       0
                text46                             1A10     1A10      11C      308       0
                text45                             165C     165C      162      308       0
                text43                             24D4     24D4        E     1173       0
                text42                             24C6     24C6        E     1173       0
                text41                             254A     254A        A     1173       0
                text40                             21B6     21B6       74      308       0
                text39                             2492     2492       14     1173       0
                text38                             1F98     1F98       B0      308       0
                text37                             2516     2516        C     1173       0
                text36                              A42      A42      2C2      308       0
                text35                             23E8     23E8       2C     1173       0
                text34                             23BC     23BC       2C     1173       0
                text33                              610      610      432      308       0
                text32                             17BE     17BE      136      308       0
                text31                              F92      F92      1F8      308       0
                text30                             1D10     1D10       DC      308       0
                text29                             2540     2540        A     1173       0
                text28                             250A     250A        C     1173       0
                text27                             2536     2536        A     1173       0
                text26                             2592     2592        8     1173       0
                text25                             1C1E     1C1E       F2      308       0
                text24                             252C     252C        A     1173       0
                text23                             24FE     24FE        C     1173       0
                text22                             1B2C     1B2C       F2      308       0
                text21                              D04      D04      28E      308       0
                text20                             258A     258A        8     1173       0
                text19                             24B8     24B8        E     1173       0
                text18                             243A     243A       26     1173       0
                text17                             2414     2414       26     1173       0
                text16                             2382     2382       3A     1173       0
                text15                             2582     2582        8     1173       0
                text14                             257A     257A        8     1173       0
                text13                             2572     2572        8     1173       0
                text12                             2522     2522        A     1173       0
                text11                             2142     2142       74      308       0
                text10                             20CE     20CE       74      308       0
                text9                              1EC2     1EC2       D6      308       0
                text8                              118A     118A      1F4      308       0
                text7                              222A     222A       60      308       0
                text6                              22E6     22E6       4E     1173       0
                text5                              18F4     18F4      11C      308       0
                text4                              14FA     14FA      162      308       0
                text3                              24A6     24A6       12     1173       0
                text2                              247E     247E       14     1173       0
                text1                              2460     2460       1E     1173       0
                text0                              137E     137E      17C      308       0
                cstackCOMRAM                          1        1       44        1       1
                cstackBANK0                          F7       F7        8       80       1
                cstackBANK1                         1D6      1D6        8      100       1
                dataBANK1                           100      100       D6      100       1
                dataBANK0                            80       80       5B       80       1
                bssBANK0                             DB       DB       1C       80       1
                dataCOMRAM                           69       69        5        1       1
                bssCOMRAM                            45       45       24        1       1
                cinit                              2048     2048       86      308       0
                idataBANK1                         1DEC     1DEC       D6      308       0
                idataBANK0                         228A     228A       5B      308       0
                idataCOMRAM                        25AA     25AA        5     1173       0

TOTAL           Name                               Link     Load   Length     Space
        CLASS   STACK          

        CLASS   CODE           
                intcode                               8        8      162         0
                text                               25B0     25B0        2         0
                init                                16A      16A        4         0
                reset_vec                             0        0        6         0
                text54                             25A2     25A2        8         0
                text53                             24F0     24F0        E         0
                text52                             2568     2568        A         0
                text51                             255E     255E        A         0
                text50                             2554     2554        A         0
                text49                             259A     259A        8         0
                text48                             24E2     24E2        E         0
                text47                             2334     2334       4E         0
                text46                             1A10     1A10      11C         0
                text45                             165C     165C      162         0
                text43                             24D4     24D4        E         0
                text42                             24C6     24C6        E         0
                text41                             254A     254A        A         0
                text40                             21B6     21B6       74         0
                text39                             2492     2492       14         0
                text38                             1F98     1F98       B0         0
                text37                             2516     2516        C         0
                text36                              A42      A42      2C2         0
                text35                             23E8     23E8       2C         0
                text34                             23BC     23BC       2C         0
                text33                              610      610      432         0
                text32                             17BE     17BE      136         0
                text31                              F92      F92      1F8         0
                text30                             1D10     1D10       DC         0
                text29                             2540     2540        A         0
                text28                             250A     250A        C         0
                text27                             2536     2536        A         0
                text26                             2592     2592        8         0
                text25                             1C1E     1C1E       F2         0
                text24                             252C     252C        A         0
                text23                             24FE     24FE        C         0
                text22                             1B2C     1B2C       F2         0
                text21                              D04      D04      28E         0
                text20                             258A     258A        8         0
                text19                             24B8     24B8        E         0
                text18                             243A     243A       26         0
                text17                             2414     2414       26         0
                text16                             2382     2382       3A         0
                text15                             2582     2582        8         0
                text14                             257A     257A        8         0
                text13                             2572     2572        8         0
                text12                             2522     2522        A         0
                text11                             2142     2142       74         0
                text10                             20CE     20CE       74         0
                text9                              1EC2     1EC2       D6         0
                text8                              118A     118A      1F4         0
                text7                              222A     222A       60         0
                text6                              22E6     22E6       4E         0
                text5                              18F4     18F4      11C         0
                text4                              14FA     14FA      162         0
                text3                              24A6     24A6       12         0
                text2                              247E     247E       14         0
                text1                              2460     2460       1E         0
                text0                              137E     137E      17C         0
                cinit                              2048     2048       86         0
                idataBANK1                         1DEC     1DEC       D6         0
                idataBANK0                         228A     228A       5B         0
                idataCOMRAM                        25AA     25AA        5         0

        CLASS   CONST          

        CLASS   SMALLCONST     
                smallconst                          600      600       10         0

        CLASS   MEDIUMCONST    

        CLASS   COMRAM         
                temp                                 6E       6E        1         1
                cstackCOMRAM                          1        1       44         1
                dataCOMRAM                           69       69        5         1
                bssCOMRAM                            45       45       24         1

        CLASS   ABS1           

        CLASS   BIGRAM         

        CLASS   RAM            

        CLASS   BANK0          
                cstackBANK0                          F7       F7        8         1
                dataBANK0                            80       80       5B         1
                bssBANK0                             DB       DB       1C         1

        CLASS   BANK1          
                cstackBANK1                         1D6      1D6        8         1
                dataBANK1                           100      100       D6         1

        CLASS   BANK2          

        CLASS   BANK3          

        CLASS   BANK4          

        CLASS   BANK5          

        CLASS   SFR            

        CLASS   CONFIG         
                config                           300000   300000        E         4

        CLASS   IDLOC          
                idloc                            200000   200000        8         5

        CLASS   FARRAM         

        CLASS   EEDATA         



SEGMENTS        Name                           Load    Length   Top    Selector   Space  Class

                reset_vec                      000000  000006  000006         0       0  CODE    
                cstackCOMRAM                   000001  00006E  00006F         1       1  COMRAM  
                intcode                        000008  000166  00016E         4       0  CODE    
                dataBANK0                      000080  00007F  0000FF        80       1  BANK0   
                dataBANK1                      000100  0000DE  0001DE       100       1  BANK1   
                smallconst                     000600  000010  000610       300       0  SMALLCON
                text33                         000610  001CD5  0022E5       308       0  CODE    
                text6                          0022E6  0002C9  0025AF      1173       0  CODE    
                text                           0025B0  000002  0025B2      12D8       0  CODE    


UNUSED ADDRESS RANGES

        Name                Unused          Largest block    Delta
        BANK0            0000FF-0000FF                1
        BANK1            0001DE-0001FF               22
        BANK2            000200-0002FF              100
        BANK3            000300-0003FF              100
        BANK4            000400-0004FF              100
        BANK5            000500-0005FF              100
        BIGRAM           00006F-00007F               11
                         0000FF-0000FF                1
                         0001DE-0005FF              422
        CODE             000006-000007                2
                         00016E-0005FF              492
                         0022E5-0022E5                1
                         0025AF-0025AF                1
                         0025B2-007FFF             1A4E
        COMRAM           00006F-00007F               11
        CONST            000006-000007                2
                         00016E-0005FF              492
                         0022E5-0022E5                1
                         0025AF-0025AF                1
                         0025B2-007FFF             5A4E
        EEDATA           F00000-F000FF              100
        MEDIUMCONST      0022E5-0022E5                1
                         0025AF-0025AF                1
                         0025B2-007FFF             5A4E
        RAM              0000FF-0000FF                1
                         0001DE-0005FF              100
        SFR              000F80-000FFF               80
        SMALLCONST       0022E5-0022E5                1
                         0025AF-0025AF                1
                         0025B2-007FFF              100
        STACK            0001DE-0005FF              422

                                  Symbol Table

?___fldiv                                                       cstackCOMRAM 000020
?___fltol                                                       cstackCOMRAM 000039
?___xxtofl                                                      cstackCOMRAM 000012
?_getData                                                       cstackCOMRAM 000012
?_getNewSequence                                                cstackCOMRAM 000012
?_retPeriod                                                     cstackCOMRAM 000001
?_returnTherm                                                   cstackCOMRAM 000012
?_returnTouch                                                   cstackCOMRAM 000012
?_stepCounter                                                   cstackCOMRAM 000012
?_stepMade                                                      cstackCOMRAM 000012
_ADCON0bits                                                     (abs)        000FC2
_ADCON1bits                                                     (abs)        000FC1
_ADC_res                                                        bssCOMRAM    000053
_ADRESH                                                         (abs)        000FC4
_ADRESL                                                         (abs)        000FC3
_INTCONbits                                                     (abs)        000FF2
_IPR1bits                                                       (abs)        000F9F
_LATAbits                                                       (abs)        000F89
_LATBbits                                                       (abs)        000F8A
_LATCbits                                                       (abs)        000F8B
_LATD                                                           (abs)        000F8C
_LATDbits                                                       (abs)        000F8C
_PIE1bits                                                       (abs)        000F9D
_PIR1bits                                                       (abs)        000F9E
_PORTDbits                                                      (abs)        000F83
_PORTEbits                                                      (abs)        000F84
_RCONbits                                                       (abs)        000FD0
_RCREG1                                                         (abs)        000FAE
_RCSTA1bits                                                     (abs)        000FAB
_RCSTAbits                                                      (abs)        000FAB
_SPBRG                                                          (abs)        000FAF
_T0CONbits                                                      (abs)        000FD5
_T2CONbits                                                      (abs)        000FCA
_TMR0                                                           (abs)        000FD6
_TMR2                                                           (abs)        000FCC
_TRISA                                                          (abs)        000F92
_TRISB                                                          (abs)        000F93
_TRISC                                                          (abs)        000F94
_TRISCbits                                                      (abs)        000F94
_TRISD                                                          (abs)        000F95
_TRISDbits                                                      (abs)        000F95
_TRISEbits                                                      (abs)        000F96
_TXREG                                                          (abs)        000FAD
_TXSTAbits                                                      (abs)        000FAC
__HRAM                                                          (abs)        000000
__Habs1                                                         abs1         000000
__Hbank0                                                        bank0        000000
__Hbank1                                                        bank1        000000
__Hbank2                                                        bank2        000000
__Hbank3                                                        bank3        000000
__Hbank4                                                        bank4        000000
__Hbank5                                                        bank5        000000
__Hbigbss                                                       bigbss       000000
__Hbigdata                                                      bigdata      000000
__Hbigram                                                       bigram       000000
__Hbss                                                          bss          000000
__HbssBANK0                                                     bssBANK0     000000
__HbssCOMRAM                                                    bssCOMRAM    000000
__Hcinit                                                        cinit        000000
__Hclrtext                                                      clrtext      000000
__Hcomram                                                       comram       000000
__Hconfig                                                       config       30000E
__Hconst                                                        const        000000
__HcstackBANK0                                                  cstackBANK0  000000
__HcstackBANK1                                                  cstackBANK1  000000
__HcstackCOMRAM                                                 cstackCOMRAM 000000
__Hdata                                                         data         000000
__HdataBANK0                                                    dataBANK0    000000
__HdataBANK1                                                    dataBANK1    000000
__HdataCOMRAM                                                   dataCOMRAM   000000
__Heeprom_data                                                  eeprom_data  000000
__Hfarbss                                                       farbss       000000
__Hfardata                                                      fardata      000000
__Hibigdata                                                     ibigdata     000000
__Hidata                                                        idata        000000
__HidataBANK0                                                   idataBANK0   000000
__HidataBANK1                                                   idataBANK1   000000
__HidataCOMRAM                                                  idataCOMRAM  000000
__Hidloc                                                        idloc        200008
__Hifardata                                                     ifardata     000000
__Hinit                                                         init         00016E
__Hintcode                                                      intcode      00016A
__Hintcode_body                                                 intcode_body 000000
__Hintcodelo                                                    intcodelo    00016A
__Hintentry                                                     intentry     000000
__Hintret                                                       intret       000000
__Hintsave_regs                                                 intsave_regs 000000
__Hirdata                                                       irdata       000000
__Hmediumconst                                                  mediumconst  000000
__HnvFARRAM                                                     nvFARRAM     000000
__Hnvbit                                                        nvbit        000000
__Hnvrram                                                       nvrram       000000
__Hparam                                                        rparam       000000
__Hpowerup                                                      powerup      00016A
__Hram                                                          ram          000000
__Hramtop                                                       ramtop       000600
__Hrbit                                                         rbit         000000
__Hrbss                                                         rbss         000000
__Hrdata                                                        rdata        000000
__Hreset_vec                                                    reset_vec    000006
__Hrparam                                                       rparam       000000
__Hsfr                                                          sfr          000000
__Hsmallconst                                                   smallconst   000610
__Hspace_0                                                      (abs)        0025B2
__Hspace_1                                                      (abs)        0001DE
__Hspace_2                                                      (abs)        000000
__Hspace_4                                                      (abs)        60000E
__Hstack                                                        stack        000000
__Hstruct                                                       struct       000000
__Htemp                                                         temp         00006F
__Htext                                                         text         000000
__Htext0                                                        text0        000000
__Htext1                                                        text1        000000
__Htext10                                                       text10       000000
__Htext11                                                       text11       000000
__Htext12                                                       text12       000000
__Htext13                                                       text13       000000
__Htext14                                                       text14       000000
__Htext15                                                       text15       000000
__Htext16                                                       text16       000000
__Htext17                                                       text17       000000
__Htext18                                                       text18       000000
__Htext19                                                       text19       000000
__Htext2                                                        text2        000000
__Htext20                                                       text20       000000
__Htext21                                                       text21       000000
__Htext22                                                       text22       000000
__Htext23                                                       text23       000000
__Htext24                                                       text24       000000
__Htext25                                                       text25       000000
__Htext26                                                       text26       000000
__Htext27                                                       text27       000000
__Htext28                                                       text28       000000
__Htext29                                                       text29       000000
__Htext3                                                        text3        000000
__Htext30                                                       text30       000000
__Htext31                                                       text31       000000
__Htext32                                                       text32       000000
__Htext33                                                       text33       000000
__Htext34                                                       text34       000000
__Htext35                                                       text35       000000
__Htext36                                                       text36       000000
__Htext37                                                       text37       000000
__Htext38                                                       text38       000000
__Htext39                                                       text39       000000
__Htext4                                                        text4        000000
__Htext40                                                       text40       000000
__Htext41                                                       text41       000000
__Htext42                                                       text42       000000
__Htext43                                                       text43       000000
__Htext45                                                       text45       000000
__Htext46                                                       text46       000000
__Htext47                                                       text47       000000
__Htext48                                                       text48       000000
__Htext49                                                       text49       000000
__Htext5                                                        text5        000000
__Htext50                                                       text50       000000
__Htext51                                                       text51       000000
__Htext52                                                       text52       000000
__Htext53                                                       text53       000000
__Htext54                                                       text54       000000
__Htext6                                                        text6        000000
__Htext7                                                        text7        000000
__Htext8                                                        text8        000000
__Htext9                                                        text9        000000
__LRAM                                                          (abs)        000001
__Labs1                                                         abs1         000000
__Lbank0                                                        bank0        000000
__Lbank1                                                        bank1        000000
__Lbank2                                                        bank2        000000
__Lbank3                                                        bank3        000000
__Lbank4                                                        bank4        000000
__Lbank5                                                        bank5        000000
__Lbigbss                                                       bigbss       000000
__Lbigdata                                                      bigdata      000000
__Lbigram                                                       bigram       000000
__Lbss                                                          bss          000000
__LbssBANK0                                                     bssBANK0     000000
__LbssCOMRAM                                                    bssCOMRAM    000000
__Lcinit                                                        cinit        000000
__Lclrtext                                                      clrtext      000000
__Lcomram                                                       comram       000000
__Lconfig                                                       config       000000
__Lconst                                                        const        000000
__LcstackBANK0                                                  cstackBANK0  000000
__LcstackBANK1                                                  cstackBANK1  000000
__LcstackCOMRAM                                                 cstackCOMRAM 000000
__Ldata                                                         data         000000
__LdataBANK0                                                    dataBANK0    000000
__LdataBANK1                                                    dataBANK1    000000
__LdataCOMRAM                                                   dataCOMRAM   000000
__Leeprom_data                                                  eeprom_data  000000
__Lfarbss                                                       farbss       000000
__Lfardata                                                      fardata      000000
__Libigdata                                                     ibigdata     000000
__Lidata                                                        idata        000000
__LidataBANK0                                                   idataBANK0   000000
__LidataBANK1                                                   idataBANK1   000000
__LidataCOMRAM                                                  idataCOMRAM  000000
__Lidloc                                                        idloc        000000
__Lifardata                                                     ifardata     000000
__Linit                                                         init         00016A
__Lintcode                                                      intcode      000008
__Lintcode_body                                                 intcode_body 000000
__Lintcodelo                                                    intcodelo    00016A
__Lintentry                                                     intentry     000000
__Lintret                                                       intret       000000
__Lintsave_regs                                                 intsave_regs 000000
__Lirdata                                                       irdata       000000
__Lmediumconst                                                  mediumconst  000000
__LnvFARRAM                                                     nvFARRAM     000000
__Lnvbit                                                        nvbit        000000
__Lnvrram                                                       nvrram       000000
__Lparam                                                        rparam       000000
__Lpowerup                                                      powerup      00016A
__Lram                                                          ram          000000
__Lramtop                                                       ramtop       000600
__Lrbit                                                         rbit         000000
__Lrbss                                                         rbss         000000
__Lrdata                                                        rdata        000000
__Lreset_vec                                                    reset_vec    000000
__Lrparam                                                       rparam       000000
__Lsfr                                                          sfr          000000
__Lsmallconst                                                   smallconst   000600
__Lspace_0                                                      (abs)        000000
__Lspace_1                                                      (abs)        000000
__Lspace_2                                                      (abs)        000000
__Lspace_4                                                      (abs)        000000
__Lstack                                                        stack        000000
__Lstruct                                                       struct       000000
__Ltemp                                                         temp         00006E
__Ltext                                                         text         000000
__Ltext0                                                        text0        000000
__Ltext1                                                        text1        000000
__Ltext10                                                       text10       000000
__Ltext11                                                       text11       000000
__Ltext12                                                       text12       000000
__Ltext13                                                       text13       000000
__Ltext14                                                       text14       000000
__Ltext15                                                       text15       000000
__Ltext16                                                       text16       000000
__Ltext17                                                       text17       000000
__Ltext18                                                       text18       000000
__Ltext19                                                       text19       000000
__Ltext2                                                        text2        000000
__Ltext20                                                       text20       000000
__Ltext21                                                       text21       000000
__Ltext22                                                       text22       000000
__Ltext23                                                       text23       000000
__Ltext24                                                       text24       000000
__Ltext25                                                       text25       000000
__Ltext26                                                       text26       000000
__Ltext27                                                       text27       000000
__Ltext28                                                       text28       000000
__Ltext29                                                       text29       000000
__Ltext3                                                        text3        000000
__Ltext30                                                       text30       000000
__Ltext31                                                       text31       000000
__Ltext32                                                       text32       000000
__Ltext33                                                       text33       000000
__Ltext34                                                       text34       000000
__Ltext35                                                       text35       000000
__Ltext36                                                       text36       000000
__Ltext37                                                       text37       000000
__Ltext38                                                       text38       000000
__Ltext39                                                       text39       000000
__Ltext4                                                        text4        000000
__Ltext40                                                       text40       000000
__Ltext41                                                       text41       000000
__Ltext42                                                       text42       000000
__Ltext43                                                       text43       000000
__Ltext45                                                       text45       000000
__Ltext46                                                       text46       000000
__Ltext47                                                       text47       000000
__Ltext48                                                       text48       000000
__Ltext49                                                       text49       000000
__Ltext5                                                        text5        000000
__Ltext50                                                       text50       000000
__Ltext51                                                       text51       000000
__Ltext52                                                       text52       000000
__Ltext53                                                       text53       000000
__Ltext54                                                       text54       000000
__Ltext6                                                        text6        000000
__Ltext7                                                        text7        000000
__Ltext8                                                        text8        000000
__Ltext9                                                        text9        000000
__S0                                                            (abs)        0025B2
__S1                                                            (abs)        0001DE
__S2                                                            (abs)        000000
__S4                                                            (abs)        000000
__S5                                                            (abs)        000000
___fldiv                                                        text33       000610
___fldiv@a                                                      cstackCOMRAM 000024
___fldiv@aexp                                                   cstackCOMRAM 000038
___fldiv@b                                                      cstackCOMRAM 000020
___fldiv@bexp                                                   cstackCOMRAM 000037
___fldiv@grs                                                    cstackCOMRAM 000033
___fldiv@new_exp                                                cstackCOMRAM 000031
___fldiv@rem                                                    cstackCOMRAM 00002C
___fldiv@sign                                                   cstackCOMRAM 000030
___fltol                                                        text32       0017BE
___fltol@exp1                                                   cstackCOMRAM 000042
___fltol@f1                                                     cstackCOMRAM 000039
___fltol@sign1                                                  cstackCOMRAM 000041
___inthi_sp                                                     stack        000000
___intlo_sp                                                     stack        000000
___param_bank                                                   (abs)        000000
___rparam_used                                                  (abs)        000001
___sp                                                           stack        000000
___xxtofl                                                       text31       000F92
___xxtofl@arg                                                   cstackCOMRAM 00001C
___xxtofl@exp                                                   cstackCOMRAM 00001B
___xxtofl@sign                                                  cstackCOMRAM 00001A
___xxtofl@val                                                   cstackCOMRAM 000012
__accesstop                                                     (abs)        000080
__activetblptr                                                  (abs)        000002
__cntErrataNOP_C:\Users\alle9\AppData\Local\Temp\s85o.o         (abs)        000001
__cntErrataNOP_dist/default/production\ESD_PnP_1.X.production.o (abs)        0001CF
__end_of___fldiv                                                text33       000A42
__end_of___fltol                                                text32       0018F4
__end_of___xxtofl                                               text31       00118A
__end_of__initialization                                        cinit        0020C0
__end_of_clearTM0                                               text43       0024E2
__end_of_enableMotor                                            text11       0021B6
__end_of_executeData                                            text21       000F92
__end_of_fatalError                                             text20       002592
__end_of_feeder1Pos                                             smallconst   00060F
__end_of_feeder2Pos                                             smallconst   00060D
__end_of_feeder3Pos                                             smallconst   00060B
__end_of_getData                                                text42       0024D4
__end_of_getNewSequence                                         text19       0024C6
__end_of_increaseStep                                           text54       0025AA
__end_of_initADC                                                text18       002460
__end_of_initPinMotors                                          text17       00243A
__end_of_interruptInit                                          text16       0023BC
__end_of_isr                                                    intcode      00016A
__end_of_liftArm                                                text38       002048
__end_of_main                                                   text0        0014FA
__end_of_moveToPoint                                            text36       000D04
__end_of_newSequence                                            text15       00258A
__end_of_pickObject                                             text35       002414
__end_of_printError                                             text5        001A10
__end_of_readSeq                                                text14       002582
__end_of_reduceSeq                                              text13       00257A
__end_of_releaseObj                                             text34       0023E8
__end_of_resetNewSequence                                       text12       00252C
__end_of_resetPosition                                          text8        00137E
__end_of_resetStep                                              text41       002554
__end_of_resetTherm                                             text24       002536
__end_of_resetTouch                                             text29       00254A
__end_of_retPeriod                                              text53       0024FE
__end_of_returnTherm                                            text23       00250A
__end_of_returnTouch                                            text28       002516
__end_of_rotateObj                                              text30       001DEC
__end_of_setDecay                                               text10       002142
__end_of_setDirection                                           text40       00222A
__end_of_setStep                                                text9        001F98
__end_of_setThermRel                                            text52       002572
__end_of_setTouchRel                                            text51       002568
__end_of_shiftData                                              text7        00228A
__end_of_startADC                                               text27       002540
__end_of_stepCounter                                            text37       002522
__end_of_stepMade                                               text39       0024A6
__end_of_stopADC                                                text26       00259A
__end_of_storeData                                              text4        00165C
__end_of_therm_pressure                                         smallconst   000607
__end_of_tim0Init                                               text3        0024B8
__end_of_tim2Init                                               text2        002492
__end_of_toggleStep                                             text50       00255E
__end_of_touchObject                                            text25       001D10
__end_of_touchTherm                                             text22       001C1E
__end_of_touch_pressure                                         smallconst   000609
__end_of_uartTx                                                 text6        002334
__end_of_usartInit                                              text1        00247E
__end_of_whatsTM0Limit                                          text49       0025A2
__end_of_writeTM0                                               text48       0024F0
__end_ofi2_printError                                           text46       001B2C
__end_ofi2_storeData                                            text45       0017BE
__end_ofi2_uartTx                                               text47       002382
__end_ofrotateObj@stepAngle                                     smallconst   000605
__fatalError                                                    bssCOMRAM    000060
__initialization                                                cinit        002048
__mediumconst                                                   mediumconst  000000
__newSequence                                                   bssCOMRAM    00005F
__pbssBANK0                                                     bssBANK0     0000DB
__pbssCOMRAM                                                    bssCOMRAM    000045
__pcinit                                                        cinit        002048
__pcstackBANK0                                                  cstackBANK0  0000F7
__pcstackBANK1                                                  cstackBANK1  0001D6
__pcstackCOMRAM                                                 cstackCOMRAM 000001
__pdataBANK0                                                    dataBANK0    000080
__pdataBANK1                                                    dataBANK1    000100
__pdataCOMRAM                                                   dataCOMRAM   000069
__pidataBANK0                                                   idataBANK0   00228A
__pidataBANK1                                                   idataBANK1   001DEC
__pidataCOMRAM                                                  idataCOMRAM  0025AA
__pintcode                                                      intcode      000008
__psmallconst                                                   smallconst   000600
__ptext0                                                        text0        00137E
__ptext1                                                        text1        002460
__ptext10                                                       text10       0020CE
__ptext11                                                       text11       002142
__ptext12                                                       text12       002522
__ptext13                                                       text13       002572
__ptext14                                                       text14       00257A
__ptext15                                                       text15       002582
__ptext16                                                       text16       002382
__ptext17                                                       text17       002414
__ptext18                                                       text18       00243A
__ptext19                                                       text19       0024B8
__ptext2                                                        text2        00247E
__ptext20                                                       text20       00258A
__ptext21                                                       text21       000D04
__ptext22                                                       text22       001B2C
__ptext23                                                       text23       0024FE
__ptext24                                                       text24       00252C
__ptext25                                                       text25       001C1E
__ptext26                                                       text26       002592
__ptext27                                                       text27       002536
__ptext28                                                       text28       00250A
__ptext29                                                       text29       002540
__ptext3                                                        text3        0024A6
__ptext30                                                       text30       001D10
__ptext31                                                       text31       000F92
__ptext32                                                       text32       0017BE
__ptext33                                                       text33       000610
__ptext34                                                       text34       0023BC
__ptext35                                                       text35       0023E8
__ptext36                                                       text36       000A42
__ptext37                                                       text37       002516
__ptext38                                                       text38       001F98
__ptext39                                                       text39       002492
__ptext4                                                        text4        0014FA
__ptext40                                                       text40       0021B6
__ptext41                                                       text41       00254A
__ptext42                                                       text42       0024C6
__ptext43                                                       text43       0024D4
__ptext45                                                       text45       00165C
__ptext46                                                       text46       001A10
__ptext47                                                       text47       002334
__ptext48                                                       text48       0024E2
__ptext49                                                       text49       00259A
__ptext5                                                        text5        0018F4
__ptext50                                                       text50       002554
__ptext51                                                       text51       00255E
__ptext52                                                       text52       002568
__ptext53                                                       text53       0024F0
__ptext54                                                       text54       0025A2
__ptext6                                                        text6        0022E6
__ptext7                                                        text7        00222A
__ptext8                                                        text8        00118A
__ptext9                                                        text9        001EC2
__ramtop                                                        ramtop       000600
__size_of___fldiv                                               (abs)        000000
__size_of___fltol                                               (abs)        000000
__size_of___xxtofl                                              (abs)        000000
__size_of_clearTM0                                              (abs)        000000
__size_of_enableMotor                                           (abs)        000000
__size_of_executeData                                           (abs)        000000
__size_of_fatalError                                            (abs)        000000
__size_of_getData                                               (abs)        000000
__size_of_getNewSequence                                        (abs)        000000
__size_of_increaseStep                                          (abs)        000000
__size_of_initADC                                               (abs)        000000
__size_of_initPinMotors                                         (abs)        000000
__size_of_interruptInit                                         (abs)        000000
__size_of_isr                                                   (abs)        000000
__size_of_liftArm                                               (abs)        000000
__size_of_main                                                  (abs)        000000
__size_of_moveToPoint                                           (abs)        000000
__size_of_newSequence                                           (abs)        000000
__size_of_pickObject                                            (abs)        000000
__size_of_printError                                            (abs)        000000
__size_of_readSeq                                               (abs)        000000
__size_of_reduceSeq                                             (abs)        000000
__size_of_releaseObj                                            (abs)        000000
__size_of_resetNewSequence                                      (abs)        000000
__size_of_resetPosition                                         (abs)        000000
__size_of_resetStep                                             (abs)        000000
__size_of_resetTherm                                            (abs)        000000
__size_of_resetTouch                                            (abs)        000000
__size_of_retPeriod                                             (abs)        000000
__size_of_returnTherm                                           (abs)        000000
__size_of_returnTouch                                           (abs)        000000
__size_of_rotateObj                                             (abs)        000000
__size_of_setDecay                                              (abs)        000000
__size_of_setDirection                                          (abs)        000000
__size_of_setStep                                               (abs)        000000
__size_of_setThermRel                                           (abs)        000000
__size_of_setTouchRel                                           (abs)        000000
__size_of_shiftData                                             (abs)        000000
__size_of_startADC                                              (abs)        000000
__size_of_stepCounter                                           (abs)        000000
__size_of_stepMade                                              (abs)        000000
__size_of_stopADC                                               (abs)        000000
__size_of_storeData                                             (abs)        000000
__size_of_tim0Init                                              (abs)        000000
__size_of_tim2Init                                              (abs)        000000
__size_of_toggleStep                                            (abs)        000000
__size_of_touchObject                                           (abs)        000000
__size_of_touchTherm                                            (abs)        000000
__size_of_uartTx                                                (abs)        000000
__size_of_usartInit                                             (abs)        000000
__size_of_whatsTM0Limit                                         (abs)        000000
__size_of_writeTM0                                              (abs)        000000
__size_ofi2_printError                                          (abs)        000000
__size_ofi2_storeData                                           (abs)        000000
__size_ofi2_uartTx                                              (abs)        000000
__smallconst                                                    smallconst   000600
_clearTM0                                                       text43       0024D4
_dataCounter                                                    bssCOMRAM    000061
_dataSequence                                                   bssBANK0     0000DB
_enableMotor                                                    text11       002142
_errString_Bound                                                dataBANK0    000084
_errString_Command                                              dataBANK0    0000C3
_errString_Fatal                                                dataBANK1    0001AF
_errString_Feed                                                 dataBANK0    0000A5
_errString_Point                                                dataBANK1    000135
_errString_PointZ                                               dataBANK1    000100
_errString_Reset                                                dataBANK1    000187
_errString_ZEND                                                 dataBANK1    00015E
_executeData                                                    text21       000D04
_fatalError                                                     text20       00258A
_feeder1Pos                                                     smallconst   00060D
_feeder2Pos                                                     smallconst   00060B
_feeder3Pos                                                     smallconst   000609
_getData                                                        text42       0024C6
_getNewSequence                                                 text19       0024B8
_increaseStep                                                   text54       0025A2
_initADC                                                        text18       00243A
_initPinMotors                                                  text17       002414
_interruptInit                                                  text16       002382
_isr                                                            intcode      000008
_liftArm                                                        text38       001F98
_main                                                           text0        00137E
_moveToPoint                                                    text36       000A42
_newFeeder                                                      bssCOMRAM    000057
_newSequence                                                    text15       002582
_newSequenceData                                                bssBANK0     0000EF
_pickObject                                                     text35       0023E8
_posVector                                                      bssCOMRAM    00004E
_printError                                                     text5        0018F4
_pwmPeriod                                                      bssCOMRAM    000055
_pwmStep                                                        bssCOMRAM    000067
_readSeq                                                        text14       00257A
_reduceSeq                                                      text13       002572
_releaseObj                                                     text34       0023BC
_resetNewSequence                                               text12       002522
_resetPosition                                                  text8        00118A
_resetStep                                                      text41       00254A
_resetTherm                                                     text24       00252C
_resetTouch                                                     text29       002540
_retPeriod                                                      text53       0024F0
_returnTherm                                                    text23       0024FE
_returnTouch                                                    text28       00250A
_rotAngle                                                       bssCOMRAM    000059
_rotateObj                                                      text30       001D10
_setDecay                                                       text10       0020CE
_setDirection                                                   text40       0021B6
_setStep                                                        text9        001EC2
_setThermRel                                                    text52       002568
_setTouchRel                                                    text51       00255E
_shiftData                                                      text7        00222A
_startADC                                                       text27       002536
_stepCounter                                                    text37       002516
_stepMade                                                       text39       002492
_stepToggle                                                     bssCOMRAM    000066
_stopADC                                                        text26       002592
_storeData                                                      text4        0014FA
_therm_rel                                                      bssCOMRAM    000064
_tim0Init                                                       text3        0024A6
_tim2Init                                                       text2        00247E
_tm0Error                                                       bssCOMRAM    00005B
_tm0Limit                                                       bssCOMRAM    000068
_toggleStep                                                     text50       002554
_touchObject                                                    text25       001C1E
_touchTherm                                                     text22       001B2C
_touch_rel                                                      bssCOMRAM    000065
_uartTx                                                         text6        0022E6
_usartInit                                                      text1        002460
_whatsTM0Limit                                                  text49       00259A
_writeTM0                                                       text48       0024E2
btemp                                                           temp         00006E
enableMotor@enable                                              cstackCOMRAM 000015
enableMotor@motor                                               cstackCOMRAM 000012
end_of_initialization                                           cinit        0020C0
executeData@data                                                cstackBANK1  0001D7
executeData@errCode                                             cstackBANK1  0001D6
i2_printError                                                   text46       001A10
i2_storeData                                                    text45       00165C
i2_uartTx                                                       text47       002334
i2printError@errCode                                            cstackCOMRAM 000007
i2storeData@data                                                cstackCOMRAM 00000A
i2uartTx@i                                                      cstackCOMRAM 000004
i2uartTx@length                                                 cstackCOMRAM 000003
i2uartTx@ptr                                                    cstackCOMRAM 000001
int$flags                                                       temp         00006E
intlevel0                                                       text         0025B0
intlevel1                                                       text         0025B0
intlevel2                                                       text         0025B0
intlevel3                                                       text         0025B0
isr@completeStep                                                bssCOMRAM    000062
isr@single_cycle                                                bssCOMRAM    000051
isr@temp                                                        cstackCOMRAM 000011
isr@tm0Count                                                    bssCOMRAM    000063
main@errCode                                                    cstackBANK1  0001DB
main@newData                                                    cstackBANK1  0001DC
moveToPoint@MOT1Direction                                       cstackCOMRAM 000022
moveToPoint@MOT2Direction                                       cstackCOMRAM 000023
moveToPoint@keepMovingX                                         cstackCOMRAM 000020
moveToPoint@keepMovingY                                         cstackCOMRAM 000021
moveToPoint@x1                                                  cstackCOMRAM 000016
moveToPoint@x2                                                  cstackCOMRAM 00001A
moveToPoint@y1                                                  cstackCOMRAM 000018
moveToPoint@y2                                                  cstackCOMRAM 00001C
printError@errCode                                              cstackCOMRAM 000018
resetPosition@keepMovingX                                       cstackCOMRAM 000016
resetPosition@keepMovingY                                       cstackCOMRAM 000017
resetPosition@keepMovingZ                                       cstackCOMRAM 000018
rotateObj@i                                                     cstackBANK0  0000FD
rotateObj@rotAngle                                              cstackBANK0  0000FA
rotateObj@rotSequence                                           dataBANK0    000080
rotateObj@totStep                                               cstackBANK0  0000FB
setDecay@decay                                                  cstackCOMRAM 000015
setDecay@motor                                                  cstackCOMRAM 000012
setDirection@direction                                          cstackCOMRAM 000015
setDirection@motor                                              cstackCOMRAM 000012
setStep@motor                                                   cstackCOMRAM 000012
setStep@step                                                    cstackCOMRAM 000015
shiftData@i                                                     cstackCOMRAM 000014
stackhi                                                         (abs)        0005FF
stacklo                                                         (abs)        0001DE
start                                                           init         00016A
start_initialization                                            cinit        002048
stepMade@temp                                                   cstackCOMRAM 000014
storeData@counter                                               bssCOMRAM    00005E
storeData@data                                                  cstackCOMRAM 00001B
storeData@mexLength                                             dataCOMRAM   00006D
storeData@receivedMex                                           bssCOMRAM    000045
tim2Init@_pwmPeriod                                             cstackCOMRAM 000012
ttemp5                                                          temp         00006F
ttemp6                                                          temp         000072
ttemp7                                                          temp         000076
uartTx@i                                                        cstackCOMRAM 000015
uartTx@length                                                   cstackCOMRAM 000014
uartTx@ptr                                                      cstackCOMRAM 000012
wtemp8                                                          temp         00006F


FUNCTION INFORMATION:

 *************** function _main *****************
 Defined at:
		line 17 in file "main.c"
 Parameters:    Size  Location     Type
		None
 Auto vars:     Size  Location     Type
  newData         2    6[BANK1 ] PTR struct .
		 -> newSequenceData(8), 
  errCode         1    5[BANK1 ] unsigned char 
 Return value:  Size  Location     Type
                  1    wreg      void 
 Registers used:
		wreg, fsr1l, fsr1h, fsr2l, fsr2h, status,2, status,0, tblptrl, tblptrh, tblptru, prodl, prodh, cstack
 Tracked objects:
		On entry : 
		On exit  : 
		Unchanged: 
 Data sizes:     COMRAM   BANK0   BANK1   BANK2   BANK3   BANK4   BANK5
      Params:         0       0       0       0       0       0       0
      Locals:         0       0       3       0       0       0       0
      Temps:          0       0       2       0       0       0       0
      Totals:         0       0       5       0       0       0       0
Total ram usage:        5 bytes
 Hardware stack levels required when called:    7
 This function calls:
		_clearTM0
		_enableMotor
		_executeData
		_fatalError
		_getNewSequence
		_initADC
		_initPinMotors
		_interruptInit
		_newSequence
		_printError
		_readSeq
		_reduceSeq
		_resetNewSequence
		_resetPosition
		_shiftData
		_storeData
		_tim0Init
		_tim2Init
		_usartInit
 This function is called by:
		Startup code after reset
 This function uses a non-reentrant model


 *************** function _usartInit *****************
 Defined at:
		line 34 in file "usart.c"
 Parameters:    Size  Location     Type
		None
 Auto vars:     Size  Location     Type
		None
 Return value:  Size  Location     Type
                  1    wreg      void 
 Registers used:
		wreg, status,2
 Tracked objects:
		On entry : 
		On exit  : 
		Unchanged: 
 Data sizes:     COMRAM   BANK0   BANK1   BANK2   BANK3   BANK4   BANK5
      Params:         0       0       0       0       0       0       0
      Locals:         0       0       0       0       0       0       0
      Temps:          0       0       0       0       0       0       0
      Totals:         0       0       0       0       0       0       0
Total ram usage:        0 bytes
 Hardware stack levels used:    1
 Hardware stack levels required when called:    4
 This function calls:
		Nothing
 This function is called by:
		_main
 This function uses a non-reentrant model


 *************** function _tim2Init *****************
 Defined at:
		line 34 in file "pwm.c"
 Parameters:    Size  Location     Type
  _pwmPeriod      2   17[COMRAM] unsigned int 
 Auto vars:     Size  Location     Type
		None
 Return value:  Size  Location     Type
                  1    wreg      void 
 Registers used:
		wreg, status,2
 Tracked objects:
		On entry : 
		On exit  : 
		Unchanged: 
 Data sizes:     COMRAM   BANK0   BANK1   BANK2   BANK3   BANK4   BANK5
      Params:         2       0       0       0       0       0       0
      Locals:         0       0       0       0       0       0       0
      Temps:          0       0       0       0       0       0       0
      Totals:         2       0       0       0       0       0       0
Total ram usage:        2 bytes
 Hardware stack levels used:    1
 Hardware stack levels required when called:    4
 This function calls:
		Nothing
 This function is called by:
		_main
 This function uses a non-reentrant model


 *************** function _tim0Init *****************
 Defined at:
		line 21 in file "pwm.c"
 Parameters:    Size  Location     Type
		None
 Auto vars:     Size  Location     Type
		None
 Return value:  Size  Location     Type
                  1    wreg      void 
 Registers used:
		wreg, status,2
 Tracked objects:
		On entry : 
		On exit  : 
		Unchanged: 
 Data sizes:     COMRAM   BANK0   BANK1   BANK2   BANK3   BANK4   BANK5
      Params:         0       0       0       0       0       0       0
      Locals:         0       0       0       0       0       0       0
      Temps:          0       0       0       0       0       0       0
      Totals:         0       0       0       0       0       0       0
Total ram usage:        0 bytes
 Hardware stack levels used:    1
 Hardware stack levels required when called:    4
 This function calls:
		Nothing
 This function is called by:
		_main
 This function uses a non-reentrant model


 *************** function _storeData *****************
 Defined at:
		line 131 in file "usart.c"
 Parameters:    Size  Location     Type
  data            1    wreg     unsigned char 
 Auto vars:     Size  Location     Type
  data            1   26[COMRAM] unsigned char 
 Return value:  Size  Location     Type
                  1    wreg      void 
 Registers used:
		wreg, fsr2l, fsr2h, status,2, status,0, prodl, prodh, cstack
 Tracked objects:
		On entry : 
		On exit  : 
		Unchanged: 
 Data sizes:     COMRAM   BANK0   BANK1   BANK2   BANK3   BANK4   BANK5
      Params:         0       0       0       0       0       0       0
      Locals:         1       0       0       0       0       0       0
      Temps:          2       0       0       0       0       0       0
      Totals:         3       0       0       0       0       0       0
Total ram usage:        3 bytes
 Hardware stack levels used:    1
 Hardware stack levels required when called:    6
 This function calls:
		_printError
 This function is called by:
		_main
 This function uses a non-reentrant model


 *************** function _printError *****************
 Defined at:
		line 53 in file "usart.c"
 Parameters:    Size  Location     Type
  errCode         1    wreg     unsigned char 
 Auto vars:     Size  Location     Type
  errCode         1   23[COMRAM] unsigned char 
 Return value:  Size  Location     Type
                  1    wreg      void 
 Registers used:
		wreg, fsr2l, fsr2h, status,2, status,0, cstack
 Tracked objects:
		On entry : 
		On exit  : 
		Unchanged: 
 Data sizes:     COMRAM   BANK0   BANK1   BANK2   BANK3   BANK4   BANK5
      Params:         0       0       0       0       0       0       0
      Locals:         1       0       0       0       0       0       0
      Temps:          2       0       0       0       0       0       0
      Totals:         3       0       0       0       0       0       0
Total ram usage:        3 bytes
 Hardware stack levels used:    1
 Hardware stack levels required when called:    5
 This function calls:
		_uartTx
 This function is called by:
		_main
		_storeData
 This function uses a non-reentrant model


 *************** function _uartTx *****************
 Defined at:
		line 221 in file "usart.c"
 Parameters:    Size  Location     Type
  ptr             2   17[COMRAM] PTR unsigned char 
		 -> errString_Command(24), errString_Fatal(39), errString_PointZ(53), errString_Bound(33), 
		 -> errString_Point(41), errString_Reset(40), errString_ZEND(41), errString_Feed(30), 
  length          1   19[COMRAM] unsigned char 
 Auto vars:     Size  Location     Type
  i               1   20[COMRAM] unsigned char 
 Return value:  Size  Location     Type
                  1    wreg      void 
 Registers used:
		wreg, fsr2l, fsr2h, status,2, status,0
 Tracked objects:
		On entry : 
		On exit  : 
		Unchanged: 
 Data sizes:     COMRAM   BANK0   BANK1   BANK2   BANK3   BANK4   BANK5
[...]
 This function calls:
		_resetStep
		_setDirection
		_stepMade
 This function is called by:
		_executeData
 This function uses a non-reentrant model


 *************** function _stepMade *****************
 Defined at:
		line 47 in file "pwm.c"
 Parameters:    Size  Location     Type
		None
 Auto vars:     Size  Location     Type
  temp            1   19[COMRAM] unsigned char 
 Return value:  Size  Location     Type
                  2   17[COMRAM] unsigned int 
 Registers used:
		wreg, status,2
 Tracked objects:
		On entry : 
		On exit  : 
		Unchanged: 
 Data sizes:     COMRAM   BANK0   BANK1   BANK2   BANK3   BANK4   BANK5
      Params:         2       0       0       0       0       0       0
      Locals:         1       0       0       0       0       0       0
      Temps:          0       0       0       0       0       0       0
      Totals:         3       0       0       0       0       0       0
Total ram usage:        3 bytes
 Hardware stack levels used:    1
 Hardware stack levels required when called:    4
 This function calls:
		Nothing
 This function is called by:
		_resetPosition
		_moveToPoint
		_touchObject
		_touchTherm
		_liftArm
		_rotateObj
		_pickObject
		_releaseObj
 This function uses a non-reentrant model


 *************** function _setDirection *****************
 Defined at:
		line 115 in file "motors.c"
 Parameters:    Size  Location     Type
  direction       1    wreg     unsigned char 
  motor           1   17[COMRAM] unsigned char 
 Auto vars:     Size  Location     Type
  direction       1   20[COMRAM] unsigned char 
 Return value:  Size  Location     Type
                  1    wreg      void 
 Registers used:
		wreg, status,2, status,0
 Tracked objects:
		On entry : 
		On exit  : 
		Unchanged: 
 Data sizes:     COMRAM   BANK0   BANK1   BANK2   BANK3   BANK4   BANK5
      Params:         1       0       0       0       0       0       0
      Locals:         1       0       0       0       0       0       0
      Temps:          2       0       0       0       0       0       0
      Totals:         4       0       0       0       0       0       0
Total ram usage:        4 bytes
 Hardware stack levels used:    1
 Hardware stack levels required when called:    4
 This function calls:
		Nothing
 This function is called by:
		_resetPosition
		_moveToPoint
		_touchObject
		_touchTherm
		_liftArm
 This function uses a non-reentrant model


 *************** function _resetStep *****************
 Defined at:
		line 65 in file "pwm.c"
 Parameters:    Size  Location     Type
		None
 Auto vars:     Size  Location     Type
		None
 Return value:  Size  Location     Type
                  1    wreg      void 
 Registers used:
		wreg, status,2
 Tracked objects:
		On entry : 
		On exit  : 
		Unchanged: 
 Data sizes:     COMRAM   BANK0   BANK1   BANK2   BANK3   BANK4   BANK5
      Params:         0       0       0       0       0       0       0
      Locals:         0       0       0       0       0       0       0
      Temps:          0       0       0       0       0       0       0
      Totals:         0       0       0       0       0       0       0
Total ram usage:        0 bytes
 Hardware stack levels used:    1
 Hardware stack levels required when called:    4
 This function calls:
		Nothing
 This function is called by:
		_resetPosition
		_moveToPoint
		_touchObject
		_touchTherm
		_liftArm
 This function uses a non-reentrant model


 *************** function _getData *****************
 Defined at:
		line 205 in file "usart.c"
 Parameters:    Size  Location     Type
		None
 Auto vars:     Size  Location     Type
		None
 Return value:  Size  Location     Type
                  2   17[COMRAM] PTR struct .
 Registers used:
		wreg, status,2, status,0
 Tracked objects:
		On entry : 
		On exit  : 
		Unchanged: 
 Data sizes:     COMRAM   BANK0   BANK1   BANK2   BANK3   BANK4   BANK5
      Params:         2       0       0       0       0       0       0
      Locals:         0       0       0       0       0       0       0
      Temps:          0       0       0       0       0       0       0
      Totals:         2       0       0       0       0       0       0
Total ram usage:        2 bytes
 Hardware stack levels used:    1
 Hardware stack levels required when called:    4
 This function calls:
		Nothing
 This function is called by:
		_executeData
 This function uses a non-reentrant model


 *************** function _clearTM0 *****************
 Defined at:
		line 28 in file "motors.c"
 Parameters:    Size  Location     Type
		None
 Auto vars:     Size  Location     Type
		None
 Return value:  Size  Location     Type
                  1    wreg      void 
 Registers used:
		wreg, status,2
 Tracked objects:
		On entry : 
		On exit  : 
		Unchanged: 
 Data sizes:     COMRAM   BANK0   BANK1   BANK2   BANK3   BANK4   BANK5
      Params:         0       0       0       0       0       0       0
      Locals:         0       0       0       0       0       0       0
      Temps:          0       0       0       0       0       0       0
      Totals:         0       0       0       0       0       0       0
Total ram usage:        0 bytes
 Hardware stack levels used:    1
 Hardware stack levels required when called:    4
 This function calls:
		Nothing
 This function is called by:
		_main
 This function uses a non-reentrant model


 *************** function _isr *****************
 Defined at:
		line 17 in file "interrupt.c"
 Parameters:    Size  Location     Type
		None
 Auto vars:     Size  Location     Type
  temp            1   16[COMRAM] unsigned char 
 Return value:  Size  Location     Type
                  1    wreg      void 
 Registers used:
		wreg, fsr2l, fsr2h, status,2, status,0, prodl, prodh, cstack
 Tracked objects:
		On entry : 
		On exit  : 
		Unchanged: 
 Data sizes:     COMRAM   BANK0   BANK1   BANK2   BANK3   BANK4   BANK5
      Params:         0       0       0       0       0       0       0
      Locals:         1       0       0       0       0       0       0
      Temps:          6       0       0       0       0       0       0
      Totals:         7       0       0       0       0       0       0
Total ram usage:        7 bytes
 Hardware stack levels used:    1
 Hardware stack levels required when called:    3
 This function calls:
		_increaseStep
		_retPeriod
		_setThermRel
		_setTouchRel
		_toggleStep
		_whatsTM0Limit
		_writeTM0
		i2_storeData
 This function is called by:
		Interrupt level 2
 This function uses a non-reentrant model


 *************** function i2_storeData *****************
 Defined at:
		line 131 in file "usart.c"
 Parameters:    Size  Location     Type
  data            1    wreg     unsigned char 
 Auto vars:     Size  Location     Type
  data            1    9[COMRAM] unsigned char 
 Return value:  Size  Location     Type
                  1    wreg      void 
 Registers used:
		wreg, fsr2l, fsr2h, status,2, status,0, prodl, prodh, cstack
 Tracked objects:
		On entry : 
		On exit  : 
		Unchanged: 
 Data sizes:     COMRAM   BANK0   BANK1   BANK2   BANK3   BANK4   BANK5
      Params:         0       0       0       0       0       0       0
      Locals:         1       0       0       0       0       0       0
      Temps:          2       0       0       0       0       0       0
      Totals:         3       0       0       0       0       0       0
Total ram usage:        3 bytes
 Hardware stack levels used:    1
 Hardware stack levels required when called:    2
 This function calls:
		i2_printError
 This function is called by:
		_isr
 This function uses a non-reentrant model


 *************** function i2_printError *****************
 Defined at:
		line 53 in file "usart.c"
 Parameters:    Size  Location     Type
  errCode         1    wreg     unsigned char 
 Auto vars:     Size  Location     Type
  errCode         1    6[COMRAM] unsigned char 
 Return value:  Size  Location     Type
                  1    wreg      void 
 Registers used:
		wreg, fsr2l, fsr2h, status,2, status,0, cstack
 Tracked objects:
		On entry : 
		On exit  : 
		Unchanged: 
 Data sizes:     COMRAM   BANK0   BANK1   BANK2   BANK3   BANK4   BANK5
      Params:         0       0       0       0       0       0       0
      Locals:         1       0       0       0       0       0       0
      Temps:          2       0       0       0       0       0       0
      Totals:         3       0       0       0       0       0       0
Total ram usage:        3 bytes
 Hardware stack levels used:    1
 Hardware stack levels required when called:    1
 This function calls:
		i2_uartTx
 This function is called by:
		i2_storeData
 This function uses a non-reentrant model


 *************** function i2_uartTx *****************
 Defined at:
		line 221 in file "usart.c"
 Parameters:    Size  Location     Type
  ptr             2    0[COMRAM] PTR unsigned char 
		 -> errString_Command(24), errString_Fatal(39), errString_PointZ(53), errString_Bound(33), 
		 -> errString_Point(41), errString_Reset(40), errString_ZEND(41), errString_Feed(30), 
  length          1    2[COMRAM] unsigned char 
 Auto vars:     Size  Location     Type
  i               1    3[COMRAM] unsigned char 
 Return value:  Size  Location     Type
                  1    wreg      void 
 Registers used:
		wreg, fsr2l, fsr2h, status,2, status,0
 Tracked objects:
		On entry : 
		On exit  : 
		Unchanged: 
 Data sizes:     COMRAM   BANK0   BANK1   BANK2   BANK3   BANK4   BANK5
      Params:         3       0       0       0       0       0       0
      Locals:         1       0       0       0       0       0       0
      Temps:          0       0       0       0       0       0       0
      Totals:         4       0       0       0       0       0       0
Total ram usage:        4 bytes
 Hardware stack levels used:    1
 This function calls:
		Nothing
 This function is called by:
		i2_printError
 This function uses a non-reentrant model


 *************** function _writeTM0 *****************
 Defined at:
		line 21 in file "motors.c"
 Parameters:    Size  Location     Type
		None
 Auto vars:     Size  Location     Type
		None
 Return value:  Size  Location     Type
                  1    wreg      void 
 Registers used:
		wreg, status,2
 Tracked objects:
		On entry : 
		On exit  : 
		Unchanged: 
 Data sizes:     COMRAM   BANK0   BANK1   BANK2   BANK3   BANK4   BANK5
      Params:         0       0       0       0       0       0       0
      Locals:         0       0       0       0       0       0       0
      Temps:          0       0       0       0       0       0       0
      Totals:         0       0       0       0       0       0       0
Total ram usage:        0 bytes
 Hardware stack levels used:    1
 This function calls:
		Nothing
 This function is called by:
		_isr
 This function uses a non-reentrant model


 *************** function _whatsTM0Limit *****************
 Defined at:
		line 35 in file "motors.c"
 Parameters:    Size  Location     Type
		None
 Auto vars:     Size  Location     Type
		None
 Return value:  Size  Location     Type
                  1    wreg      unsigned char 
 Registers used:
		wreg, status,2
 Tracked objects:
		On entry : 
		On exit  : 
		Unchanged: 
 Data sizes:     COMRAM   BANK0   BANK1   BANK2   BANK3   BANK4   BANK5
      Params:         0       0       0       0       0       0       0
      Locals:         0       0       0       0       0       0       0
      Temps:          0       0       0       0       0       0       0
      Totals:         0       0       0       0       0       0       0
Total ram usage:        0 bytes
 Hardware stack levels used:    1
 This function calls:
		Nothing
 This function is called by:
		_isr
 This function uses a non-reentrant model


 *************** function _toggleStep *****************
 Defined at:
		line 80 in file "pwm.c"
 Parameters:    Size  Location     Type
		None
 Auto vars:     Size  Location     Type
		None
 Return value:  Size  Location     Type
                  1    wreg      void 
 Registers used:
		wreg, status,2
 Tracked objects:
		On entry : 
		On exit  : 
		Unchanged: 
 Data sizes:     COMRAM   BANK0   BANK1   BANK2   BANK3   BANK4   BANK5
      Params:         0       0       0       0       0       0       0
      Locals:         0       0       0       0       0       0       0
      Temps:          0       0       0       0       0       0       0
      Totals:         0       0       0       0       0       0       0
Total ram usage:        0 bytes
 Hardware stack levels used:    1
 This function calls:
		Nothing
 This function is called by:
		_isr
 This function uses a non-reentrant model


 *************** function _setTouchRel *****************
 Defined at:
		line 86 in file "adc.c"
 Parameters:    Size  Location     Type
		None
 Auto vars:     Size  Location     Type
		None
 Return value:  Size  Location     Type
                  1    wreg      void 
 Registers used:
		wreg, status,2
 Tracked objects:
		On entry : 
		On exit  : 
		Unchanged: 
 Data sizes:     COMRAM   BANK0   BANK1   BANK2   BANK3   BANK4   BANK5
      Params:         0       0       0       0       0       0       0
      Locals:         0       0       0       0       0       0       0
      Temps:          0       0       0       0       0       0       0
      Totals:         0       0       0       0       0       0       0
Total ram usage:        0 bytes
 Hardware stack levels used:    1
 This function calls:
		Nothing
 This function is called by:
		_isr
 This function uses a non-reentrant model


 *************** function _setThermRel *****************
 Defined at:
		line 79 in file "adc.c"
 Parameters:    Size  Location     Type
		None
 Auto vars:     Size  Location     Type
		None
 Return value:  Size  Location     Type
                  1    wreg      void 
 Registers used:
		wreg, status,2
 Tracked objects:
		On entry : 
		On exit  : 
		Unchanged: 
 Data sizes:     COMRAM   BANK0   BANK1   BANK2   BANK3   BANK4   BANK5
      Params:         0       0       0       0       0       0       0
      Locals:         0       0       0       0       0       0       0
      Temps:          0       0       0       0       0       0       0
      Totals:         0       0       0       0       0       0       0
Total ram usage:        0 bytes
 Hardware stack levels used:    1
 This function calls:
		Nothing
 This function is called by:
		_isr
 This function uses a non-reentrant model


 *************** function _retPeriod *****************
 Defined at:
		line 88 in file "pwm.c"
 Parameters:    Size  Location     Type
		None
 Auto vars:     Size  Location     Type
		None
 Return value:  Size  Location     Type
                  2    0[COMRAM] unsigned int 
 Registers used:
		None
 Tracked objects:
		On entry : 
		On exit  : 
		Unchanged: 
 Data sizes:     COMRAM   BANK0   BANK1   BANK2   BANK3   BANK4   BANK5
      Params:         2       0       0       0       0       0       0
      Locals:         0       0       0       0       0       0       0
      Temps:          0       0       0       0       0       0       0
      Totals:         2       0       0       0       0       0       0
Total ram usage:        2 bytes
 Hardware stack levels used:    1
 This function calls:
		Nothing
 This function is called by:
		_isr
 This function uses a non-reentrant model


 *************** function _increaseStep *****************
 Defined at:
		line 72 in file "pwm.c"
 Parameters:    Size  Location     Type
		None
 Auto vars:     Size  Location     Type
		None
 Return value:  Size  Location     Type
                  1    wreg      void 
 Registers used:
		status,2, status,0
 Tracked objects:
		On entry : 
		On exit  : 
		Unchanged: 
 Data sizes:     COMRAM   BANK0   BANK1   BANK2   BANK3   BANK4   BANK5
      Params:         0       0       0       0       0       0       0
      Locals:         0       0       0       0       0       0       0
      Temps:          0       0       0       0       0       0       0
      Totals:         0       0       0       0       0       0       0
Total ram usage:        0 bytes
 Hardware stack levels used:    1
 This function calls:
		Nothing
 This function is called by:
		_isr
 This function uses a non-reentrant model



MODULE INFORMATION

Module		Function		Class		Link	Load	Size
D:\Programs\MPLABx\xc8\v2.20\pic\sources\c99\common\xxtofl.c
		___xxtofl      		CODE           	0F92	0000	505

D:\Programs\MPLABx\xc8\v2.20\pic\sources\c99\common\xxtofl.c estimated size: 505

motors.c
		_rotateObj     		CODE           	1D10	0000	221
		_resetPosition 		CODE           	118A	0000	501
		_moveToPoint   		CODE           	0A42	0000	707
		_setDirection  		CODE           	21B6	0000	117
		_pickObject    		CODE           	23E8	0000	45
		_liftArm       		CODE           	1F98	0000	177
		_setStep       		CODE           	1EC2	0000	215
		_enableMotor   		CODE           	2142	0000	117
		_setDecay      		CODE           	20CE	0000	117
		_whatsTM0Limit 		CODE           	259A	0000	9
		_writeTM0      		CODE           	24E2	0000	15
		_releaseObj    		CODE           	23BC	0000	45
		_touchTherm    		CODE           	1B2C	0000	243
		_clearTM0      		CODE           	24D4	0000	15
		_initPinMotors 		CODE           	2414	0000	39
		_touchObject   		CODE           	1C1E	0000	243

motors.c estimated size: 2826

usart.c
		_uartTx        		CODE           	22E6	0000	79
		_fatalError    		CODE           	258A	0000	9
		_newSequence   		CODE           	2582	0000	9
		_resetNewSequence		CODE           	2522	0000	11
		_getData       		CODE           	24C6	0000	15
		_usartInit     		CODE           	2460	0000	31
		_reduceSeq     		CODE           	2572	0000	9
		_getNewSequence		CODE           	24B8	0000	15
		_printError    		CODE           	18F4	0000	285
		_storeData     		CODE           	14FA	0000	355
		_shiftData     		CODE           	222A	0000	97
		_readSeq       		CODE           	257A	0000	9

usart.c estimated size: 924

D:\Programs\MPLABx\xc8\v2.20\pic\sources\c99\common\fltol.c
		___fltol       		CODE           	17BE	0000	311

D:\Programs\MPLABx\xc8\v2.20\pic\sources\c99\common\fltol.c estimated size: 311

pwm.c
		_stepCounter   		CODE           	2516	0000	13
		_tim0Init      		CODE           	24A6	0000	19
		_retPeriod     		CODE           	24F0	0000	15
		_stepMade      		CODE           	2492	0000	21
		_tim2Init      		CODE           	247E	0000	21
		_resetStep     		CODE           	254A	0000	11
		_toggleStep    		CODE           	2554	0000	11
		_increaseStep  		CODE           	25A2	0000	9

pwm.c estimated size: 120

adc.c
		_setTouchRel   		CODE           	255E	0000	11
		_resetTouch    		CODE           	2540	0000	11
		_resetTherm    		CODE           	252C	0000	11
		_initADC       		CODE           	243A	0000	39
		_setThermRel   		CODE           	2568	0000	11
		_returnTouch   		CODE           	250A	0000	13
		_returnTherm   		CODE           	24FE	0000	13
		_startADC      		CODE           	2536	0000	11
		_stopADC       		CODE           	2592	0000	9

adc.c estimated size: 129

interrupt.c
		_isr           		CODE           	0008	0000	355

interrupt.c estimated size: 355

shared
		i2_printError  		CODE           	1A10	0000	285
		_touch_pressure		SMALLCONST     	0000	0000	0
		_feeder2Pos    		SMALLCONST     	060B	0000	3
		i2_uartTx      		CODE           	2334	0000	79
		rotateObj@stepAngle		SMALLCONST     	0000	0000	0
		i2_storeData   		CODE           	165C	0000	355
		_therm_pressure		SMALLCONST     	0000	0000	0
		__initialization		CODE           	2048	0000	121
		_feeder1Pos    		SMALLCONST     	060D	0000	3
		_feeder3Pos    		SMALLCONST     	0609	0000	3

shared estimated size: 849

D:\Programs\MPLABx\xc8\v2.20\pic\sources\c99\common\sprcdiv.c
		___fldiv       		CODE           	0610	0000	1075

D:\Programs\MPLABx\xc8\v2.20\pic\sources\c99\common\sprcdiv.c estimated size: 1075

main.c
		_executeData   		CODE           	0D04	0000	655
		_main          		CODE           	137E	0000	381
		_interruptInit 		CODE           	2382	0000	59

main.c estimated size: 1095

