Microchip MPLAB XC8 Compiler V2.20

Linker command line:

-W-3 --edf=D:\Programs\MPLABx\xc8\v2.20\pic\dat\en_msgs.txt -cn \
  -h+dist/default/production\ESD_PnP_1.X.production.sym \
  --cmf=dist/default/production\ESD_PnP_1.X.production.cmf -z -Q18F452 \
  -oC:\Users\alle9\AppData\Local\Temp\sdic.2 --defsym=__MPLAB_BUILD=1 \
  -Mdist/default/production/ESD_PnP_1.X.production.map -E1 \
  -ver=XC8 Compiler --acfsm=1493 -ASTACK=01D6h-05FFh -pstack=STACK \
  -ACODE=00h-03FFFhx2 -ACONST=00h-07FFFh -ASMALLCONST=0600h-06FFhx122 \
  -AMEDIUMCONST=0600h-07FFFh -ACOMRAM=01h-07Fh -AABS1=00h-05FFh \
  -ABIGRAM=01h-05FFh -ARAM=080h-0FFh,0100h-01FFhx5 -ABANK0=080h-0FFh \
  -ABANK1=0100h-01FFh -ABANK2=0200h-02FFh -ABANK3=0300h-03FFh \
  -ABANK4=0400h-04FFh -ABANK5=0500h-05FFh -ASFR=0F80h-0FFFh \
  -ACONFIG=0300000h-030000Dh -AIDLOC=0200000h-0200007h \
  -preset_vec=00h,intcode=08h,intcodelo,powerup,init -pramtop=0600h \
  -psmallconst=SMALLCONST -pmediumconst=MEDIUMCONST -pconst=CONST \
  -AFARRAM=00h-00h -AEEDATA=0F00000h-0F000FFh -peeprom_data=EEDATA \
  -prdata=COMRAM,nvrram=COMRAM,nvbit=COMRAM,rbss=COMRAM,rbit=COMRAM \
  -pfarbss=FARRAM,fardata=FARRAM,nvFARRAM=FARRAM \
  -pintsave_regs=BIGRAM,bigbss=BIGRAM,bigdata=BIGRAM -pbss=RAM \
  -pidata=CODE,irdata=CODE,ibigdata=CODE,ifardata=CODE -prparam=COMRAM \
  C:\Users\alle9\AppData\Local\Temp\sdic.o \
  dist/default/production\ESD_PnP_1.X.production.o 

Object code version is 3.11

Machine type is 18F452



                Name                               Link     Load   Length Selector   Space Scale
C:\Users\alle9\AppData\Local\Temp\sdic.o
                idloc                            200000   200000        8        0       5
                config                           300000   300000        E        0       4
                text                               2582     2582        2     12C1       0
                init                                16A      16A        4        4       0
                reset_vec                             0        0        6        0       0
dist/default/production\ESD_PnP_1.X.production.o
                intcode                               8        8      162        4       0
                idloc                            200000   200000        8        0       5
                config                           300000   300000        E        0       4
                temp                                 6E       6E        1        1       1
                smallconst                          600      600       10      300       0
                text54                             2574     2574        8      FBF       0
                text53                             24C2     24C2        E      FBF       0
                text52                             253A     253A        A      FBF       0
                text51                             2530     2530        A      FBF       0
                text50                             2526     2526        A      FBF       0
                text49                             256C     256C        8      FBF       0
                text48                             24B4     24B4        E      FBF       0
                text47                             2316     2316       4E      FBF       0
                text46                             1A02     1A02      11C      308       0
                text45                             164E     164E      162      308       0
                text43                             24A6     24A6        E      FBF       0
                text42                             2498     2498        E      FBF       0
                text41                             251C     251C        A      FBF       0
                text40                             219C     219C       74      FBF       0
                text39                             2464     2464       14      FBF       0
                text38                             1F7E     1F7E       B0      FBF       0
                text37                             24E8     24E8        C      FBF       0
                text36                              A42      A42      2C2      308       0
                text35                             240E     240E       24      FBF       0
                text34                             23EA     23EA       24      FBF       0
                text33                              610      610      432      308       0
                text32                             17B0     17B0      136      308       0
                text31                              F92      F92      1F8      308       0
                text30                             1DD8     1DD8       D4      308       0
                text29                             2512     2512        A      FBF       0
                text28                             24DC     24DC        C      FBF       0
                text27                             2508     2508        A      FBF       0
                text26                             2564     2564        8      FBF       0
                text25                             1C10     1C10       F2      308       0
                text24                             24FE     24FE        A      FBF       0
                text23                             24D0     24D0        C      FBF       0
                text22                             1B1E     1B1E       F2      308       0
                text21                              D04      D04      28E      308       0
                text20                             255C     255C        8      FBF       0
                text19                             248A     248A        E      FBF       0
                text18                             23C4     23C4       26      FBF       0
                text17                             239E     239E       26      FBF       0
                text16                             2364     2364       3A      FBF       0
                text15                             2554     2554        8      FBF       0
                text14                             254C     254C        8      FBF       0
                text13                             2544     2544        8      FBF       0
                text12                             24F4     24F4        A      FBF       0
                text11                             2128     2128       74      FBF       0
                text10                             20B4     20B4       74      FBF       0
                text9                              1D02     1D02       D6      308       0
                text8                              118A     118A      1F2      308       0
                text7                              2210     2210       60      FBF       0
                text6                              22C8     22C8       4E      FBF       0
                text5                              18E6     18E6      11C      308       0
                text4                              14EC     14EC      162      308       0
                text3                              2478     2478       12      FBF       0
                text2                              2450     2450       14      FBF       0
                text1                              2432     2432       1E      FBF       0
                text0                              137C     137C      170      308       0
                cstackCOMRAM                          1        1       44        1       1
                cstackBANK0                          F4       F4        B       80       1
                cstackBANK1                         1D1      1D1        5      100       1
                dataBANK1                           100      100       D1      100       1
                dataBANK0                            80       80       58       80       1
                bssBANK0                             D8       D8       1C       80       1
                dataCOMRAM                           69       69        5        1       1
                bssCOMRAM                            45       45       24        1       1
                cinit                              202E     202E       86      FBF       0
                idataBANK1                         1EAC     1EAC       D1      308       0
                idataBANK0                         2270     2270       58      FBF       0
                idataCOMRAM                        257C     257C        5      FBF       0

TOTAL           Name                               Link     Load   Length     Space
        CLASS   STACK          

        CLASS   CODE           
                intcode                               8        8      162         0
                text                               2582     2582        2         0
                init                                16A      16A        4         0
                reset_vec                             0        0        6         0
                text54                             2574     2574        8         0
                text53                             24C2     24C2        E         0
                text52                             253A     253A        A         0
                text51                             2530     2530        A         0
                text50                             2526     2526        A         0
                text49                             256C     256C        8         0
                text48                             24B4     24B4        E         0
                text47                             2316     2316       4E         0
                text46                             1A02     1A02      11C         0
                text45                             164E     164E      162         0
                text43                             24A6     24A6        E         0
                text42                             2498     2498        E         0
                text41                             251C     251C        A         0
                text40                             219C     219C       74         0
                text39                             2464     2464       14         0
                text38                             1F7E     1F7E       B0         0
                text37                             24E8     24E8        C         0
                text36                              A42      A42      2C2         0
                text35                             240E     240E       24         0
                text34                             23EA     23EA       24         0
                text33                              610      610      432         0
                text32                             17B0     17B0      136         0
                text31                              F92      F92      1F8         0
                text30                             1DD8     1DD8       D4         0
                text29                             2512     2512        A         0
                text28                             24DC     24DC        C         0
                text27                             2508     2508        A         0
                text26                             2564     2564        8         0
                text25                             1C10     1C10       F2         0
                text24                             24FE     24FE        A         0
                text23                             24D0     24D0        C         0
                text22                             1B1E     1B1E       F2         0
                text21                              D04      D04      28E         0
                text20                             255C     255C        8         0
                text19                             248A     248A        E         0
                text18                             23C4     23C4       26         0
                text17                             239E     239E       26         0
                text16                             2364     2364       3A         0
                text15                             2554     2554        8         0
                text14                             254C     254C        8         0
                text13                             2544     2544        8         0
                text12                             24F4     24F4        A         0
                text11                             2128     2128       74         0
                text10                             20B4     20B4       74         0
                text9                              1D02     1D02       D6         0
                text8                              118A     118A      1F2         0
                text7                              2210     2210       60         0
                text6                              22C8     22C8       4E         0
                text5                              18E6     18E6      11C         0
                text4                              14EC     14EC      162         0
                text3                              2478     2478       12         0
                text2                              2450     2450       14         0
                text1                              2432     2432       1E         0
                text0                              137C     137C      170         0
                cinit                              202E     202E       86         0
                idataBANK1                         1EAC     1EAC       D1         0
                idataBANK0                         2270     2270       58         0
                idataCOMRAM                        257C     257C        5         0

        CLASS   CONST          

        CLASS   SMALLCONST     
                smallconst                          600      600       10         0

        CLASS   MEDIUMCONST    

        CLASS   COMRAM         
                temp                                 6E       6E        1         1
                cstackCOMRAM                          1        1       44         1
                dataCOMRAM                           69       69        5         1
                bssCOMRAM                            45       45       24         1

        CLASS   ABS1           

        CLASS   BIGRAM         

        CLASS   RAM            

        CLASS   BANK0          
                cstackBANK0                          F4       F4        B         1
                dataBANK0                            80       80       58         1
                bssBANK0                             D8       D8       1C         1

        CLASS   BANK1          
                cstackBANK1                         1D1      1D1        5         1
                dataBANK1                           100      100       D1         1

        CLASS   BANK2          

        CLASS   BANK3          

        CLASS   BANK4          

        CLASS   BANK5          

        CLASS   SFR            

        CLASS   CONFIG         
                config                           300000   300000        E         4

        CLASS   IDLOC          
                idloc                            200000   200000        8         5

        CLASS   FARRAM         

        CLASS   EEDATA         



SEGMENTS        Name                           Load    Length   Top    Selector   Space  Class

                reset_vec                      000000  000006  000006         0       0  CODE    
                cstackCOMRAM                   000001  00006E  00006F         1       1  COMRAM  
                intcode                        000008  000166  00016E         4       0  CODE    
                dataBANK0                      000080  00007F  0000FF        80       1  BANK0   
                dataBANK1                      000100  0000D6  0001D6       100       1  BANK1   
                smallconst                     000600  000010  000610       300       0  SMALLCON
                text33                         000610  00196D  001F7D       308       0  CODE    
                text38                         001F7E  000603  002581       FBF       0  CODE    
                text                           002582  000002  002584      12C1       0  CODE    


UNUSED ADDRESS RANGES

        Name                Unused          Largest block    Delta
        BANK0            0000FF-0000FF                1
        BANK1            0001D6-0001FF               2A
        BANK2            000200-0002FF              100
        BANK3            000300-0003FF              100
        BANK4            000400-0004FF              100
        BANK5            000500-0005FF              100
        BIGRAM           00006F-00007F               11
                         0000FF-0000FF                1
                         0001D6-0005FF              42A
        CODE             000006-000007                2
                         00016E-0005FF              492
                         001F7D-001F7D                1
                         002581-002581                1
                         002584-007FFF             1A7C
        COMRAM           00006F-00007F               11
        CONST            000006-000007                2
                         00016E-0005FF              492
                         001F7D-001F7D                1
                         002581-002581                1
                         002584-007FFF             5A7C
        EEDATA           F00000-F000FF              100
        MEDIUMCONST      001F7D-001F7D                1
                         002581-002581                1
                         002584-007FFF             5A7C
        RAM              0000FF-0000FF                1
                         0001D6-0005FF              100
        SFR              000F80-000FFF               80
        SMALLCONST       001F7D-001F7D                1
                         002581-002581                1
                         002584-007FFF              100
        STACK            0001D6-0005FF              42A

                                  Symbol Table

?___fldiv                                                       cstackCOMRAM 000020
?___fltol                                                       cstackCOMRAM 000039
?___xxtofl                                                      cstackCOMRAM 000012
?_getData                                                       cstackCOMRAM 000012
?_getNewSequence                                                cstackCOMRAM 000012
?_retPeriod                                                     cstackCOMRAM 000001
?_returnTherm                                                   cstackCOMRAM 000012
?_returnTouch                                                   cstackCOMRAM 000012
?_stepCounter                                                   cstackCOMRAM 000012
?_stepMade                                                      cstackCOMRAM 000012
_ADCON0bits                                                     (abs)        000FC2
_ADCON1bits                                                     (abs)        000FC1
_ADC_res                                                        bssCOMRAM    000053
_ADRESH                                                         (abs)        000FC4
_ADRESL                                                         (abs)        000FC3
_INTCONbits                                                     (abs)        000FF2
_IPR1bits                                                       (abs)        000F9F
_LATAbits                                                       (abs)        000F89
_LATBbits                                                       (abs)        000F8A
_LATCbits                                                       (abs)        000F8B
_LATD                                                           (abs)        000F8C
_LATDbits                                                       (abs)        000F8C
_PIE1bits                                                       (abs)        000F9D
_PIR1bits                                                       (abs)        000F9E
_PORTDbits                                                      (abs)        000F83
_PORTEbits                                                      (abs)        000F84
_RCONbits                                                       (abs)        000FD0
_RCREG1                                                         (abs)        000FAE
_RCSTA1bits                                                     (abs)        000FAB
_RCSTAbits                                                      (abs)        000FAB
_SPBRG                                                          (abs)        000FAF
_T0CONbits                                                      (abs)        000FD5
_T2CONbits                                                      (abs)        000FCA
_TMR0                                                           (abs)        000FD6
_TMR2                                                           (abs)        000FCC
_TRISA                                                          (abs)        000F92
_TRISB                                                          (abs)        000F93
_TRISC                                                          (abs)        000F94
_TRISCbits                                                      (abs)        000F94
_TRISD                                                          (abs)        000F95
_TRISDbits                                                      (abs)        000F95
_TRISEbits                                                      (abs)        000F96
_TXREG                                                          (abs)        000FAD
_TXSTAbits                                                      (abs)        000FAC
__HRAM                                                          (abs)        000000
__Habs1                                                         abs1         000000
__Hbank0                                                        bank0        000000
__Hbank1                                                        bank1        000000
__Hbank2                                                        bank2        000000
__Hbank3                                                        bank3        000000
__Hbank4                                                        bank4        000000
__Hbank5                                                        bank5        000000
__Hbigbss                                                       bigbss       000000
__Hbigdata                                                      bigdata      000000
__Hbigram                                                       bigram       000000
__Hbss                                                          bss          000000
__HbssBANK0                                                     bssBANK0     000000
__HbssCOMRAM                                                    bssCOMRAM    000000
__Hcinit                                                        cinit        000000
__Hclrtext                                                      clrtext      000000
__Hcomram                                                       comram       000000
__Hconfig                                                       config       30000E
__Hconst                                                        const        000000
__HcstackBANK0                                                  cstackBANK0  000000
__HcstackBANK1                                                  cstackBANK1  000000
__HcstackCOMRAM                                                 cstackCOMRAM 000000
__Hdata                                                         data         000000
__HdataBANK0                                                    dataBANK0    000000
__HdataBANK1                                                    dataBANK1    000000
__HdataCOMRAM                                                   dataCOMRAM   000000
__Heeprom_data                                                  eeprom_data  000000
__Hfarbss                                                       farbss       000000
__Hfardata                                                      fardata      000000
__Hibigdata                                                     ibigdata     000000
__Hidata                                                        idata        000000
__HidataBANK0                                                   idataBANK0   000000
__HidataBANK1                                                   idataBANK1   000000
__HidataCOMRAM                                                  idataCOMRAM  000000
__Hidloc                                                        idloc        200008
__Hifardata                                                     ifardata     000000
__Hinit                                                         init         00016E
__Hintcode                                                      intcode      00016A
__Hintcode_body                                                 intcode_body 000000
__Hintcodelo                                                    intcodelo    00016A
__Hintentry                                                     intentry     000000
__Hintret                                                       intret       000000
__Hintsave_regs                                                 intsave_regs 000000
__Hirdata                                                       irdata       000000
__Hmediumconst                                                  mediumconst  000000
__HnvFARRAM                                                     nvFARRAM     000000
__Hnvbit                                                        nvbit        000000
__Hnvrram                                                       nvrram       000000
__Hparam                                                        rparam       000000
__Hpowerup                                                      powerup      00016A
__Hram                                                          ram          000000
__Hramtop                                                       ramtop       000600
__Hrbit                                                         rbit         000000
__Hrbss                                                         rbss         000000
__Hrdata                                                        rdata        000000
__Hreset_vec                                                    reset_vec    000006
__Hrparam                                                       rparam       000000
__Hsfr                                                          sfr          000000
__Hsmallconst                                                   smallconst   000610
__Hspace_0                                                      (abs)        002584
__Hspace_1                                                      (abs)        0001D6
__Hspace_2                                                      (abs)        000000
__Hspace_4                                                      (abs)        60000E
__Hstack                                                        stack        000000
__Hstruct                                                       struct       000000
__Htemp                                                         temp         00006F
__Htext                                                         text         000000
__Htext0                                                        text0        000000
__Htext1                                                        text1        000000
__Htext10                                                       text10       000000
__Htext11                                                       text11       000000
__Htext12                                                       text12       000000
__Htext13                                                       text13       000000
__Htext14                                                       text14       000000
__Htext15                                                       text15       000000
__Htext16                                                       text16       000000
__Htext17                                                       text17       000000
__Htext18                                                       text18       000000
__Htext19                                                       text19       000000
__Htext2                                                        text2        000000
__Htext20                                                       text20       000000
__Htext21                                                       text21       000000
__Htext22                                                       text22       000000
__Htext23                                                       text23       000000
__Htext24                                                       text24       000000
__Htext25                                                       text25       000000
__Htext26                                                       text26       000000
__Htext27                                                       text27       000000
__Htext28                                                       text28       000000
__Htext29                                                       text29       000000
__Htext3                                                        text3        000000
__Htext30                                                       text30       000000
__Htext31                                                       text31       000000
__Htext32                                                       text32       000000
__Htext33                                                       text33       000000
__Htext34                                                       text34       000000
__Htext35                                                       text35       000000
__Htext36                                                       text36       000000
__Htext37                                                       text37       000000
__Htext38                                                       text38       000000
__Htext39                                                       text39       000000
__Htext4                                                        text4        000000
__Htext40                                                       text40       000000
__Htext41                                                       text41       000000
__Htext42                                                       text42       000000
__Htext43                                                       text43       000000
__Htext45                                                       text45       000000
__Htext46                                                       text46       000000
__Htext47                                                       text47       000000
__Htext48                                                       text48       000000
__Htext49                                                       text49       000000
__Htext5                                                        text5        000000
__Htext50                                                       text50       000000
__Htext51                                                       text51       000000
__Htext52                                                       text52       000000
__Htext53                                                       text53       000000
__Htext54                                                       text54       000000
__Htext6                                                        text6        000000
__Htext7                                                        text7        000000
__Htext8                                                        text8        000000
__Htext9                                                        text9        000000
__LRAM                                                          (abs)        000001
__Labs1                                                         abs1         000000
__Lbank0                                                        bank0        000000
__Lbank1                                                        bank1        000000
__Lbank2                                                        bank2        000000
__Lbank3                                                        bank3        000000
__Lbank4                                                        bank4        000000
__Lbank5                                                        bank5        000000
__Lbigbss                                                       bigbss       000000
__Lbigdata                                                      bigdata      000000
__Lbigram                                                       bigram       000000
__Lbss                                                          bss          000000
__LbssBANK0                                                     bssBANK0     000000
__LbssCOMRAM                                                    bssCOMRAM    000000
__Lcinit                                                        cinit        000000
__Lclrtext                                                      clrtext      000000
__Lcomram                                                       comram       000000
__Lconfig                                                       config       000000
__Lconst                                                        const        000000
__LcstackBANK0                                                  cstackBANK0  000000
__LcstackBANK1                                                  cstackBANK1  000000
__LcstackCOMRAM                                                 cstackCOMRAM 000000
__Ldata                                                         data         000000
__LdataBANK0                                                    dataBANK0    000000
__LdataBANK1                                                    dataBANK1    000000
__LdataCOMRAM                                                   dataCOMRAM   000000
__Leeprom_data                                                  eeprom_data  000000
__Lfarbss                                                       farbss       000000
__Lfardata                                                      fardata      000000
__Libigdata                                                     ibigdata     000000
__Lidata                                                        idata        000000
__LidataBANK0                                                   idataBANK0   000000
__LidataBANK1                                                   idataBANK1   000000
__LidataCOMRAM                                                  idataCOMRAM  000000
__Lidloc                                                        idloc        000000
__Lifardata                                                     ifardata     000000
__Linit                                                         init         00016A
__Lintcode                                                      intcode      000008
__Lintcode_body                                                 intcode_body 000000
__Lintcodelo                                                    intcodelo    00016A
__Lintentry                                                     intentry     000000
__Lintret                                                       intret       000000
__Lintsave_regs                                                 intsave_regs 000000
__Lirdata                                                       irdata       000000
__Lmediumconst                                                  mediumconst  000000
__LnvFARRAM                                                     nvFARRAM     000000
__Lnvbit                                                        nvbit        000000
__Lnvrram                                                       nvrram       000000
__Lparam                                                        rparam       000000
__Lpowerup                                                      powerup      00016A
__Lram                                                          ram          000000
__Lramtop                                                       ramtop       000600
__Lrbit                                                         rbit         000000
__Lrbss                                                         rbss         000000
__Lrdata                                                        rdata        000000
__Lreset_vec                                                    reset_vec    000000
__Lrparam                                                       rparam       000000
__Lsfr                                                          sfr          000000
__Lsmallconst                                                   smallconst   000600
__Lspace_0                                                      (abs)        000000
__Lspace_1                                                      (abs)        000000
__Lspace_2                                                      (abs)        000000
__Lspace_4                                                      (abs)        000000
__Lstack                                                        stack        000000
__Lstruct                                                       struct       000000
__Ltemp                                                         temp         00006E
__Ltext                                                         text         000000
__Ltext0                                                        text0        000000
__Ltext1                                                        text1        000000
__Ltext10                                                       text10       000000
__Ltext11                                                       text11       000000
__Ltext12                                                       text12       000000
__Ltext13                                                       text13       000000
__Ltext14                                                       text14       000000
__Ltext15                                                       text15       000000
__Ltext16                                                       text16       000000
__Ltext17                                                       text17       000000
__Ltext18                                                       text18       000000
__Ltext19                                                       text19       000000
__Ltext2                                                        text2        000000
__Ltext20                                                       text20       000000
__Ltext21                                                       text21       000000
__Ltext22                                                       text22       000000
__Ltext23                                                       text23       000000
__Ltext24                                                       text24       000000
__Ltext25                                                       text25       000000
__Ltext26                                                       text26       000000
__Ltext27                                                       text27       000000
__Ltext28                                                       text28       000000
__Ltext29                                                       text29       000000
__Ltext3                                                        text3        000000
__Ltext30                                                       text30       000000
__Ltext31                                                       text31       000000
__Ltext32                                                       text32       000000
__Ltext33                                                       text33       000000
__Ltext34                                                       text34       000000
__Ltext35                                                       text35       000000
__Ltext36                                                       text36       000000
__Ltext37                                                       text37       000000
__Ltext38                                                       text38       000000
__Ltext39                                                       text39       000000
__Ltext4                                                        text4        000000
__Ltext40                                                       text40       000000
__Ltext41                                                       text41       000000
__Ltext42                                                       text42       000000
__Ltext43                                                       text43       000000
__Ltext45                                                       text45       000000
__Ltext46                                                       text46       000000
__Ltext47                                                       text47       000000
__Ltext48                                                       text48       000000
__Ltext49                                                       text49       000000
__Ltext5                                                        text5        000000
__Ltext50                                                       text50       000000
__Ltext51                                                       text51       000000
__Ltext52                                                       text52       000000
__Ltext53                                                       text53       000000
__Ltext54                                                       text54       000000
__Ltext6                                                        text6        000000
__Ltext7                                                        text7        000000
__Ltext8                                                        text8        000000
__Ltext9                                                        text9        000000
__S0                                                            (abs)        002584
__S1                                                            (abs)        0001D6
__S2                                                            (abs)        000000
__S4                                                            (abs)        000000
__S5                                                            (abs)        000000
___fldiv                                                        text33       000610
___fldiv@a                                                      cstackCOMRAM 000024
___fldiv@aexp                                                   cstackCOMRAM 000038
___fldiv@b                                                      cstackCOMRAM 000020
___fldiv@bexp                                                   cstackCOMRAM 000037
___fldiv@grs                                                    cstackCOMRAM 000033
___fldiv@new_exp                                                cstackCOMRAM 000031
___fldiv@rem                                                    cstackCOMRAM 00002C
___fldiv@sign                                                   cstackCOMRAM 000030
___fltol                                                        text32       0017B0
___fltol@exp1                                                   cstackCOMRAM 000042
___fltol@f1                                                     cstackCOMRAM 000039
___fltol@sign1                                                  cstackCOMRAM 000041
___inthi_sp                                                     stack        000000
___intlo_sp                                                     stack        000000
___param_bank                                                   (abs)        000000
___rparam_used                                                  (abs)        000001
___sp                                                           stack        000000
___xxtofl                                                       text31       000F92
___xxtofl@arg                                                   cstackCOMRAM 00001C
___xxtofl@exp                                                   cstackCOMRAM 00001B
___xxtofl@sign                                                  cstackCOMRAM 00001A
___xxtofl@val                                                   cstackCOMRAM 000012
__accesstop                                                     (abs)        000080
__activetblptr                                                  (abs)        000002
__cntErrataNOP_C:\Users\alle9\AppData\Local\Temp\sdic.o         (abs)        000001
__cntErrataNOP_dist/default/production\ESD_PnP_1.X.production.o (abs)        0001CD
__end_of___fldiv                                                text33       000A42
__end_of___fltol                                                text32       0018E6
__end_of___xxtofl                                               text31       00118A
__end_of__initialization                                        cinit        0020A6
__end_of_clearTM0                                               text43       0024B4
__end_of_enableMotor                                            text11       00219C
__end_of_executeData                                            text21       000F92
__end_of_fatalError                                             text20       002564
__end_of_feeder1Pos                                             smallconst   00060F
__end_of_feeder2Pos                                             smallconst   00060D
__end_of_feeder3Pos                                             smallconst   00060B
__end_of_getData                                                text42       0024A6
__end_of_getNewSequence                                         text19       002498
__end_of_increaseStep                                           text54       00257C
__end_of_initADC                                                text18       0023EA
__end_of_initPinMotors                                          text17       0023C4
__end_of_interruptInit                                          text16       00239E
__end_of_isr                                                    intcode      00016A
__end_of_liftArm                                                text38       00202E
__end_of_main                                                   text0        0014EC
__end_of_moveToPoint                                            text36       000D04
__end_of_newSequence                                            text15       00255C
__end_of_pickObject                                             text35       002432
__end_of_printError                                             text5        001A02
__end_of_readSeq                                                text14       002554
__end_of_reduceSeq                                              text13       00254C
__end_of_releaseObj                                             text34       00240E
__end_of_resetNewSequence                                       text12       0024FE
__end_of_resetPosition                                          text8        00137C
__end_of_resetStep                                              text41       002526
__end_of_resetTherm                                             text24       002508
__end_of_resetTouch                                             text29       00251C
__end_of_retPeriod                                              text53       0024D0
__end_of_returnTherm                                            text23       0024DC
__end_of_returnTouch                                            text28       0024E8
__end_of_rotateObj                                              text30       001EAC
__end_of_setDecay                                               text10       002128
__end_of_setDirection                                           text40       002210
__end_of_setStep                                                text9        001DD8
__end_of_setThermRel                                            text52       002544
__end_of_setTouchRel                                            text51       00253A
__end_of_shiftData                                              text7        002270
__end_of_startADC                                               text27       002512
__end_of_stepCounter                                            text37       0024F4
__end_of_stepMade                                               text39       002478
__end_of_stopADC                                                text26       00256C
__end_of_storeData                                              text4        00164E
__end_of_therm_pressure                                         smallconst   000607
__end_of_tim0Init                                               text3        00248A
__end_of_tim2Init                                               text2        002464
__end_of_toggleStep                                             text50       002530
__end_of_touchObject                                            text25       001D02
__end_of_touchTherm                                             text22       001C10
__end_of_touch_pressure                                         smallconst   000609
__end_of_uartTx                                                 text6        002316
__end_of_usartInit                                              text1        002450
__end_of_whatsTM0Limit                                          text49       002574
__end_of_writeTM0                                               text48       0024C2
__end_ofi2_printError                                           text46       001B1E
__end_ofi2_storeData                                            text45       0017B0
__end_ofi2_uartTx                                               text47       002364
__end_ofrotateObj@stepAngle                                     smallconst   000605
__fatalError                                                    bssCOMRAM    000060
__initialization                                                cinit        00202E
__mediumconst                                                   mediumconst  000000
__newSequence                                                   bssCOMRAM    00005F
__pbssBANK0                                                     bssBANK0     0000D8
__pbssCOMRAM                                                    bssCOMRAM    000045
__pcinit                                                        cinit        00202E
__pcstackBANK0                                                  cstackBANK0  0000F4
__pcstackBANK1                                                  cstackBANK1  0001D1
__pcstackCOMRAM                                                 cstackCOMRAM 000001
__pdataBANK0                                                    dataBANK0    000080
__pdataBANK1                                                    dataBANK1    000100
__pdataCOMRAM                                                   dataCOMRAM   000069
__pidataBANK0                                                   idataBANK0   002270
__pidataBANK1                                                   idataBANK1   001EAC
__pidataCOMRAM                                                  idataCOMRAM  00257C
__pintcode                                                      intcode      000008
__psmallconst                                                   smallconst   000600
__ptext0                                                        text0        00137C
__ptext1                                                        text1        002432
__ptext10                                                       text10       0020B4
__ptext11                                                       text11       002128
__ptext12                                                       text12       0024F4
__ptext13                                                       text13       002544
__ptext14                                                       text14       00254C
__ptext15                                                       text15       002554
__ptext16                                                       text16       002364
__ptext17                                                       text17       00239E
__ptext18                                                       text18       0023C4
__ptext19                                                       text19       00248A
__ptext2                                                        text2        002450
__ptext20                                                       text20       00255C
__ptext21                                                       text21       000D04
__ptext22                                                       text22       001B1E
__ptext23                                                       text23       0024D0
__ptext24                                                       text24       0024FE
__ptext25                                                       text25       001C10
__ptext26                                                       text26       002564
__ptext27                                                       text27       002508
__ptext28                                                       text28       0024DC
__ptext29                                                       text29       002512
__ptext3                                                        text3        002478
__ptext30                                                       text30       001DD8
__ptext31                                                       text31       000F92
__ptext32                                                       text32       0017B0
__ptext33                                                       text33       000610
__ptext34                                                       text34       0023EA
__ptext35                                                       text35       00240E
__ptext36                                                       text36       000A42
__ptext37                                                       text37       0024E8
__ptext38                                                       text38       001F7E
__ptext39                                                       text39       002464
__ptext4                                                        text4        0014EC
__ptext40                                                       text40       00219C
__ptext41                                                       text41       00251C
__ptext42                                                       text42       002498
__ptext43                                                       text43       0024A6
__ptext45                                                       text45       00164E
__ptext46                                                       text46       001A02
__ptext47                                                       text47       002316
__ptext48                                                       text48       0024B4
__ptext49                                                       text49       00256C
__ptext5                                                        text5        0018E6
__ptext50                                                       text50       002526
__ptext51                                                       text51       002530
__ptext52                                                       text52       00253A
__ptext53                                                       text53       0024C2
__ptext54                                                       text54       002574
__ptext6                                                        text6        0022C8
__ptext7                                                        text7        002210
__ptext8                                                        text8        00118A
__ptext9                                                        text9        001D02
__ramtop                                                        ramtop       000600
__size_of___fldiv                                               (abs)        000000
__size_of___fltol                                               (abs)        000000
__size_of___xxtofl                                              (abs)        000000
__size_of_clearTM0                                              (abs)        000000
__size_of_enableMotor                                           (abs)        000000
__size_of_executeData                                           (abs)        000000
__size_of_fatalError                                            (abs)        000000
__size_of_getData                                               (abs)        000000
__size_of_getNewSequence                                        (abs)        000000
__size_of_increaseStep                                          (abs)        000000
__size_of_initADC                                               (abs)        000000
__size_of_initPinMotors                                         (abs)        000000
__size_of_interruptInit                                         (abs)        000000
__size_of_isr                                                   (abs)        000000
__size_of_liftArm                                               (abs)        000000
__size_of_main                                                  (abs)        000000
__size_of_moveToPoint                                           (abs)        000000
__size_of_newSequence                                           (abs)        000000
__size_of_pickObject                                            (abs)        000000
__size_of_printError                                            (abs)        000000
__size_of_readSeq                                               (abs)        000000
__size_of_reduceSeq                                             (abs)        000000
__size_of_releaseObj                                            (abs)        000000
__size_of_resetNewSequence                                      (abs)        000000
__size_of_resetPosition                                         (abs)        000000
__size_of_resetStep                                             (abs)        000000
__size_of_resetTherm                                            (abs)        000000
__size_of_resetTouch                                            (abs)        000000
__size_of_retPeriod                                             (abs)        000000
__size_of_returnTherm                                           (abs)        000000
__size_of_returnTouch                                           (abs)        000000
__size_of_rotateObj                                             (abs)        000000
__size_of_setDecay                                              (abs)        000000
__size_of_setDirection                                          (abs)        000000
__size_of_setStep                                               (abs)        000000
__size_of_setThermRel                                           (abs)        000000
__size_of_setTouchRel                                           (abs)        000000
__size_of_shiftData                                             (abs)        000000
__size_of_startADC                                              (abs)        000000
__size_of_stepCounter                                           (abs)        000000
__size_of_stepMade                                              (abs)        000000
__size_of_stopADC                                               (abs)        000000
__size_of_storeData                                             (abs)        000000
__size_of_tim0Init                                              (abs)        000000
__size_of_tim2Init                                              (abs)        000000
__size_of_toggleStep                                            (abs)        000000
__size_of_touchObject                                           (abs)        000000
__size_of_touchTherm                                            (abs)        000000
__size_of_uartTx                                                (abs)        000000
__size_of_usartInit                                             (abs)        000000
__size_of_whatsTM0Limit                                         (abs)        000000
__size_of_writeTM0                                              (abs)        000000
__size_ofi2_printError                                          (abs)        000000
__size_ofi2_storeData                                           (abs)        000000
__size_ofi2_uartTx                                              (abs)        000000
__smallconst                                                    smallconst   000600
_clearTM0                                                       text43       0024A6
_dataCounter                                                    bssCOMRAM    000061
_dataSequence                                                   bssBANK0     0000D8
_enableMotor                                                    text11       002128
_errString_Bound                                                dataBANK0    000084
_errString_Command                                              dataBANK0    0000C1
_errString_Fatal                                                dataBANK1    0001AB
_errString_Feed                                                 dataBANK0    0000A4
_errString_Point                                                dataBANK1    000134
_errString_PointZ                                               dataBANK1    000100
_errString_Reset                                                dataBANK1    000184
_errString_ZEND                                                 dataBANK1    00015C
_executeData                                                    text21       000D04
_fatalError                                                     text20       00255C
_feeder1Pos                                                     smallconst   00060D
_feeder2Pos                                                     smallconst   00060B
_feeder3Pos                                                     smallconst   000609
_getData                                                        text42       002498
_getNewSequence                                                 text19       00248A
_increaseStep                                                   text54       002574
_initADC                                                        text18       0023C4
_initPinMotors                                                  text17       00239E
_interruptInit                                                  text16       002364
_isr                                                            intcode      000008
_liftArm                                                        text38       001F7E
_main                                                           text0        00137C
_moveToPoint                                                    text36       000A42
_newFeeder                                                      bssCOMRAM    000057
_newSequence                                                    text15       002554
_newSequenceData                                                bssBANK0     0000EC
_pickObject                                                     text35       00240E
_posVector                                                      bssCOMRAM    00004E
_printError                                                     text5        0018E6
_pwmPeriod                                                      bssCOMRAM    000055
_pwmStep                                                        bssCOMRAM    000067
_readSeq                                                        text14       00254C
_reduceSeq                                                      text13       002544
_releaseObj                                                     text34       0023EA
_resetNewSequence                                               text12       0024F4
_resetPosition                                                  text8        00118A
_resetStep                                                      text41       00251C
_resetTherm                                                     text24       0024FE
_resetTouch                                                     text29       002512
_retPeriod                                                      text53       0024C2
_returnTherm                                                    text23       0024D0
_returnTouch                                                    text28       0024DC
_rotAngle                                                       bssCOMRAM    000059
_rotateObj                                                      text30       001DD8
_setDecay                                                       text10       0020B4
_setDirection                                                   text40       00219C
_setStep                                                        text9        001D02
_setThermRel                                                    text52       00253A
_setTouchRel                                                    text51       002530
_shiftData                                                      text7        002210
_startADC                                                       text27       002508
_stepCounter                                                    text37       0024E8
_stepMade                                                       text39       002464
_stepToggle                                                     bssCOMRAM    000066
_stopADC                                                        text26       002564
_storeData                                                      text4        0014EC
_therm_rel                                                      bssCOMRAM    000064
_tim0Init                                                       text3        002478
_tim2Init                                                       text2        002450
_tm0Error                                                       bssCOMRAM    00005B
_tm0Limit                                                       bssCOMRAM    000068
_toggleStep                                                     text50       002526
_touchObject                                                    text25       001C10
_touchTherm                                                     text22       001B1E
_touch_rel                                                      bssCOMRAM    000065
_uartTx                                                         text6        0022C8
_usartInit                                                      text1        002432
_whatsTM0Limit                                                  text49       00256C
_writeTM0                                                       text48       0024B4
btemp                                                           temp         00006E
enableMotor@enable                                              cstackCOMRAM 000015
enableMotor@motor                                               cstackCOMRAM 000012
end_of_initialization                                           cinit        0020A6
executeData@data                                                cstackBANK0  0000FD
executeData@errCode                                             cstackBANK0  0000FC
i2_printError                                                   text46       001A02
i2_storeData                                                    text45       00164E
i2_uartTx                                                       text47       002316
i2printError@errCode                                            cstackCOMRAM 000007
i2storeData@data                                                cstackCOMRAM 00000A
i2uartTx@i                                                      cstackCOMRAM 000004
i2uartTx@length                                                 cstackCOMRAM 000003
i2uartTx@ptr                                                    cstackCOMRAM 000001
int$flags                                                       temp         00006E
intlevel0                                                       text         002582
intlevel1                                                       text         002582
intlevel2                                                       text         002582
intlevel3                                                       text         002582
isr@completeStep                                                bssCOMRAM    000062
isr@single_cycle                                                bssCOMRAM    000051
isr@temp                                                        cstackCOMRAM 000011
isr@tm0Count                                                    bssCOMRAM    000063
main@errCode                                                    cstackBANK1  0001D3
main@newData                                                    cstackBANK1  0001D4
moveToPoint@MOT1Direction                                       cstackCOMRAM 000022
moveToPoint@MOT2Direction                                       cstackCOMRAM 000023
moveToPoint@keepMovingX                                         cstackCOMRAM 000020
moveToPoint@keepMovingY                                         cstackCOMRAM 000021
moveToPoint@x1                                                  cstackCOMRAM 000016
moveToPoint@x2                                                  cstackCOMRAM 00001A
moveToPoint@y1                                                  cstackCOMRAM 000018
moveToPoint@y2                                                  cstackCOMRAM 00001C
printError@errCode                                              cstackCOMRAM 000018
resetPosition@keepMovingX                                       cstackCOMRAM 000016
resetPosition@keepMovingY                                       cstackCOMRAM 000017
resetPosition@keepMovingZ                                       cstackCOMRAM 000018
rotateObj@i                                                     cstackBANK0  0000FA
rotateObj@rotAngle                                              cstackBANK0  0000F7
rotateObj@rotSequence                                           dataBANK0    000080
rotateObj@totStep                                               cstackBANK0  0000F8
setDecay@decay                                                  cstackCOMRAM 000015
setDecay@motor                                                  cstackCOMRAM 000012
setDirection@direction                                          cstackCOMRAM 000015
setDirection@motor                                              cstackCOMRAM 000012
setStep@motor                                                   cstackCOMRAM 000012
setStep@step                                                    cstackCOMRAM 000015
shiftData@i                                                     cstackCOMRAM 000014
stackhi                                                         (abs)        0005FF
stacklo                                                         (abs)        0001D6
start                                                           init         00016A
start_initialization                                            cinit        00202E
stepMade@temp                                                   cstackCOMRAM 000014
storeData@counter                                               bssCOMRAM    00005E
storeData@data                                                  cstackCOMRAM 00001B
storeData@mexLength                                             dataCOMRAM   00006D
storeData@receivedMex                                           bssCOMRAM    000045
tim2Init@_pwmPeriod                                             cstackCOMRAM 000012
ttemp5                                                          temp         00006F
ttemp6                                                          temp         000072
ttemp7                                                          temp         000076
uartTx@i                                                        cstackCOMRAM 000015
uartTx@length                                                   cstackCOMRAM 000014
uartTx@ptr                                                      cstackCOMRAM 000012
wtemp8                                                          temp         00006F


FUNCTION INFORMATION:

 *************** function _main *****************
 Defined at:
		line 26 in file "main.c"
 Parameters:    Size  Location     Type
		None
 Auto vars:     Size  Location     Type
  newData         2    3[BANK1 ] PTR struct .
		 -> newSequenceData(8), 
  errCode         1    2[BANK1 ] unsigned char 
 Return value:  Size  Location     Type
                  1    wreg      void 
 Registers used:
		wreg, fsr1l, fsr1h, fsr2l, fsr2h, status,2, status,0, tblptrl, tblptrh, tblptru, prodl, prodh, cstack
 Tracked objects:
		On entry : 
		On exit  : 
		Unchanged: 
 Data sizes:     COMRAM   BANK0   BANK1   BANK2   BANK3   BANK4   BANK5
      Params:         0       0       0       0       0       0       0
      Locals:         0       0       3       0       0       0       0
      Temps:          0       0       2       0       0       0       0
      Totals:         0       0       5       0       0       0       0
Total ram usage:        5 bytes
 Hardware stack levels required when called:    7
 This function calls:
		_clearTM0
		_enableMotor
		_executeData
		_fatalError
		_getNewSequence
		_initADC
		_initPinMotors
		_interruptInit
		_newSequence
		_printError
		_readSeq
		_reduceSeq
		_resetNewSequence
		_resetPosition
		_shiftData
		_storeData
		_tim0Init
		_tim2Init
		_usartInit
 This function is called by:
		Startup code after reset
 This function uses a non-reentrant model


 *************** function _usartInit *****************
 Defined at:
		line 34 in file "usart.c"
 Parameters:    Size  Location     Type
		None
 Auto vars:     Size  Location     Type
		None
 Return value:  Size  Location     Type
                  1    wreg      void 
 Registers used:
		wreg, status,2
 Tracked objects:
		On entry : 
		On exit  : 
		Unchanged: 
 Data sizes:     COMRAM   BANK0   BANK1   BANK2   BANK3   BANK4   BANK5
      Params:         0       0       0       0       0       0       0
      Locals:         0       0       0       0       0       0       0
      Temps:          0       0       0       0       0       0       0
      Totals:         0       0       0       0       0       0       0
Total ram usage:        0 bytes
 Hardware stack levels used:    1
 Hardware stack levels required when called:    4
 This function calls:
		Nothing
 This function is called by:
		_main
 This function uses a non-reentrant model


 *************** function _tim2Init *****************
 Defined at:
		line 34 in file "pwm.c"
 Parameters:    Size  Location     Type
  _pwmPeriod      2   17[COMRAM] unsigned int 
 Auto vars:     Size  Location     Type
		None
 Return value:  Size  Location     Type
                  1    wreg      void 
 Registers used:
		wreg, status,2
 Tracked objects:
		On entry : 
		On exit  : 
		Unchanged: 
 Data sizes:     COMRAM   BANK0   BANK1   BANK2   BANK3   BANK4   BANK5
      Params:         2       0       0       0       0       0       0
      Locals:         0       0       0       0       0       0       0
      Temps:          0       0       0       0       0       0       0
      Totals:         2       0       0       0       0       0       0
Total ram usage:        2 bytes
 Hardware stack levels used:    1
 Hardware stack levels required when called:    4
 This function calls:
		Nothing
 This function is called by:
		_main
 This function uses a non-reentrant model


 *************** function _tim0Init *****************
 Defined at:
		line 21 in file "pwm.c"
 Parameters:    Size  Location     Type
		None
 Auto vars:     Size  Location     Type
		None
 Return value:  Size  Location     Type
                  1    wreg      void 
 Registers used:
		wreg, status,2
 Tracked objects:
		On entry : 
		On exit  : 
		Unchanged: 
 Data sizes:     COMRAM   BANK0   BANK1   BANK2   BANK3   BANK4   BANK5
      Params:         0       0       0       0       0       0       0
      Locals:         0       0       0       0       0       0       0
      Temps:          0       0       0       0       0       0       0
      Totals:         0       0       0       0       0       0       0
Total ram usage:        0 bytes
 Hardware stack levels used:    1
 Hardware stack levels required when called:    4
 This function calls:
		Nothing
 This function is called by:
		_main
 This function uses a non-reentrant model


 *************** function _storeData *****************
 Defined at:
		line 131 in file "usart.c"
 Parameters:    Size  Location     Type
  data            1    wreg     unsigned char 
 Auto vars:     Size  Location     Type
  data            1   26[COMRAM] unsigned char 
 Return value:  Size  Location     Type
                  1    wreg      void 
 Registers used:
		wreg, fsr2l, fsr2h, status,2, status,0, prodl, prodh, cstack
 Tracked objects:
		On entry : 
		On exit  : 
		Unchanged: 
 Data sizes:     COMRAM   BANK0   BANK1   BANK2   BANK3   BANK4   BANK5
      Params:         0       0       0       0       0       0       0
      Locals:         1       0       0       0       0       0       0
      Temps:          2       0       0       0       0       0       0
      Totals:         3       0       0       0       0       0       0
Total ram usage:        3 bytes
 Hardware stack levels used:    1
 Hardware stack levels required when called:    6
 This function calls:
		_printError
 This function is called by:
		_main
 This function uses a non-reentrant model


 *************** function _printError *****************
 Defined at:
		line 53 in file "usart.c"
 Parameters:    Size  Location     Type
  errCode         1    wreg     unsigned char 
 Auto vars:     Size  Location     Type
  errCode         1   23[COMRAM] unsigned char 
 Return value:  Size  Location     Type
                  1    wreg      void 
 Registers used:
		wreg, fsr2l, fsr2h, status,2, status,0, cstack
 Tracked objects:
		On entry : 
		On exit  : 
		Unchanged: 
 Data sizes:     COMRAM   BANK0   BANK1   BANK2   BANK3   BANK4   BANK5
      Params:         0       0       0       0       0       0       0
      Locals:         1       0       0       0       0       0       0
      Temps:          2       0       0       0       0       0       0
      Totals:         3       0       0       0       0       0       0
Total ram usage:        3 bytes
 Hardware stack levels used:    1
 Hardware stack levels required when called:    5
 This function calls:
		_uartTx
 This function is called by:
		_main
		_storeData
 This function uses a non-reentrant model


 *************** function _uartTx *****************
 Defined at:
		line 221 in file "usart.c"
 Parameters:    Size  Location     Type
  ptr             2   17[COMRAM] PTR unsigned char 
		 -> errString_Command(23), errString_Fatal(38), errString_PointZ(52), errString_Bound(32), 
		 -> errString_Point(40), errString_Reset(39), errString_ZEND(40), errString_Feed(29), 
  length          1   19[COMRAM] unsigned char 
 Auto vars:     Size  Location     Type
  i               1   20[COMRAM] unsigned char 
 Return value:  Size  Location     Type
                  1    wreg      void 
 Registers used:
		wreg, fsr2l, fsr2h, status,2, status,0
 Tracked objects:
		On entry : 
		On exit  : 
		Unchanged: 
 Data sizes:     COMRAM   BANK0   BANK1   BANK2   BANK3   BANK4   BANK5
[...]
 This function calls:
		_resetStep
		_setDirection
		_stepMade
 This function is called by:
		_executeData
 This function uses a non-reentrant model


 *************** function _stepMade *****************
 Defined at:
		line 47 in file "pwm.c"
 Parameters:    Size  Location     Type
		None
 Auto vars:     Size  Location     Type
  temp            1   19[COMRAM] unsigned char 
 Return value:  Size  Location     Type
                  2   17[COMRAM] unsigned int 
 Registers used:
		wreg, status,2
 Tracked objects:
		On entry : 
		On exit  : 
		Unchanged: 
 Data sizes:     COMRAM   BANK0   BANK1   BANK2   BANK3   BANK4   BANK5
      Params:         2       0       0       0       0       0       0
      Locals:         1       0       0       0       0       0       0
      Temps:          0       0       0       0       0       0       0
      Totals:         3       0       0       0       0       0       0
Total ram usage:        3 bytes
 Hardware stack levels used:    1
 Hardware stack levels required when called:    4
 This function calls:
		Nothing
 This function is called by:
		_resetPosition
		_moveToPoint
		_touchObject
		_touchTherm
		_liftArm
		_rotateObj
		_pickObject
		_releaseObj
 This function uses a non-reentrant model


 *************** function _setDirection *****************
 Defined at:
		line 115 in file "motors.c"
 Parameters:    Size  Location     Type
  direction       1    wreg     unsigned char 
  motor           1   17[COMRAM] unsigned char 
 Auto vars:     Size  Location     Type
  direction       1   20[COMRAM] unsigned char 
 Return value:  Size  Location     Type
                  1    wreg      void 
 Registers used:
		wreg, status,2, status,0
 Tracked objects:
		On entry : 
		On exit  : 
		Unchanged: 
 Data sizes:     COMRAM   BANK0   BANK1   BANK2   BANK3   BANK4   BANK5
      Params:         1       0       0       0       0       0       0
      Locals:         1       0       0       0       0       0       0
      Temps:          2       0       0       0       0       0       0
      Totals:         4       0       0       0       0       0       0
Total ram usage:        4 bytes
 Hardware stack levels used:    1
 Hardware stack levels required when called:    4
 This function calls:
		Nothing
 This function is called by:
		_resetPosition
		_moveToPoint
		_touchObject
		_touchTherm
		_liftArm
 This function uses a non-reentrant model


 *************** function _resetStep *****************
 Defined at:
		line 65 in file "pwm.c"
 Parameters:    Size  Location     Type
		None
 Auto vars:     Size  Location     Type
		None
 Return value:  Size  Location     Type
                  1    wreg      void 
 Registers used:
		wreg, status,2
 Tracked objects:
		On entry : 
		On exit  : 
		Unchanged: 
 Data sizes:     COMRAM   BANK0   BANK1   BANK2   BANK3   BANK4   BANK5
      Params:         0       0       0       0       0       0       0
      Locals:         0       0       0       0       0       0       0
      Temps:          0       0       0       0       0       0       0
      Totals:         0       0       0       0       0       0       0
Total ram usage:        0 bytes
 Hardware stack levels used:    1
 Hardware stack levels required when called:    4
 This function calls:
		Nothing
 This function is called by:
		_resetPosition
		_moveToPoint
		_touchObject
		_touchTherm
		_liftArm
 This function uses a non-reentrant model


 *************** function _getData *****************
 Defined at:
		line 205 in file "usart.c"
 Parameters:    Size  Location     Type
		None
 Auto vars:     Size  Location     Type
		None
 Return value:  Size  Location     Type
                  2   17[COMRAM] PTR struct .
 Registers used:
		wreg, status,2, status,0
 Tracked objects:
		On entry : 
		On exit  : 
		Unchanged: 
 Data sizes:     COMRAM   BANK0   BANK1   BANK2   BANK3   BANK4   BANK5
      Params:         2       0       0       0       0       0       0
      Locals:         0       0       0       0       0       0       0
      Temps:          0       0       0       0       0       0       0
      Totals:         2       0       0       0       0       0       0
Total ram usage:        2 bytes
 Hardware stack levels used:    1
 Hardware stack levels required when called:    4
 This function calls:
		Nothing
 This function is called by:
		_executeData
 This function uses a non-reentrant model


 *************** function _clearTM0 *****************
 Defined at:
		line 28 in file "motors.c"
 Parameters:    Size  Location     Type
		None
 Auto vars:     Size  Location     Type
		None
 Return value:  Size  Location     Type
                  1    wreg      void 
 Registers used:
		wreg, status,2
 Tracked objects:
		On entry : 
		On exit  : 
		Unchanged: 
 Data sizes:     COMRAM   BANK0   BANK1   BANK2   BANK3   BANK4   BANK5
      Params:         0       0       0       0       0       0       0
      Locals:         0       0       0       0       0       0       0
      Temps:          0       0       0       0       0       0       0
      Totals:         0       0       0       0       0       0       0
Total ram usage:        0 bytes
 Hardware stack levels used:    1
 Hardware stack levels required when called:    4
 This function calls:
		Nothing
 This function is called by:
		_main
 This function uses a non-reentrant model


 *************** function _isr *****************
 Defined at:
		line 17 in file "interrupt.c"
 Parameters:    Size  Location     Type
		None
 Auto vars:     Size  Location     Type
  temp            1   16[COMRAM] unsigned char 
 Return value:  Size  Location     Type
                  1    wreg      void 
 Registers used:
		wreg, fsr2l, fsr2h, status,2, status,0, prodl, prodh, cstack
 Tracked objects:
		On entry : 
		On exit  : 
		Unchanged: 
 Data sizes:     COMRAM   BANK0   BANK1   BANK2   BANK3   BANK4   BANK5
      Params:         0       0       0       0       0       0       0
      Locals:         1       0       0       0       0       0       0
      Temps:          6       0       0       0       0       0       0
      Totals:         7       0       0       0       0       0       0
Total ram usage:        7 bytes
 Hardware stack levels used:    1
 Hardware stack levels required when called:    3
 This function calls:
		_increaseStep
		_retPeriod
		_setThermRel
		_setTouchRel
		_toggleStep
		_whatsTM0Limit
		_writeTM0
		i2_storeData
 This function is called by:
		Interrupt level 2
 This function uses a non-reentrant model


 *************** function i2_storeData *****************
 Defined at:
		line 131 in file "usart.c"
 Parameters:    Size  Location     Type
  data            1    wreg     unsigned char 
 Auto vars:     Size  Location     Type
  data            1    9[COMRAM] unsigned char 
 Return value:  Size  Location     Type
                  1    wreg      void 
 Registers used:
		wreg, fsr2l, fsr2h, status,2, status,0, prodl, prodh, cstack
 Tracked objects:
		On entry : 
		On exit  : 
		Unchanged: 
 Data sizes:     COMRAM   BANK0   BANK1   BANK2   BANK3   BANK4   BANK5
      Params:         0       0       0       0       0       0       0
      Locals:         1       0       0       0       0       0       0
      Temps:          2       0       0       0       0       0       0
      Totals:         3       0       0       0       0       0       0
Total ram usage:        3 bytes
 Hardware stack levels used:    1
 Hardware stack levels required when called:    2
 This function calls:
		i2_printError
 This function is called by:
		_isr
 This function uses a non-reentrant model


 *************** function i2_printError *****************
 Defined at:
		line 53 in file "usart.c"
 Parameters:    Size  Location     Type
  errCode         1    wreg     unsigned char 
 Auto vars:     Size  Location     Type
  errCode         1    6[COMRAM] unsigned char 
 Return value:  Size  Location     Type
                  1    wreg      void 
 Registers used:
		wreg, fsr2l, fsr2h, status,2, status,0, cstack
 Tracked objects:
		On entry : 
		On exit  : 
		Unchanged: 
 Data sizes:     COMRAM   BANK0   BANK1   BANK2   BANK3   BANK4   BANK5
      Params:         0       0       0       0       0       0       0
      Locals:         1       0       0       0       0       0       0
      Temps:          2       0       0       0       0       0       0
      Totals:         3       0       0       0       0       0       0
Total ram usage:        3 bytes
 Hardware stack levels used:    1
 Hardware stack levels required when called:    1
 This function calls:
		i2_uartTx
 This function is called by:
		i2_storeData
 This function uses a non-reentrant model


 *************** function i2_uartTx *****************
 Defined at:
		line 221 in file "usart.c"
 Parameters:    Size  Location     Type
  ptr             2    0[COMRAM] PTR unsigned char 
		 -> errString_Command(23), errString_Fatal(38), errString_PointZ(52), errString_Bound(32), 
		 -> errString_Point(40), errString_Reset(39), errString_ZEND(40), errString_Feed(29), 
  length          1    2[COMRAM] unsigned char 
 Auto vars:     Size  Location     Type
  i               1    3[COMRAM] unsigned char 
 Return value:  Size  Location     Type
                  1    wreg      void 
 Registers used:
		wreg, fsr2l, fsr2h, status,2, status,0
 Tracked objects:
		On entry : 
		On exit  : 
		Unchanged: 
 Data sizes:     COMRAM   BANK0   BANK1   BANK2   BANK3   BANK4   BANK5
      Params:         3       0       0       0       0       0       0
      Locals:         1       0       0       0       0       0       0
      Temps:          0       0       0       0       0       0       0
      Totals:         4       0       0       0       0       0       0
Total ram usage:        4 bytes
 Hardware stack levels used:    1
 This function calls:
		Nothing
 This function is called by:
		i2_printError
 This function uses a non-reentrant model


 *************** function _writeTM0 *****************
 Defined at:
		line 21 in file "motors.c"
 Parameters:    Size  Location     Type
		None
 Auto vars:     Size  Location     Type
		None
 Return value:  Size  Location     Type
                  1    wreg      void 
 Registers used:
		wreg, status,2
 Tracked objects:
		On entry : 
		On exit  : 
		Unchanged: 
 Data sizes:     COMRAM   BANK0   BANK1   BANK2   BANK3   BANK4   BANK5
      Params:         0       0       0       0       0       0       0
      Locals:         0       0       0       0       0       0       0
      Temps:          0       0       0       0       0       0       0
      Totals:         0       0       0       0       0       0       0
Total ram usage:        0 bytes
 Hardware stack levels used:    1
 This function calls:
		Nothing
 This function is called by:
		_isr
 This function uses a non-reentrant model


 *************** function _whatsTM0Limit *****************
 Defined at:
		line 35 in file "motors.c"
 Parameters:    Size  Location     Type
		None
 Auto vars:     Size  Location     Type
		None
 Return value:  Size  Location     Type
                  1    wreg      unsigned char 
 Registers used:
		wreg, status,2
 Tracked objects:
		On entry : 
		On exit  : 
		Unchanged: 
 Data sizes:     COMRAM   BANK0   BANK1   BANK2   BANK3   BANK4   BANK5
      Params:         0       0       0       0       0       0       0
      Locals:         0       0       0       0       0       0       0
      Temps:          0       0       0       0       0       0       0
      Totals:         0       0       0       0       0       0       0
Total ram usage:        0 bytes
 Hardware stack levels used:    1
 This function calls:
		Nothing
 This function is called by:
		_isr
 This function uses a non-reentrant model


 *************** function _toggleStep *****************
 Defined at:
		line 80 in file "pwm.c"
 Parameters:    Size  Location     Type
		None
 Auto vars:     Size  Location     Type
		None
 Return value:  Size  Location     Type
                  1    wreg      void 
 Registers used:
		wreg, status,2
 Tracked objects:
		On entry : 
		On exit  : 
		Unchanged: 
 Data sizes:     COMRAM   BANK0   BANK1   BANK2   BANK3   BANK4   BANK5
      Params:         0       0       0       0       0       0       0
      Locals:         0       0       0       0       0       0       0
      Temps:          0       0       0       0       0       0       0
      Totals:         0       0       0       0       0       0       0
Total ram usage:        0 bytes
 Hardware stack levels used:    1
 This function calls:
		Nothing
 This function is called by:
		_isr
 This function uses a non-reentrant model


 *************** function _setTouchRel *****************
 Defined at:
		line 86 in file "adc.c"
 Parameters:    Size  Location     Type
		None
 Auto vars:     Size  Location     Type
		None
 Return value:  Size  Location     Type
                  1    wreg      void 
 Registers used:
		wreg, status,2
 Tracked objects:
		On entry : 
		On exit  : 
		Unchanged: 
 Data sizes:     COMRAM   BANK0   BANK1   BANK2   BANK3   BANK4   BANK5
      Params:         0       0       0       0       0       0       0
      Locals:         0       0       0       0       0       0       0
      Temps:          0       0       0       0       0       0       0
      Totals:         0       0       0       0       0       0       0
Total ram usage:        0 bytes
 Hardware stack levels used:    1
 This function calls:
		Nothing
 This function is called by:
		_isr
 This function uses a non-reentrant model


 *************** function _setThermRel *****************
 Defined at:
		line 79 in file "adc.c"
 Parameters:    Size  Location     Type
		None
 Auto vars:     Size  Location     Type
		None
 Return value:  Size  Location     Type
                  1    wreg      void 
 Registers used:
		wreg, status,2
 Tracked objects:
		On entry : 
		On exit  : 
		Unchanged: 
 Data sizes:     COMRAM   BANK0   BANK1   BANK2   BANK3   BANK4   BANK5
      Params:         0       0       0       0       0       0       0
      Locals:         0       0       0       0       0       0       0
      Temps:          0       0       0       0       0       0       0
      Totals:         0       0       0       0       0       0       0
Total ram usage:        0 bytes
 Hardware stack levels used:    1
 This function calls:
		Nothing
 This function is called by:
		_isr
 This function uses a non-reentrant model


 *************** function _retPeriod *****************
 Defined at:
		line 88 in file "pwm.c"
 Parameters:    Size  Location     Type
		None
 Auto vars:     Size  Location     Type
		None
 Return value:  Size  Location     Type
                  2    0[COMRAM] unsigned int 
 Registers used:
		None
 Tracked objects:
		On entry : 
		On exit  : 
		Unchanged: 
 Data sizes:     COMRAM   BANK0   BANK1   BANK2   BANK3   BANK4   BANK5
      Params:         2       0       0       0       0       0       0
      Locals:         0       0       0       0       0       0       0
      Temps:          0       0       0       0       0       0       0
      Totals:         2       0       0       0       0       0       0
Total ram usage:        2 bytes
 Hardware stack levels used:    1
 This function calls:
		Nothing
 This function is called by:
		_isr
 This function uses a non-reentrant model


 *************** function _increaseStep *****************
 Defined at:
		line 72 in file "pwm.c"
 Parameters:    Size  Location     Type
		None
 Auto vars:     Size  Location     Type
		None
 Return value:  Size  Location     Type
                  1    wreg      void 
 Registers used:
		status,2, status,0
 Tracked objects:
		On entry : 
		On exit  : 
		Unchanged: 
 Data sizes:     COMRAM   BANK0   BANK1   BANK2   BANK3   BANK4   BANK5
      Params:         0       0       0       0       0       0       0
      Locals:         0       0       0       0       0       0       0
      Temps:          0       0       0       0       0       0       0
      Totals:         0       0       0       0       0       0       0
Total ram usage:        0 bytes
 Hardware stack levels used:    1
 This function calls:
		Nothing
 This function is called by:
		_isr
 This function uses a non-reentrant model



MODULE INFORMATION

Module		Function		Class		Link	Load	Size
D:\Programs\MPLABx\xc8\v2.20\pic\sources\c99\common\xxtofl.c
		___xxtofl      		CODE           	0F92	0000	505

D:\Programs\MPLABx\xc8\v2.20\pic\sources\c99\common\xxtofl.c estimated size: 505

motors.c
		_rotateObj     		CODE           	1DD8	0000	213
		_resetPosition 		CODE           	118A	0000	499
		_moveToPoint   		CODE           	0A42	0000	707
		_setDirection  		CODE           	219C	0000	117
		_pickObject    		CODE           	240E	0000	37
		_liftArm       		CODE           	1F7E	0000	177
		_setStep       		CODE           	1D02	0000	215
		_enableMotor   		CODE           	2128	0000	117
		_setDecay      		CODE           	20B4	0000	117
		_whatsTM0Limit 		CODE           	256C	0000	9
		_writeTM0      		CODE           	24B4	0000	15
		_releaseObj    		CODE           	23EA	0000	37
		_touchTherm    		CODE           	1B1E	0000	243
		_clearTM0      		CODE           	24A6	0000	15
		_initPinMotors 		CODE           	239E	0000	39
		_touchObject   		CODE           	1C10	0000	243

motors.c estimated size: 2800

usart.c
		_uartTx        		CODE           	22C8	0000	79
		_fatalError    		CODE           	255C	0000	9
		_newSequence   		CODE           	2554	0000	9
		_resetNewSequence		CODE           	24F4	0000	11
		_getData       		CODE           	2498	0000	15
		_usartInit     		CODE           	2432	0000	31
		_reduceSeq     		CODE           	2544	0000	9
		_getNewSequence		CODE           	248A	0000	15
		_printError    		CODE           	18E6	0000	285
		_storeData     		CODE           	14EC	0000	355
		_shiftData     		CODE           	2210	0000	97
		_readSeq       		CODE           	254C	0000	9

usart.c estimated size: 924

D:\Programs\MPLABx\xc8\v2.20\pic\sources\c99\common\fltol.c
		___fltol       		CODE           	17B0	0000	311

D:\Programs\MPLABx\xc8\v2.20\pic\sources\c99\common\fltol.c estimated size: 311

pwm.c
		_stepCounter   		CODE           	24E8	0000	13
		_tim0Init      		CODE           	2478	0000	19
		_retPeriod     		CODE           	24C2	0000	15
		_stepMade      		CODE           	2464	0000	21
		_tim2Init      		CODE           	2450	0000	21
		_resetStep     		CODE           	251C	0000	11
		_toggleStep    		CODE           	2526	0000	11
		_increaseStep  		CODE           	2574	0000	9

pwm.c estimated size: 120

adc.c
		_setTouchRel   		CODE           	2530	0000	11
		_resetTouch    		CODE           	2512	0000	11
		_resetTherm    		CODE           	24FE	0000	11
		_initADC       		CODE           	23C4	0000	39
		_setThermRel   		CODE           	253A	0000	11
		_returnTouch   		CODE           	24DC	0000	13
		_returnTherm   		CODE           	24D0	0000	13
		_startADC      		CODE           	2508	0000	11
		_stopADC       		CODE           	2564	0000	9

adc.c estimated size: 129

interrupt.c
		_isr           		CODE           	0008	0000	355

interrupt.c estimated size: 355

shared
		i2_printError  		CODE           	1A02	0000	285
		_touch_pressure		SMALLCONST     	0000	0000	0
		_feeder2Pos    		SMALLCONST     	060B	0000	3
		i2_uartTx      		CODE           	2316	0000	79
		rotateObj@stepAngle		SMALLCONST     	0000	0000	0
		i2_storeData   		CODE           	164E	0000	355
		_therm_pressure		SMALLCONST     	0000	0000	0
		__initialization		CODE           	202E	0000	121
		_feeder1Pos    		SMALLCONST     	060D	0000	3
		_feeder3Pos    		SMALLCONST     	0609	0000	3

shared estimated size: 849

D:\Programs\MPLABx\xc8\v2.20\pic\sources\c99\common\sprcdiv.c
		___fldiv       		CODE           	0610	0000	1075

D:\Programs\MPLABx\xc8\v2.20\pic\sources\c99\common\sprcdiv.c estimated size: 1075

main.c
		_executeData   		CODE           	0D04	0000	655
		_main          		CODE           	137C	0000	369
		_interruptInit 		CODE           	2364	0000	59

main.c estimated size: 1083

